Started by user anonymous
[IOV-0000] $ /bin/sh -xe /tmp/hudson3676417170693838929.sh
+ expect /srv/start.exp IOV 0000 1 1
spawn ssh root@127.0.0.1
root@127.0.0.1's password: 
Welcome to Ubuntu 12.04.2 LTS (GNU/Linux 3.2.0-40-generic-pae i686)

 * Documentation:  https://help.ubuntu.com/

41 packages can be updated.
17 updates are security updates.

Last login: Wed Apr 24 14:42:57 2013 from chkao-system-product-name.local
root@chkao:~# spawn ssh root@127.0.0.1
root@127.0.0.1's password: 
Welcome to Ubuntu 12.04.2 LTS (GNU/Linux 3.2.0-40-generic-pae i686)

 * Documentation:  https://help.ubuntu.com/

41 packages can be updated.
17 updates are security updates.

Last login: Wed Apr 24 14:46:08 2013 from localhost
root@chkao:~# spawn ssh root@127.0.0.1
root@127.0.0.1's password: 
Welcome to Ubuntu 12.04.2 LTS (GNU/Linux 3.2.0-40-generic-pae i686)

 * Documentation:  https://help.ubuntu.com/

41 packages can be updated.
17 updates are security updates.

Last login: Wed Apr 24 14:46:09 2013 from localhost
root@chkao:~# spawn ssh root@127.0.0.1
root@127.0.0.1's password: 
Welcome to Ubuntu 12.04.2 LTS (GNU/Linux 3.2.0-40-generic-pae i686)

 * Documentation:  https://help.ubuntu.com/

41 packages can be updated.
17 updates are security updates.

Last login: Wed Apr 24 14:46:10 2013 from localhost
root@chkao:~# spawn ssh root@127.0.0.1
root@127.0.0.1's password: 
Welcome to Ubuntu 12.04.2 LTS (GNU/Linux 3.2.0-40-generic-pae i686)

 * Documentation:  https://help.ubuntu.com/

41 packages can be updated.
17 updates are security updates.

Last login: Wed Apr 24 14:46:10 2013 from localhost
root@chkao:~# spawn ssh root@127.0.0.1
root@127.0.0.1's password: 
Welcome to Ubuntu 12.04.2 LTS (GNU/Linux 3.2.0-40-generic-pae i686)

 * Documentation:  https://help.ubuntu.com/

41 packages can be updated.
17 updates are security updates.

Last login: Wed Apr 24 14:46:11 2013 from localhost
root@chkao:~# spawn ssh root@127.0.0.1
root@127.0.0.1's password: 
Welcome to Ubuntu 12.04.2 LTS (GNU/Linux 3.2.0-40-generic-pae i686)

 * Documentation:  https://help.ubuntu.com/

41 packages can be updated.
17 updates are security updates.

Last login: Wed Apr 24 14:46:12 2013 from localhost
root@chkao:~# spawn ssh root@127.0.0.1
root@127.0.0.1's password: 
Welcome to Ubuntu 12.04.2 LTS (GNU/Linux 3.2.0-40-generic-pae i686)

 * Documentation:  https://help.ubuntu.com/

41 packages can be updated.
17 updates are security updates.

Last login: Wed Apr 24 14:46:13 2013 from localhost
root@chkao:~# spawn ssh root@127.0.0.1
root@127.0.0.1's password: 
Welcome to Ubuntu 12.04.2 LTS (GNU/Linux 3.2.0-40-generic-pae i686)

 * Documentation:  https://help.ubuntu.com/

41 packages can be updated.
17 updates are security updates.

Last login: Wed Apr 24 14:46:13 2013 from localhost
root@chkao:~# spawn ssh root@127.0.0.1
root@127.0.0.1's password: 
Welcome to Ubuntu 12.04.2 LTS (GNU/Linux 3.2.0-40-generic-pae i686)

 * Documentation:  https://help.ubuntu.com/

41 packages can be updated.
17 updates are security updates.

Last login: Wed Apr 24 14:46:14 2013 from localhost
root@chkao:~# cd /home/chkao/hypervisor-01242013/linaro+libvirt
root@chkao:/home/chkao/hypervisor-01242013/linaro+libvirt# ./start.sh
pulseaudio: pa_context_connect() failed
pulseaudio: Reason: Connection refused
pulseaudio: Failed to initialize PA contextaudio: Could not init `pa' audio driver
ALSA lib pcm_dmix.c:1018:(snd_pcm_dmix_open) unable to open slave
alsa: Could not initialize DAC
alsa: Failed to open `default':
alsa: Reason: No such file or directory
ALSA lib pcm_dmix.c:1018:(snd_pcm_dmix_open) unable to open slave
alsa: Could not initialize DAC
alsa: Failed to open `default':
alsa: Reason: No such file or directory
audio: Failed to create voice `lm4549.out'
Uncompressing Linux... done, booting the kernel.
[    0.000000] Linux version 2.6.38.7 (alexey@66-A00327-01) (gcc version 4.4.1 (Sourcery G++ Lite 2010q1-202) ) #2 Mon Jan 14 17:42:29 CST 2013
[    0.000000] CPU: ARMv7 Processor [410fc090] revision 0 (ARMv7), cr=10c53c7f
[    0.000000] CPU: VIPT nonaliasing data cache, VIPT aliasing instruction cache
[    0.000000] Machine: ARM-Versatile Express
[    0.000000] Memory policy: ECC disabled, Data cache writeback
[    0.000000] sched_clock: 32 bits at 24MHz, resolution 41ns, wraps every 178956ms
[    0.000000] Built 1 zonelists in Zone order, mobility grouping on.  Total pages: 260096
[    0.000000] Kernel command line: root=/dev/mmcblk0p2 rw mem=1024M raid=noautodetect console=ttyAMA0,38400n8 rootwait vmalloc=256MB devtmpfs.mount=0
[    0.000000] PID hash table entries: 4096 (order: 2, 16384 bytes)
[    0.000000] Dentry cache hash table entries: 131072 (order: 7, 524288 bytes)
[    0.000000] Inode-cache hash table entries: 65536 (order: 6, 262144 bytes)
[    0.000000] Memory: 1024MB = 1024MB total
[    0.000000] Memory: 902884k/902884k available, 145692k reserved, 393216K highmem
[    0.000000] Virtual kernel memory layout:
[    0.000000]     vector  : 0xffff0000 - 0xffff1000   (   4 kB)
[    0.000000]     fixmap  : 0xfff00000 - 0xfffe0000   ( 896 kB)
[    0.000000]     DMA     : 0xffc00000 - 0xffe00000   (   2 MB)
[    0.000000]     vmalloc : 0xe8800000 - 0xf8000000   ( 248 MB)
[    0.000000]     lowmem  : 0xc0000000 - 0xe8000000   ( 640 MB)
[    0.000000]     pkmap   : 0xbfe00000 - 0xc0000000   (   2 MB)
[    0.000000]     modules : 0xbf000000 - 0xbfe00000   (  14 MB)
[    0.000000]       .init : 0xc0008000 - 0xc002e000   ( 152 kB)
[    0.000000]       .text : 0xc002e000 - 0xc0526ddc   (5092 kB)
[    0.000000]       .data : 0xc0528000 - 0xc054d180   ( 149 kB)
[    0.000000] SLUB: Genslabs=13, HWalign=32, Order=0-3, MinObjects=0, CPUs=1, Nodes=1
[    0.000000] NR_IRQS:128
[    0.000000] Console: colour dummy device 80x30
[    0.128701] Calibrating delay loop... 663.55 BogoMIPS (lpj=3317760)
[    0.367271] pid_max: default: 32768 minimum: 301
[    0.367765] Security Framework initialized
[    0.368996] AppArmor: AppArmor initialized
[    0.369258] Mount-cache hash table entries: 512
[    0.374416] CPU: Testing write buffer coherency: ok
[    0.379075] hw perfevents: enabled with ARMv7 Cortex-A9 PMU driver, 1 counters available
[    0.382690] devtmpfs: initialized
[    0.392590] NET: Registered protocol family 16
[    0.406051] hw-breakpoint: debug architecture 0x0 unsupported.
[    0.406182] Serial: AMBA PL011 UART driver
[    0.407736] mb:uart0: ttyAMA0 at MMIO 0x10009000 (irq = 37) is a PL011 rev1
[    0.423797] console [ttyAMA0] enabled
[    0.426913] mb:uart1: ttyAMA1 at MMIO 0x1000a000 (irq = 38) is a PL011 rev1
[    0.428342] mb:uart2: ttyAMA2 at MMIO 0x1000b000 (irq = 39) is a PL011 rev1
[    0.429873] mb:uart3: ttyAMA3 at MMIO 0x1000c000 (irq = 40) is a PL011 rev1
[    0.471558] bio: create slab <bio-0> at 0
[    0.476412] SCSI subsystem initialized
[    0.479258] usbcore: registered new interface driver usbfs
[    0.480888] usbcore: registered new interface driver hub
[    0.482155] usbcore: registered new device driver usb
[    0.486688] Advanced Linux Sound Architecture Driver Version 1.0.23.
[    0.492281] NetLabel: Initializing
[    0.492659] NetLabel:  domain hash size = 128
[    0.493097] NetLabel:  protocols = UNLABELED CIPSOv4
[    0.494268] NetLabel:  unlabeled traffic allowed by default
[    0.496827] DMA-API: preallocated 4096 debug entries
[    0.497425] DMA-API: debugging enabled by kernel config
[    0.498008] Switching to clocksource timer3
[    0.499392] AppArmor: AppArmor Filesystem Enabled
[    0.549218] NET: Registered protocol family 2
[    0.550614] IP route cache hash table entries: 32768 (order: 5, 131072 bytes)
[    0.553503] TCP established hash table entries: 131072 (order: 8, 1048576 bytes)
[    0.558500] TCP bind hash table entries: 65536 (order: 6, 262144 bytes)
[    0.563312] TCP: Hash tables configured (established 131072 bind 65536)
[    0.564108] TCP reno registered
[    0.564502] UDP hash table entries: 512 (order: 1, 8192 bytes)
[    0.565068] UDP-Lite hash table entries: 512 (order: 1, 8192 bytes)
[    0.566514] NET: Registered protocol family 1
[    0.568309] RPC: Registered udp transport module.
[    0.568754] RPC: Registered tcp transport module.
[    0.569219] RPC: Registered tcp NFSv4.1 backchannel transport module.
[    0.572387] Trying to unpack rootfs image as initramfs...
[    0.925464] Freeing initrd memory: 2624K
[    0.927338] PMU: registered new PMU device of type 0
[    0.928379] [KVM] kvm_eventfd: irqfd_module_init
[    0.931145] audit: initializing netlink socket (disabled)
[    0.932163] type=2000 audit(0.790:1): initialized
[    0.935898] highmem bounce pool size: 64 pages
[    0.972459] Installing knfsd (copyright (C) 1996 okir@monad.swb.de).
[    0.974070] JFFS2 version 2.2. (NAND) Â© 2001-2006 Red Hat, Inc.
[    0.977864] JFS: nTxBlock = 7074, nTxLock = 56594
[    0.986776] Btrfs loaded
[    0.987459] msgmni has been set to 1000
[    0.991071] Block layer SCSI generic (bsg) driver version 0.4 loaded (major 253)
[    0.991935] io scheduler noop registered
[    0.992339] io scheduler deadline registered (default)
[    0.994305] clcd-pl11x ct:clcd: PL111 rev2 at 0x10020000
[    0.998125] clcd-pl11x ct:clcd: CT-CA9X4 hardware, XVGA display
[    1.001748] v2m_cfg_write: writing 03c8eee0 to 00110001
[    1.027534] v2m_cfg_write: writing 00000000 to 00710000
[    1.027557] v2m_cfg_write: writing 00000002 to 00b10000
[    1.044129] Console: switching to colour frame buffer device 128x48
[    1.098329] brd: module loaded
[    1.106216] armflash-0: Found 1 x32 devices at 0x0 in 32-bit bank. Manufacturer ID 0x000000 Chip ID 0x000000
[    1.107617] Intel/Sharp Extended Query Table at 0x0031
[    1.108321] Using buffer write method
[    1.111419] armflash-1: Found 1 x32 devices at 0x0 in 32-bit bank. Manufacturer ID 0x000000 Chip ID 0x000000
[    1.111589] Intel/Sharp Extended Query Table at 0x0031
[    1.112138] Using buffer write method
[    1.112296] Concatenating MTD devices:
[    1.112375] (0): "armflash-0"
[    1.112430] (1): "armflash-1"
[    1.112484] into device "armflash"
 modprobe: FATAL: Could not load /lib/modules/2.6.38.7/modules.dep: No such file or directory

[    1.168496] RedBoot partition parsing not available
 modprobe: FATAL: Could not load /lib/modules/2.6.38.7/modules.dep: No such file or directory

[    1.203940] afs partition parsing not available
[    1.205106] PPP generic driver version 2.4.2
[    1.206717] tun: Universal TUN/TAP device driver, 1.6
[    1.207390] tun: (C) 1999-2004 Max Krasnyansky <maxk@qualcomm.com>
[    1.209434] smsc911x: Driver version 2008-10-21.
[    1.229896] smsc911x-mdio: probed
[    1.230644] eth0: attached PHY driver [Generic PHY] (mii_bus:phy_addr=ffffffff:01, irq=-1)
[    1.232239] net eth0: MAC Address: 52:54:00:12:34:56
[    1.233051] usbmon: debugfs is not available
[    1.234086] isp1760 isp1760: NXP ISP1760 USB Host Controller
[    1.234640] isp1760 isp1760: new USB bus registered, assigned bus number 1
[    1.235505] isp1760 isp1760: Scratch test failed.
[    1.235891] isp1760 isp1760: can't setup
[    1.236335] isp1760 isp1760: USB bus 1 deregistered
[    1.236830] isp1760: Failed to register the HCD device
[    1.242227] mousedev: PS/2 mouse device common for all mice
[    1.247297] rtc-pl031 mb:rtc: rtc core: registered pl031 as rtc0
[    1.250014] device-mapper: uevent: version 1.0.3
[    1.252227] device-mapper: ioctl: 4.19.1-ioctl (2011-01-07) initialised: dm-devel@redhat.com
[    1.253423] device-mapper: multipath: version 1.2.0 loaded
[    1.253951] device-mapper: multipath round-robin: version 1.0.0 loaded
[    1.256718] mmci-pl18x mb:mmci: mmc0: PL181 manf 41 rev0 at 0x10005000 irq 41,42 (pio)
ALSA lib pcm_dmix.c:1018:(snd_pcm_dmix_open) unable to open slave
alsa: Could not initialize DAC
alsa: Failed to open `default':
alsa: Reason: No such file or directory
ALSA lib pcm_dmix.c:1018:(snd_pcm_dmix_open) unable to open slave
alsa: Could not initialize DAC
alsa: Failed to open `default':
alsa: Reason: No such file or directory
audio: Failed to create voice `lm4549.out'
ALSA lib pcm_dmix.c:1018:(snd_pcm_dmix_open) unable to open slave
alsa: Could not initialize DAC
alsa: Failed to open `default':
alsa: Reason: No such file or directory
ALSA lib pcm_dmix.c:1018:(snd_pcm_dmix_open) unable to open slave
alsa: Could not initialize DAC
alsa: Failed to open `default':
alsa: Reason: No such file or directory
audio: Failed to create voice `lm4549.out'
ALSA lib pcm_dmix.c:1018:(snd_pcm_dmix_open) unable to open slave
alsa: Could not initialize DAC
alsa: Failed to open `default':
alsa: Reason: No such file or directory
ALSA lib pcm_dmix.c:1018:(snd_pcm_dmix_open) unable to open slave
alsa: Could not initialize DAC
alsa: Failed to open `default':
alsa: Reason: No such file or directory
audio: Failed to create voice `lm4549.out'
ALSA lib pcm_dmix.c:1018:(snd_pcm_dmix_open) unable to open slave
alsa: Could not initialize DAC
alsa: Failed to open `default':
alsa: Reason: No such file or directory
ALSA lib pcm_dmix.c:1018:(snd_pcm_dmix_open) unable to open slave
alsa: Could not initialize DAC
alsa: Failed to open `default':
alsa: Reason: No such file or directory
audio: Failed to create voice `lm4549.out'
ALSA lib pcm_dmix.c:1018:(snd_pcm_dmix_open) unable to open slave
alsa: Could not initialize DAC
alsa: Failed to open `default':
alsa: Reason: No such file or directory
ALSA lib pcm_dmix.c:1018:(snd_pcm_dmix_open) unable to open slave
alsa: Could not initialize DAC
alsa: Failed to open `default':
alsa: Reason: No such file or directory
audio: Failed to create voice `lm4549.out'
ALSA lib pcm_dmix.c:1018:(snd_pcm_dmix_open) unable to open slave
alsa: Could not initialize DAC
alsa: Failed to open `default':
alsa: Reason: No such file or directory
ALSA lib pcm_dmix.c:1018:(snd_pcm_dmix_open) unable to open slave
alsa: Could not initialize DAC
alsa: Failed to open `default':
alsa: Reason: No such file or directory
audio: Failed to create voice `lm4549.out'
ALSA lib pcm_dmix.c:1018:(snd_pcm_dmix_open) unable to open slave
alsa: Could not initialize DAC
alsa: Failed to open `default':
alsa: Reason: No such file or directory
ALSA lib pcm_dmix.c:1018:(snd_pcm_dmix_open) unable to open slave
alsa: Could not initialize DAC
alsa: Failed to open `default':
alsa: audio: Failed to create voice `lm4549.out'
ALSA lib pcm_dmix.c:1018:(snd_pcm_dmix_open) unable to open slave
alsa: Could not initialize DAC
alsa: Failed to open `default':
alsa: Reason: No such file or directory
ALSA lib pcm_dmix.c:1018:(snd_pcm_dmix_open) unable to open slave
alsa: Could not initialize DAC
alsa: Failed to open `default':
alsa: Reason: No such file or directory
audio: Failed to create voice `lm4549.out'
ALSA lib pcm_dmix.c:1018:(snd_pcm_dmix_open) unable to open slave
alsa: Could not initialize DAC
alsa: Failed to open `default':
alsa: Reason: No such file or directory
ALSA lib pcm_dmix.c:1018:(snd_pcm_dmix_open) unable to open slave
alsa: Could not initialize DAC
alsa: Failed to open `default':
alsa: Reason: No such file or directory
audio: Failed to create voice `lm4549.out'
[    1.299715] aaci-pl041 mb:aaci: ARM AC'97 Interface PL041 rev0 at 0x10004000, irq 43
[    1.300473] aaci-pl041 mb:aaci: FIFO 512 entries
[    1.307801] ALSA device list:
[    1.308207]   #0: ARM AC'97 Interface PL041 rev0 at 0x10004000, irq 43
[    1.311785] mmc0: host does not support reading read-only switch. assuming write-enable.
[    1.312718] mmc0: new SDHC card at address 4567
[    1.314072] nf_conntrack version 0.5.0 (14148 buckets, 56592 max)
[    1.319110] ip_tables: (C) 2000-2006 Netfilter Core Team
[    1.321015] arp_tables: (C) 2002 David S. Miller
[    1.321684] TCP cubic registered
[    1.321994] NET: Registered protocol family 17
[    1.322707] Bridge firewalling registered
[    1.323146] Ebtables v2.0 registered
[    1.323959] VFP support v0.3: implementor 41 architecture 3 part 30 variant 9 rev 0
[    1.338541] mmcblk0: mmc0:4567 QEMU! 3.00 GiB 
[    1.359738] input: AT Raw Set 2 keyboard as /devices/mb:kmi0/serio0/input/input0
[    1.363686]  mmcblk0: p1 p2
[    1.376651] rtc-pl031 mb:rtc: setting system clock to 2013-04-24 06:46:17 UTC (1366785977)
 [    1.381094] Freeing init memory: 152K
[    1.575327] input: ImExPS/2 Generic Explorer Mouse as /devices/mb:kmi1/serio1/input/input1
Loading, please wait...
[    1.994279] udev[521]: starting version 167
Begin: Loading essential drivers ... done.
Begin: Running /scripts/init-premount ... done.
Begin: Mounting root file system ... Begin: Running /scripts/local-top ... done.
Begin: Running /scripts/local-premount ... done.
FATAL: Could not load /lib/modules/2.6.38.7/modules.dep: No such file or directory
[    4.682552] EXT4-fs (mmcblk0p2): warning: maximal mount count reached, running e2fsck is recommended
[    4.686793] EXT4-fs (mmcblk0p2): recovery complete
[    4.690925] EXT4-fs (mmcblk0p2): mounted filesystem with ordered data mode. Opts: (null)
Begin: Running /scripts/local-bottom ... done.
done.
Begin: Running /scripts/init-bottom ... done.
 [   12.728607] udev[663]: starting version 167
[   16.038941] net eth0: SMSC911x/921x identified at 0xe8cc0000, IRQ: 47
modprobe: FATAL: Could not load /lib/modules/2.6.38.7/modules.dep: No such file or directory

init: ureadahead main process (597) terminated with status 5
[   18.983258] device: 'vcs4': device_add
[   18.983652] PM: Adding info for No Bus:vcs4
[   18.983827] device: 'vcsa4': device_add
[   18.984021] PM: Adding info for No Bus:vcsa4
[   19.019781] device: 'vcs5': device_add
[   19.021875] PM: Adding info for No Bus:vcs5
[   19.023116] device: 'vcsa5': device_add
[   19.023347] PM: Adding info for No Bus:vcsa5
[   19.143699] device: 'vcs2': device_add
[   19.144009] PM: Adding info for No Bus:vcs2
[   19.144139] device: 'vcsa2': device_add
[   19.144366] PM: Adding info for No Bus:vcsa2
[   19.205470] device: 'vcs3': device_add
[   19.205927] PM: Adding info for No Bus:vcs3
[   19.206047] device: 'vcsa3': device_add
[   19.206261] PM: Adding info for No Bus:vcsa3

[   19.324591] device: 'vcs6': device_add
[   19.324882] PM: Adding info for No Bus:vcs6
[   19.325001] device: 'vcsa6': device_add
[   19.325213] PM: Adding info for No Bus:vcsa6
[   19.387743] device: 'virbr0': device_add
[   19.388577] PM: Adding info for No Bus:virbr0
FATAL: Could not load /lib/modules/2.6.38.7/modules.dep: No such file or directory
Last login: Wed Apr 24 13:57:10 CST 2013 from 192.168.101.1 on pts/4
 * Exporting directories for NFS kernel daemon...       [80G Welcome to Ubuntu Natty (development branch) (GNU/Linux 2.6.38.7 armv7l)

 * Documentation:  http://www.linaro.org
[74G[ OK ]
 * Starting NFS kernel daemon       [80G [74G[ OK ]
root@linaro:~# linaro start up!
ssh root@192.168.101.2
root@192.168.101.2's password: 
Welcome to Ubuntu Natty (development branch) (GNU/Linux 2.6.38.7 armv7l)

 * Documentation:  http://www.linaro.org
Last login: Wed Apr 24 14:46:42 2013
root@linaro:~# scp root@192.168.101.1:~/file_transfer.sh . 
root@192.168.101.1's password: 
file_transfer.sh                                0%    0     0.0KB/s   --:-- ETAfile_transfer.sh                              100% 3560     3.5KB/s   00:00    
root@linaro:~# scp root@192.168.101.1:~/memTest . 
root@192.168.101.1's password: 
memTest                                         0%    0     0.0KB/s   --:-- ETAmemTest                                       100% 5697     5.6KB/s   00:00    
root@linaro:~# scp -r root@192.168.101.1:~/Config/0000/* /root/kvm/ 
root@192.168.101.1's password: 
0000                                          100%    0     0.0KB/s   00:00    
start1.sh                                       0%    0     0.0KB/s   --:-- ETAstart1.sh                                     100%  649     0.6KB/s   00:00    
start3.sh                                       0%    0     0.0KB/s   --:-- ETAstart3.sh                                     100%  650     0.6KB/s   00:00    
start4.sh                                       0%    0     0.0KB/s   --:-- ETAstart4.sh                                     100%  650     0.6KB/s   00:00    
root@linaro:~# cd /root/kvm
root@linaro:~/kvm# insmod /root/kvm/kvm.ko
root@linaro:~/kvm# chmod +x start1.sh
root@linaro:~/kvm# ./start1.sh
  *** TAP MAC 22:54:00:12:34:01
   ***  idstr ram
   ***  idstr cpu
   ***  idstr sharedpage
   ***  idstr vectors
map addr 0x4d3d3c
   ***  idstr virtio-net
   ***  idstr virtio-console
Warning: more nics requested than this machine supports; some have been ignored
Linux version 2.6.35 (alexey@66-A00327-01) (gcc version 4.4.1 (Sourcery G++ Lite 2010q1-202) ) #3 Thu Jan 10 10:29:34 CST 2013
CPU: ARMv6-compatible processor [0007b000] revision 0 (ARMv6TEJ), cr=00000000
CPU: VIPT nonaliasing data cache, VIPT nonaliasing instruction cache
Machine: KVM-ARM guest OS (realview EB target)
Memory policy: ECC disabled, Data cache writeback
Built 1 zonelists in Zone order, mobility grouping on.  Total pages: 16256
Kernel command line: root=/dev/nfs rw  nfsroot=192.168.20.1:/root/rootfs/debian,hard ip=192.168.20.2::192.168.20.1:255.255.255.0:vm1:eth0:off clocksource=pit console=hvc0
PID hash table entries: 256 (order: -2, 1024 bytes)
Dentry cache hash table entries: 8192 (order: 3, 32768 bytes)
Inode-cache hash table entries: 4096 (order: 2, 16384 bytes)
Memory: 64MB = 64MB total
Memory: 60164k/60164k available, 5372k reserved, 0K highmem
Virtual kernel memory layout:
    vector  : 0xffff0000 - 0xffff1000   (   4 kB)
    fixmap  : 0xfff00000 - 0xfffe0000   ( 896 kB)
    DMA     : 0xffc00000 - 0xffe00000   (   2 MB)
    vmalloc : 0xc4800000 - 0xf8000000   ( 824 MB)
    lowmem  : 0xc0000000 - 0xc4000000   (  64 MB)
    modules : 0xbf000000 - 0xc0000000   (  16 MB)
      .init : 0xc0008000 - 0xc001f000   (  92 kB)
      .text : 0xc001f000 - 0xc026a000   (2348 kB)
      .data : 0xc027e000 - 0xc0296fe0   ( 100 kB)
Hierarchical RCU implementation.
	RCU-based detection of stalled CPUs is disabled.
	Verbose stalled-CPUs detection is disabled.
NR_IRQS:228
Console: colour dummy device 80x30
console [hvc0] enabled
Calibrating delay loop... 650.44 BogoMIPS (lpj=3252224)
pid_max: default: 32768 minimum: 301
Mount-cache hash table entries: 512
CPU: Testing write buffer coherency: ok
NET: Registered protocol family 16
bio: create slab <bio-0> at 0
NET: Registered protocol family 2
IP route cache hash table entries: 1024 (order: 0, 4096 bytes)
TCP established hash table entries: 2048 (order: 2, 16384 bytes)
TCP bind hash table entries: 2048 (order: 1, 8192 bytes)
TCP: Hash tables configured (established 2048 bind 2048)
TCP reno registered
UDP hash table entries: 256 (order: 0, 4096 bytes)
UDP-Lite hash table entries: 256 (order: 0, 4096 bytes)
NET: Registered protocol family 1
RPC: Registered udp transport module.
RPC: Registered tcp transport module.
RPC: Registered tcp NFSv4.1 backchannel transport module.
msgmni has been set to 117
io scheduler noop registered
io scheduler deadline registered (default)
virtio-mmio virtio-mmio.2: Wrong magic value 0x00000000!
TCP cubic registered
NET: Registered protocol family 17
IP-Config: Complete:
     device=eth0, addr=192.168.20.2, mask=255.255.255.0, gw=192.168.20.1,
     host=vm1, domain=, nis-domain=(none),
     bootserver=255.255.255.255, rootserver=192.168.20.1, rootpath=
Looking up port of RPC 100003/2 on 192.168.20.1
Looking up port of RPC 100005/1 on 192.168.20.1
VFS: Mounted root (nfs filesystem) on device 0:10.
Freeing init memory: 92K
modprobe: FATAL: Could not load /lib/modules/2.6.35/modules.dep: No such file or directory

INIT: version 2.88 booting
root@vm1:/# echo $HOSTNAME
vm1
root@vm1:/# /etc/init.d/ssh start
mount /dev/pts
Starting OpenBSD Secure Shell server: sshdmodprobe: FATAL: Could not load /lib/modules/2.6.35/modules.dep: No such file or directory

modprobe: FATAL: Could not load /lib/modules/2.6.35/modules.dep: No such file or directory

.
root@vm1:/# mount /dev/pts
ssh root@192.168.101.2
root@192.168.101.2's password: 
Welcome to Ubuntu Natty (development branch) (GNU/Linux 2.6.38.7 armv7l)

 * Documentation:  http://www.linaro.org
Last login: Wed Apr 24 14:46:53 2013 from 192.168.101.1
root@linaro:~# cd kvm
root@linaro:~/kvm# chmod +x start3.sh
root@linaro:~/kvm# ./start3.sh
  *** TAP MAC 22:54:00:12:34:01
   ***  idstr ram
   ***  idstr cpu
   ***  idstr sharedpage
   ***  idstr vectors
map addr 0x4d3d3c
   ***  idstr virtio-net
   ***  idstr virtio-console
Warning: more nics requested than this machine supports; some have been ignored
Linux version 2.6.35 (alexey@66-A00327-01) (gcc version 4.4.1 (Sourcery G++ Lite 2010q1-202) ) #3 Thu Jan 10 10:29:34 CST 2013
CPU: ARMv6-compatible processor [0007b000] revision 0 (ARMv6TEJ), cr=00000000
CPU: VIPT nonaliasing data cache, VIPT nonaliasing instruction cache
Machine: KVM-ARM guest OS (realview EB target)
Memory policy: ECC disabled, Data cache writeback
Built 1 zonelists in Zone order, mobility grouping on.  Total pages: 16256
Kernel command line: root=/dev/nfs rw  nfsroot=192.168.20.1:/root/rootfs/debian,hard ip=192.168.20.4::192.168.20.1:255.255.255.0:vm3:eth0:off clocksource=pit console=hvc0
PID hash table entries: 256 (order: -2, 1024 bytes)
Dentry cache hash table entries: 8192 (order: 3, 32768 bytes)
Inode-cache hash table entries: 4096 (order: 2, 16384 bytes)
Memory: 64MB = 64MB total
Memory: 60164k/60164k available, 5372k reserved, 0K highmem
Virtual kernel memory layout:
    vector  : 0xffff0000 - 0xffff1000   (   4 kB)
    fixmap  : 0xfff00000 - 0xfffe0000   ( 896 kB)
    DMA     : 0xffc00000 - 0xffe00000   (   2 MB)
    vmalloc : 0xc4800000 - 0xf8000000   ( 824 MB)
    lowmem  : 0xc0000000 - 0xc4000000   (  64 MB)
    modules : 0xbf000000 - 0xc0000000   (  16 MB)
      .init : 0xc0008000 - 0xc001f000   (  92 kB)
      .text : 0xc001f000 - 0xc026a000   (2348 kB)
      .data : 0xc027e000 - 0xc0296fe0   ( 100 kB)
Hierarchical RCU implementation.
	RCU-based detection of stalled CPUs is disabled.
	Verbose stalled-CPUs detection is disabled.
NR_IRQS:228
Console: colour dummy device 80x30
console [hvc0] enabled
Calibrating delay loop... 838.86 BogoMIPS (lpj=4194304)
pid_max: default: 32768 minimum: 301
Mount-cache hash table entries: 512
CPU: Testing write buffer coherency: ok
NET: Registered protocol family 16
bio: create slab <bio-0> at 0
NET: Registered protocol family 2
IP route cache hash table entries: 1024 (order: 0, 4096 bytes)
TCP established hash table entries: 2048 (order: 2, 16384 bytes)
TCP bind hash table entries: 2048 (order: 1, 8192 bytes)
TCP: Hash tables configured (established 2048 bind 2048)
TCP reno registered
UDP hash table entries: 256 (order: 0, 4096 bytes)
UDP-Lite hash table entries: 256 (order: 0, 4096 bytes)
NET: Registered protocol family 1
RPC: Registered udp transport module.
RPC: Registered tcp transport module.
RPC: Registered tcp NFSv4.1 backchannel transport module.
msgmni has been set to 117
io scheduler noop registered
io scheduler deadline registered (default)
virtio-mmio virtio-mmio.2: Wrong magic value 0x00000000!
TCP cubic registered
NET: Registered protocol family 17
IP-Config: Complete:
     device=eth0, addr=192.168.20.4, mask=255.255.255.0, gw=192.168.20.1,
     host=vm3, domain=, nis-domain=(none),
     bootserver=255.255.255.255, rootserver=192.168.20.1, rootpath=
Looking up port of RPC 100003/2 on 192.168.20.1
Looking up port of RPC 100005/1 on 192.168.20.1
VFS: Mounted root (nfs filesystem) on device 0:10.
Freeing init memory: 92K
modprobe: FATAL: Could not load /lib/modules/2.6.35/modules.dep: No such file or directory

INIT: version 2.88 booting
root@vm3:/# /etc/init.d/ssh start
nt /dev/pts
Starting OpenBSD Secure Shell server: sshdmodprobe: FATAL: Could not load /lib/modules/2.6.35/modules.dep: No such file or directory

modprobe: FATAL: Could not load /lib/modules/2.6.35/modules.dep: No such file or directory

.
root@vm3:/# mount /dev/pts
echo $HOSTNAME
root@vm3:/# echo $HOSTNAME
ssh root@192.168.101.2
root@192.168.101.2's password: 
Welcome to Ubuntu Natty (development branch) (GNU/Linux 2.6.38.7 armv7l)

 * Documentation:  http://www.linaro.org
Last login: Wed Apr 24 14:47:44 2013 from 192.168.101.1
root@linaro:~# chmod +x file_transfer.sh
root@linaro:~# ./file_transfer.sh 10 5 IOV 0000 1 
Loop	Elapsed time(seconds)	MD5 comparison result	Size comparison result
10+0 records in
10+0 records out
10485760 bytes (10 MB) copied, 2.14269 s, 4.9 MB/s
Copy random_file from Host to Guest VM1
random_file                                     0%    0     0.0KB/s   --:-- ETArandom_file                                    30% 3072KB   3.0MB/s   00:02 ETArandom_file                                    42% 4352KB   2.8MB/s   00:02 ETArandom_file                                    55% 5680KB   2.7MB/s   00:01 ETArandom_file                                    68% 7056KB   2.5MB/s   00:01 ETArandom_file                                    80% 8192KB   2.4MB/s   00:00 ETArandom_file                                    86% 8896KB   2.2MB/s   00:00 ETArandom_file                                    93% 9536KB   2.1MB/s   00:00 ETArandom_file                                   100%   10MB   1.4MB/s   00:07    
	15	Check md5 from Host and Guest VM1:
MD5 match	Check size from Host and Guest VM1:
Size match

1	Copy random_file from Guest VM1 to Guest VM2
23	Check md5 from Guest VM1 and Guest VM2:
MD5 match	Check size from Guest VM1 and Guest VM2:
Size match

Copy random_file from Guest VM2 to Guest VM1
	19	Check md5 from Guest VM1 and Guest VM2:
MD5 match	Check size from Guest VM1 and Guest VM2:
Size match

2	Copy random_file from Guest VM1 to Guest VM2
19	Check md5 from Guest VM1 and Guest VM2:
MD5 match	Check size from Guest VM1 and Guest VM2:
Size match

Copy random_file from Guest VM2 to Guest VM1
	20	Check md5 from Guest VM1 and Guest VM2:
MD5 match	Check size from Guest VM1 and Guest VM2:
Size match

3	Copy random_file from Guest VM1 to Guest VM2
19	Check md5 from Guest VM1 and Guest VM2:
MD5 match	Check size from Guest VM1 and Guest VM2:
Size match

Copy random_file from Guest VM2 to Guest VM1
	27	Check md5 from Guest VM1 and Guest VM2:
MD5 match	Check size from Guest VM1 and Guest VM2:
Size match

4	Copy random_file from Guest VM1 to Guest VM2
19	Check md5 from Guest VM1 and Guest VM2:
MD5 match	Check size from Guest VM1 and Guest VM2:
Size match

Copy random_file from Guest VM2 to Guest VM1
	22	Check md5 from Guest VM1 and Guest VM2:
MD5 match	Check size from Guest VM1 and Guest VM2:
Size match

5	Copy random_file from Guest VM1 to Guest VM2
19	Check md5 from Guest VM1 and Guest VM2:
MD5 match	Check size from Guest VM1 and Guest VM2:
Size match

Copy random_file from Guest VM2 to Guest VM1
	20	Check md5 from Guest VM1 and Guest VM2:
MD5 match	Check size from Guest VM1 and Guest VM2:
Size match

Start time:
20130424144807
End time:
20130424145436
ssh root@192.168.101.2
root@192.168.101.2's password: 
Welcome to Ubuntu Natty (development branch) (GNU/Linux 2.6.38.7 armv7l)

 * Documentation:  http://www.linaro.org
Last login: Wed Apr 24 14:48:06 2013 from 192.168.101.1
root@linaro:~# scp *.csv chkao@192.168.101.1:~/Report/
chkao@192.168.101.1's password: 
IOV-0000-1-20130423171347-20130423172708.csv    0%    0     0.0KB/s   --:-- ETAIOV-0000-1-20130423171347-20130423172708.csv  100%  352     0.3KB/s   00:00    
IOV-0000-1-20130424144807-20130424145436.csv    0%    0     0.0KB/s   --:-- ETAIOV-0000-1-20130424144807-20130424145436.csv  100%  352     0.3KB/s   00:00    
IOV-0000-2-20130423173053-20130423175559.csv    0%    0     0.0KB/s   --:-- ETAIOV-0000-2-20130423173053-20130423175559.csv  100%  352     0.3KB/s   00:00    
IOV-0000-3-20130423180055-20130423184731.csv    0%    0     0.0KB/s   --:-- ETAIOV-0000-3-20130423180055-20130423184731.csv  100%  370     0.4KB/s   00:00    
IOV-0000-4-20130423185038-20130423190309.csv    0%    0     0.0KB/s   --:-- ETAIOV-0000-4-20130423185038-20130423190309.csv  100%  351     0.3KB/s   00:00    
IOV-0000-5-20130423190720-20130423193618.csv    0%    0     0.0KB/s   --:-- ETAIOV-0000-5-20130423190720-20130423193618.csv  100%  353     0.3KB/s   00:00    
IOV-0010-1-20130424114159-20130424115249.csv    0%    0     0.0KB/s   --:-- ETAIOV-0010-1-20130424114159-20130424115249.csv  100%  553     0.5KB/s   00:00    
IOV-0010-2-20130424115637-20130424122033.csv    0%    0     0.0KB/s   --:-- ETAIOV-0010-2-20130424115637-20130424122033.csv  100%  352     0.3KB/s   00:00    
IOV-0010-3-20130424122527-20130424130055.csv    0%    0     0.0KB/s   --:-- ETAIOV-0010-3-20130424122527-20130424130055.csv  100%  352     0.3KB/s   00:00    
IOV-0010-4-20130424130846-20130424131937.csv    0%    0     0.0KB/s   --:-- ETAIOV-0010-4-20130424130846-20130424131937.csv  100%  352     0.3KB/s   00:00    
IOV-0010-5-20130424132831-20130424134815.csv    0%    0     0.0KB/s   --:-- ETAIOV-0010-5-20130424132831-20130424134815.csv  100%  352     0.3KB/s   00:00    
IOV-1000-1-20130424095726-20130424100945.csv    0%    0     0.0KB/s   --:-- ETAIOV-1000-1-20130424095726-20130424100945.csv  100%  636     0.6KB/s   00:00    
IOV-1000-2-20130424101331-20130424103351.csv    0%    0     0.0KB/s   --:-- ETAIOV-1000-2-20130424101331-20130424103351.csv  100%  352     0.3KB/s   00:00    
root@linaro:~# ssh root@192.168.101.2 'rm *.csv'
root@192.168.101.2's password: 
root@chkao:~# PROGRAM END
[IOV-0000] $ /bin/sh -xe /tmp/hudson2214392108669040845.sh
+ expect /srv/start.exp IOV 0000 2 1
spawn ssh root@127.0.0.1
root@127.0.0.1's password: 
Welcome to Ubuntu 12.04.2 LTS (GNU/Linux 3.2.0-40-generic-pae i686)

 * Documentation:  https://help.ubuntu.com/

41 packages can be updated.
17 updates are security updates.

Last login: Wed Apr 24 14:46:15 2013 from localhost
root@chkao:~# spawn ssh root@127.0.0.1
root@127.0.0.1's password: 
Welcome to Ubuntu 12.04.2 LTS (GNU/Linux 3.2.0-40-generic-pae i686)

 * Documentation:  https://help.ubuntu.com/

41 packages can be updated.
17 updates are security updates.

Last login: Wed Apr 24 14:55:06 2013 from localhost
root@chkao:~# spawn ssh root@127.0.0.1
root@127.0.0.1's password: 
Welcome to Ubuntu 12.04.2 LTS (GNU/Linux 3.2.0-40-generic-pae i686)

 * Documentation:  https://help.ubuntu.com/

41 packages can be updated.
17 updates are security updates.

Last login: Wed Apr 24 14:55:07 2013 from localhost
root@chkao:~# spawn ssh root@127.0.0.1
root@127.0.0.1's password: 
Welcome to Ubuntu 12.04.2 LTS (GNU/Linux 3.2.0-40-generic-pae i686)

 * Documentation:  https://help.ubuntu.com/

41 packages can be updated.
17 updates are security updates.

Last login: Wed Apr 24 14:55:07 2013 from localhost
root@chkao:~# spawn ssh root@127.0.0.1
root@127.0.0.1's password: 
Welcome to Ubuntu 12.04.2 LTS (GNU/Linux 3.2.0-40-generic-pae i686)

 * Documentation:  https://help.ubuntu.com/

41 packages can be updated.
17 updates are security updates.

Last login: Wed Apr 24 14:55:08 2013 from localhost
root@chkao:~# spawn ssh root@127.0.0.1
root@127.0.0.1's password: 
Welcome to Ubuntu 12.04.2 LTS (GNU/Linux 3.2.0-40-generic-pae i686)

 * Documentation:  https://help.ubuntu.com/

41 packages can be updated.
17 updates are security updates.

Last login: Wed Apr 24 14:55:09 2013 from localhost
root@chkao:~# spawn ssh root@127.0.0.1
root@127.0.0.1's password: 
Welcome to Ubuntu 12.04.2 LTS (GNU/Linux 3.2.0-40-generic-pae i686)

 * Documentation:  https://help.ubuntu.com/

41 packages can be updated.
17 updates are security updates.

Last login: Wed Apr 24 14:55:09 2013 from localhost
root@chkao:~# spawn ssh root@127.0.0.1
root@127.0.0.1's password: 
Welcome to Ubuntu 12.04.2 LTS (GNU/Linux 3.2.0-40-generic-pae i686)

 * Documentation:  https://help.ubuntu.com/

41 packages can be updated.
17 updates are security updates.

Last login: Wed Apr 24 14:55:10 2013 from localhost
root@chkao:~# spawn ssh root@127.0.0.1
root@127.0.0.1's password: 
Welcome to Ubuntu 12.04.2 LTS (GNU/Linux 3.2.0-40-generic-pae i686)

 * Documentation:  https://help.ubuntu.com/

41 packages can be updated.
17 updates are security updates.

Last login: Wed Apr 24 14:55:11 2013 from localhost
root@chkao:~# spawn ssh root@127.0.0.1
root@127.0.0.1's password: 
Welcome to Ubuntu 12.04.2 LTS (GNU/Linux 3.2.0-40-generic-pae i686)

 * Documentation:  https://help.ubuntu.com/

41 packages can be updated.
17 updates are security updates.

Last login: Wed Apr 24 14:55:12 2013 from localhost
root@chkao:~# cd /home/chkao/hypervisor-01242013/linaro+libvirt
root@chkao:/home/chkao/hypervisor-01242013/linaro+libvirt# ./start.sh
pulseaudio: pa_context_connect() failed
pulseaudio: Reason: Connection refused
pulseaudio: Failed to initialize PA contextaudio: Could not init `pa' audio driver
ALSA lib pcm_dmix.c:1018:(snd_pcm_dmix_open) unable to open slave
alsa: Could not initialize DAC
alsa: Failed to open `default':
alsa: Reason: No such file or directory
ALSA lib pcm_dmix.c:1018:(snd_pcm_dmix_open) unable to open slave
alsa: Could not initialize DAC
alsa: Failed to open `default':
alsa: Reason: No such file or directory
audio: Failed to create voice `lm4549.out'
Uncompressing Linux... done, booting the kernel.
[    0.000000] Linux version 2.6.38.7 (alexey@66-A00327-01) (gcc version 4.4.1 (Sourcery G++ Lite 2010q1-202) ) #2 Mon Jan 14 17:42:29 CST 2013
[    0.000000] CPU: ARMv7 Processor [410fc090] revision 0 (ARMv7), cr=10c53c7f
[    0.000000] CPU: VIPT nonaliasing data cache, VIPT aliasing instruction cache
[    0.000000] Machine: ARM-Versatile Express
[    0.000000] Memory policy: ECC disabled, Data cache writeback
[    0.000000] sched_clock: 32 bits at 24MHz, resolution 41ns, wraps every 178956ms
[    0.000000] Built 1 zonelists in Zone order, mobility grouping on.  Total pages: 260096
[    0.000000] Kernel command line: root=/dev/mmcblk0p2 rw mem=1024M raid=noautodetect console=ttyAMA0,38400n8 rootwait vmalloc=256MB devtmpfs.mount=0
[    0.000000] PID hash table entries: 4096 (order: 2, 16384 bytes)
[    0.000000] Dentry cache hash table entries: 131072 (order: 7, 524288 bytes)
[    0.000000] Inode-cache hash table entries: 65536 (order: 6, 262144 bytes)
[    0.000000] Memory: 1024MB = 1024MB total
[    0.000000] Memory: 902884k/902884k available, 145692k reserved, 393216K highmem
[    0.000000] Virtual kernel memory layout:
[    0.000000]     vector  : 0xffff0000 - 0xffff1000   (   4 kB)
[    0.000000]     fixmap  : 0xfff00000 - 0xfffe0000   ( 896 kB)
[    0.000000]     DMA     : 0xffc00000 - 0xffe00000   (   2 MB)
[    0.000000]     vmalloc : 0xe8800000 - 0xf8000000   ( 248 MB)
[    0.000000]     lowmem  : 0xc0000000 - 0xe8000000   ( 640 MB)
[    0.000000]     pkmap   : 0xbfe00000 - 0xc0000000   (   2 MB)
[    0.000000]     modules : 0xbf000000 - 0xbfe00000   (  14 MB)
[    0.000000]       .init : 0xc0008000 - 0xc002e000   ( 152 kB)
[    0.000000]       .text : 0xc002e000 - 0xc0526ddc   (5092 kB)
[    0.000000]       .data : 0xc0528000 - 0xc054d180   ( 149 kB)
[    0.000000] SLUB: Genslabs=13, HWalign=32, Order=0-3, MinObjects=0, CPUs=1, Nodes=1
[    0.000000] NR_IRQS:128
[    0.000000] Console: colour dummy device 80x30
[    0.127918] Calibrating delay loop... 653.72 BogoMIPS (lpj=3268608)
[    0.356294] pid_max: default: 32768 minimum: 301
[    0.356873] Security Framework initialized
[    0.358076] AppArmor: AppArmor initialized
[    0.358329] Mount-cache hash table entries: 512
[    0.363120] CPU: Testing write buffer coherency: ok
[    0.367591] hw perfevents: enabled with ARMv7 Cortex-A9 PMU driver, 1 counters available
[    0.371179] devtmpfs: initialized
[    0.380819] NET: Registered protocol family 16
[    0.394161] hw-breakpoint: debug architecture 0x0 unsupported.
[    0.394289] Serial: AMBA PL011 UART driver
[    0.395723] mb:uart0: ttyAMA0 at MMIO 0x10009000 (irq = 37) is a PL011 rev1
[    0.407034] console [ttyAMA0] enabled
[    0.410157] mb:uart1: ttyAMA1 at MMIO 0x1000a000 (irq = 38) is a PL011 rev1
[    0.411341] mb:uart2: ttyAMA2 at MMIO 0x1000b000 (irq = 39) is a PL011 rev1
[    0.412447] mb:uart3: ttyAMA3 at MMIO 0x1000c000 (irq = 40) is a PL011 rev1
[    0.456759] bio: create slab <bio-0> at 0
[    0.461319] SCSI subsystem initialized
[    0.463830] usbcore: registered new interface driver usbfs
[    0.465014] usbcore: registered new interface driver hub
[    0.465940] usbcore: registered new device driver usb
[    0.470397] Advanced Linux Sound Architecture Driver Version 1.0.23.
[    0.474919] NetLabel: Initializing
[    0.475141] NetLabel:  domain hash size = 128
[    0.475385] NetLabel:  protocols = UNLABELED CIPSOv4
[    0.476539] NetLabel:  unlabeled traffic allowed by default
[    0.478690] DMA-API: preallocated 4096 debug entries
[    0.479017] DMA-API: debugging enabled by kernel config
[    0.479484] Switching to clocksource timer3
[    0.480764] AppArmor: AppArmor Filesystem Enabled
[    0.533488] NET: Registered protocol family 2
[    0.534629] IP route cache hash table entries: 32768 (order: 5, 131072 bytes)
[    0.537304] TCP established hash table entries: 131072 (order: 8, 1048576 bytes)
[    0.541368] TCP bind hash table entries: 65536 (order: 6, 262144 bytes)
[    0.545718] TCP: Hash tables configured (established 131072 bind 65536)
[    0.546245] TCP reno registered
[    0.546621] UDP hash table entries: 512 (order: 1, 8192 bytes)
[    0.547183] UDP-Lite hash table entries: 512 (order: 1, 8192 bytes)
[    0.548515] NET: Registered protocol family 1
[    0.550121] RPC: Registered udp transport module.
[    0.550644] RPC: Registered tcp transport module.
[    0.550967] RPC: Registered tcp NFSv4.1 backchannel transport module.
[    0.553834] Trying to unpack rootfs image as initramfs...
[    0.886265] Freeing initrd memory: 2624K
[    0.887833] PMU: registered new PMU device of type 0
[    0.888673] [KVM] kvm_eventfd: irqfd_module_init
[    0.891250] audit: initializing netlink socket (disabled)
[    0.892248] type=2000 audit(0.740:1): initialized
[    0.895767] highmem bounce pool size: 64 pages
[    0.931522] Installing knfsd (copyright (C) 1996 okir@monad.swb.de).
[    0.932938] JFFS2 version 2.2. (NAND) Â© 2001-2006 Red Hat, Inc.
[    0.936591] JFS: nTxBlock = 7074, nTxLock = 56594
[    0.945399] Btrfs loaded
[    0.945895] msgmni has been set to 1000
[    0.949378] Block layer SCSI generic (bsg) driver version 0.4 loaded (major 253)
[    0.949956] io scheduler noop registered
[    0.950172] io scheduler deadline registered (default)
[    0.951747] clcd-pl11x ct:clcd: PL111 rev2 at 0x10020000
[    0.955046] clcd-pl11x ct:clcd: CT-CA9X4 hardware, XVGA display
[    0.958588] v2m_cfg_write: writing 03c8eee0 to 00110001
[    0.986694] v2m_cfg_write: writing 00000000 to 00710000
[    0.986718] v2m_cfg_write: writing 00000002 to 00b10000
[    1.000911] Console: switching to colour frame buffer device 128x48
[    1.053813] brd: module loaded
[    1.061724] armflash-0: Found 1 x32 devices at 0x0 in 32-bit bank. Manufacturer ID 0x000000 Chip ID 0x000000
[    1.062688] Intel/Sharp Extended Query Table at 0x0031
[    1.063587] Using buffer write method
[    1.066807] armflash-1: Found 1 x32 devices at 0x0 in 32-bit bank. Manufacturer ID 0x000000 Chip ID 0x000000
[    1.067401] Intel/Sharp Extended Query Table at 0x0031
[    1.068208] Using buffer write method
[    1.068573] Concatenating MTD devices:
[    1.068808] (0): "armflash-0"
[    1.069020] (1): "armflash-1"
[    1.069175] into device "armflash"
 modprobe: FATAL: Could not load /lib/modules/2.6.38.7/modules.dep: No such file or directory

[    1.122475] RedBoot partition parsing not available
 modprobe: FATAL: Could not load /lib/modules/2.6.38.7/modules.dep: No such file or directory

[    1.152670] afs partition parsing not available
[    1.153686] PPP generic driver version 2.4.2
[    1.155066] tun: Universal TUN/TAP device driver, 1.6
[    1.155449] tun: (C) 1999-2004 Max Krasnyansky <maxk@qualcomm.com>
[    1.157454] smsc911x: Driver version 2008-10-21.
[    1.185853] smsc911x-mdio: probed
[    1.186694] eth0: attached PHY driver [Generic PHY] (mii_bus:phy_addr=ffffffff:01, irq=-1)
[    1.187928] net eth0: MAC Address: 52:54:00:12:34:56
[    1.188667] usbmon: debugfs is not available
[    1.189603] isp1760 isp1760: NXP ISP1760 USB Host Controller
[    1.190101] isp1760 isp1760: new USB bus registered, assigned bus number 1
[    1.190785] isp1760 isp1760: Scratch test failed.
[    1.191064] isp1760 isp1760: can't setup
[    1.191430] isp1760 isp1760: USB bus 1 deregistered
[    1.191830] isp1760: Failed to register the HCD device
[    1.196459] mousedev: PS/2 mouse device common for all mice
[    1.200807] rtc-pl031 mb:rtc: rtc core: registered pl031 as rtc0
[    1.203015] device-mapper: uevent: version 1.0.3
[    1.204847] device-mapper: ioctl: 4.19.1-ioctl (2011-01-07) initialised: dm-devel@redhat.com
[    1.205771] device-mapper: multipath: version 1.2.0 loaded
[    1.206264] device-mapper: multipath round-robin: version 1.0.0 loaded
[    1.208901] mmci-pl18x mb:mmci: mmc0: PL181 manf 41 rev0 at 0x10005000 irq 41,42 (pio)
ALSA lib pcm_dmix.c:1018:(snd_pcm_dmix_open) unable to open slave
alsa: Could not initialize DAC
alsa: Failed to open `default':
alsa: Reason: No such file or directory
ALSA lib pcm_dmix.c:1018:(snd_pcm_dmix_open) unable to open slave
alsa: Could not initialize DAC
alsa: Failed to open `default':
alsa: Reason: No such file or directory
audio: Failed to create voice `lm4549.out'
ALSA lib pcm_dmix.c:1018:(snd_pcm_dmix_open) unable to open slave
alsa: Could not initialize DAC
alsa: Failed to open `default':
alsa: Reason: No such file or directory
ALSA lib pcm_dmix.c:1018:(snd_pcm_dmix_open) unable to open slave
alsa: Could not initialize DAC
alsa: Failed to open `default':
alsa: Reason: No such file or directory
audio: Failed to create voice `lm4549.out'
ALSA lib pcm_dmix.c:1018:(snd_pcm_dmix_open) unable to open slave
alsa: Could not initialize DAC
alsa: Failed to open `default':
alsa: Reason: No such file or directory
ALSA lib pcm_dmix.c:1018:(snd_pcm_dmix_open) unable to open slave
alsa: Could not initialize DAC
alsa: Failed to open `default':
alsa: Reason: No such file or directory
audio: Failed to create voice `lm4549.out'
ALSA lib pcm_dmix.c:1018:(snd_pcm_dmix_open) unable to open slave
alsa: Could not initialize DAC
alsa: Failed to open `default':
alsa: Reason: No such file or directory
ALSA lib pcm_dmix.c:1018:(snd_pcm_dmix_open) unable to open slave
alsa: Could not initialize DAC
alsa: Failed to open `default':
alsa: Reason: No such file or directory
audio: Failed to create voice `lm4549.out'
ALSA lib pcm_dmix.c:1018:(snd_pcm_dmix_open) unable to open slave
alsa: Could not initialize DAC
alsa: Failed to open `default':
alsa: Reason: No such file or directory
ALSA lib pcm_dmix.c:1018:(snd_pcm_dmix_open) unable to open slave
alsa: Could not initialize DAC
alsa: Failed to open `default':
alsa: Reason: No such file or directory
audio: Failed to create voice `lm4549.out'
ALSA lib pcm_dmix.c:1018:(snd_pcm_dmix_open) unable to open slave
alsa: Could not initialize DAC
alsa: Failed to open `default':
alsa: Reason: No such file or directory
ALSA lib pcm_dmix.c:1018:(snd_pcm_dmix_open) unable to open slave
alsa: Could not initialize DAC
alsa: Failed to open `default':
alsa: Reason: No such file or directory
audio: Failed to create voice `lm4549.out'
ALSA lib pcm_dmix.c:1018:(snd_pcm_dmix_open) unable to open slave
alsa: Could not initialize DAC
alsa: Failed to open `default':
alsa: Reason: No such file or directory
ALSA lib pcm_dmix.c:1018:(snd_pcm_dmix_open) unable to open slave
alsa: Could not initialize DAC
alsa: Failed to open `default':
alsa: Reason: No such file or directory
audio: Failed to create voice `lm4549.out'
ALSA lib pcm_dmix.c:1018:(snd_pcm_dmix_open) unable to open slave
alsa: Could not initialize DAC
alsa: Failed to open `default':
alsa: Reason: No such file or directory
ALSA lib pcm_dmix.c:1018:(snd_pcm_dmix_open) unable to open slave
alsa: Could not initialize DAC
alsa: Failed to open `default':
alsa: Reason: No such file or directory
audio: Failed to create voice `lm4549.out'
ALSA lib pcm_dmix.c:1018:(snd_pcm_dmix_open) unable to open slave
alsa: Could not initialize DAC
alsa: Failed to open `default':
alsa: Reason: No such file or directory
ALSA lib pcm_dmix.c:1018:(snd_pcm_dmix_open) unable to open slave
alsa: Could not initialize DAC
alsa: Failed to open `default':
alsa: Reason: No such file or directory
audio: Failed to create voice `lm4549.out'
[    1.258819] mmc0: host does not support reading read-only switch. assuming write-enable.
[    1.259902] mmc0: new SDHC card at address 4567
[    1.263577] mmcblk0: mmc0:4567 QEMU! 3.00 GiB 
[    1.273372]  mmcblk0: p1 p2
[    1.281349] aaci-pl041 mb:aaci: ARM AC'97 Interface PL041 rev0 at 0x10004000, irq 43
[    1.281907] aaci-pl041 mb:aaci: FIFO 512 entries
[    1.283115] ALSA device list:
[    1.283293]   #0: ARM AC'97 Interface PL041 rev0 at 0x10004000, irq 43
[    1.285408] nf_conntrack version 0.5.0 (14148 buckets, 56592 max)
[    1.289151] ip_tables: (C) 2000-2006 Netfilter Core Team
[    1.290997] arp_tables: (C) 2002 David S. Miller
[    1.291627] TCP cubic registered
[    1.291879] NET: Registered protocol family 17
[    1.292711] Bridge firewalling registered
[    1.293142] Ebtables v2.0 registered
[    1.293843] VFP support v0.3: implementor 41 architecture 3 part 30 variant 9 rev 0
[    1.313718] input: AT Raw Set 2 keyboard as /devices/mb:kmi0/serio0/input/input0
[    1.327618] rtc-pl031 mb:rtc: setting system clock to 2013-04-24 06:55:15 UTC (1366786515)
 [    1.331990] Freeing init memory: 152K
[    1.527750] input: ImExPS/2 Generic Explorer Mouse as /devices/mb:kmi1/serio1/input/input1
Loading, please wait...
[    1.955212] udev[521]: starting version 167
Begin: Loading essential drivers ... done.
Begin: Running /scripts/init-premount ... done.
Begin: Mounting root file system ... Begin: Running /scripts/local-top ... done.
Begin: Running /scripts/local-premount ... done.
FATAL: Could not load /lib/modules/2.6.38.7/modules.dep: No such file or directory
[    4.983292] EXT4-fs (mmcblk0p2): warning: maximal mount count reached, running e2fsck is recommended
[    4.992731] EXT4-fs (mmcblk0p2): recovery complete
[    5.001323] EXT4-fs (mmcblk0p2): mounted filesystem with ordered data mode. Opts: (null)
Begin: Running /scripts/local-bottom ... done.
done.
Begin: Running /scripts/init-bottom ... done.
 [   13.300875] udev[666]: starting version 167
[   16.327227] net eth0: SMSC911x/921x identified at 0xe8cc0000, IRQ: 47
modprobe: FATAL: Could not load /lib/modules/2.6.38.7/modules.dep: No such file or directory

init: ureadahead main process (597) terminated with status 5
[   19.706956] device: 'vcs5': device_add
[   19.709096] PM: Adding info for No Bus:vcs5
[   19.710260] device: 'vcsa5': device_add
[   19.710472] PM: Adding info for No Bus:vcsa5
[   19.729313] device: 'vcs4': device_add
[   19.729754] PM: Adding info for No Bus:vcs4
[   19.729946] device: 'vcsa4': device_add
[   19.730201] PM: Adding info for No Bus:vcsa4
[   19.895217] device: 'vcs2': device_add
[   19.895494] PM: Adding info for No Bus:vcs2
[   19.895597] device: 'vcsa2': device_add
[   19.895801] PM: Adding info for No Bus:vcsa2
[   19.915604] device: 'vcs3': device_add
[   19.916075] PM: Adding info for No Bus:vcs3
[   19.916194] device: 'vcsa3': device_add
[   19.916412] PM: Adding info for No Bus:vcsa3

[   20.004633] device: 'virbr0': device_add
[   20.005503] PM: Adding info for No Bus:virbr0
[   20.033136] device: 'vcs6': device_add
[   20.033418] PM: Adding info for No Bus:vcs6
[   20.033536] device: 'vcsa6': device_add
[   20.033761] PM: Adding info for No Bus:vcsa6
FATAL: Could not load /lib/modules/2.6.38.7/modules.dep: No such file or directory
 * Exporting directories for NFS kernel daemon...       [80G Last login: Wed Apr 24 14:48:06 CST 2013 from 192.168.101.1 on pts/2
[74G[ OK ]
Welcome to Ubuntu Natty (development branch) (GNU/Linux 2.6.38.7 armv7l)

 * Documentation:  http://www.linaro.org
 * Starting NFS kernel daemon       [80G [74G[ OK ]
root@linaro:~# linaro start up!
ssh root@192.168.101.2
root@192.168.101.2's password: 
Welcome to Ubuntu Natty (development branch) (GNU/Linux 2.6.38.7 armv7l)

 * Documentation:  http://www.linaro.org
Last login: Wed Apr 24 14:55:41 2013
root@linaro:~# scp root@192.168.101.1:~/file_transfer.sh . 
root@192.168.101.1's password: 
file_transfer.sh                                0%    0     0.0KB/s   --:-- ETAfile_transfer.sh                              100% 3560     3.5KB/s   00:00    
root@linaro:~# scp root@192.168.101.1:~/memTest . 
root@192.168.101.1's password: 
memTest                                         0%    0     0.0KB/s   --:-- ETAmemTest                                       100% 5697     5.6KB/s   00:00    
root@linaro:~# scp -r root@192.168.101.1:~/Config/0000/* /root/kvm/ 
root@192.168.101.1's password: 
0000                                          100%    0     0.0KB/s   00:00    
start1.sh                                       0%    0     0.0KB/s   --:-- ETAstart1.sh                                     100%  649     0.6KB/s   00:00    
start3.sh                                       0%    0     0.0KB/s   --:-- ETAstart3.sh                                     100%  650     0.6KB/s   00:00    
start4.sh                                       0%    0     0.0KB/s   --:-- ETAstart4.sh                                     100%  650     0.6KB/s   00:00    
root@linaro:~# cd /root/kvm
root@linaro:~/kvm# insmod /root/kvm/kvm.ko
root@linaro:~/kvm# chmod +x start1.sh
root@linaro:~/kvm# ./start1.sh
  *** TAP MAC 22:54:00:12:34:01
   ***  idstr ram
   ***  idstr cpu
   ***  idstr sharedpage
   ***  idstr vectors
map addr 0x4d3d3c
   ***  idstr virtio-net
   ***  idstr virtio-console
Warning: more nics requested than this machine supports; some have been ignored
Linux version 2.6.35 (alexey@66-A00327-01) (gcc version 4.4.1 (Sourcery G++ Lite 2010q1-202) ) #3 Thu Jan 10 10:29:34 CST 2013
CPU: ARMv6-compatible processor [0007b000] revision 0 (ARMv6TEJ), cr=00000000
CPU: VIPT nonaliasing data cache, VIPT nonaliasing instruction cache
Machine: KVM-ARM guest OS (realview EB target)
Memory policy: ECC disabled, Data cache writeback
Built 1 zonelists in Zone order, mobility grouping on.  Total pages: 16256
Kernel command line: root=/dev/nfs rw  nfsroot=192.168.20.1:/root/rootfs/debian,hard ip=192.168.20.2::192.168.20.1:255.255.255.0:vm1:eth0:off clocksource=pit console=hvc0
PID hash table entries: 256 (order: -2, 1024 bytes)
Dentry cache hash table entries: 8192 (order: 3, 32768 bytes)
Inode-cache hash table entries: 4096 (order: 2, 16384 bytes)
Memory: 64MB = 64MB total
Memory: 60164k/60164k available, 5372k reserved, 0K highmem
Virtual kernel memory layout:
    vector  : 0xffff0000 - 0xffff1000   (   4 kB)
    fixmap  : 0xfff00000 - 0xfffe0000   ( 896 kB)
    DMA     : 0xffc00000 - 0xffe00000   (   2 MB)
    vmalloc : 0xc4800000 - 0xf8000000   ( 824 MB)
    lowmem  : 0xc0000000 - 0xc4000000   (  64 MB)
    modules : 0xbf000000 - 0xc0000000   (  16 MB)
      .init : 0xc0008000 - 0xc001f000   (  92 kB)
      .text : 0xc001f000 - 0xc026a000   (2348 kB)
      .data : 0xc027e000 - 0xc0296fe0   ( 100 kB)
Hierarchical RCU implementation.
	RCU-based detection of stalled CPUs is disabled.
	Verbose stalled-CPUs detection is disabled.
NR_IRQS:228
Console: colour dummy device 80x30
console [hvc0] enabled
Calibrating delay loop... 627.50 BogoMIPS (lpj=3137536)
pid_max: default: 32768 minimum: 301
Mount-cache hash table entries: 512
CPU: Testing write buffer coherency: ok
NET: Registered protocol family 16
bio: create slab <bio-0> at 0
NET: Registered protocol family 2
IP route cache hash table entries: 1024 (order: 0, 4096 bytes)
TCP established hash table entries: 2048 (order: 2, 16384 bytes)
TCP bind hash table entries: 2048 (order: 1, 8192 bytes)
TCP: Hash tables configured (established 2048 bind 2048)
TCP reno registered
UDP hash table entries: 256 (order: 0, 4096 bytes)
UDP-Lite hash table entries: 256 (order: 0, 4096 bytes)
NET: Registered protocol family 1
RPC: Registered udp transport module.
RPC: Registered tcp transport module.
RPC: Registered tcp NFSv4.1 backchannel transport module.
msgmni has been set to 117
io scheduler noop registered
io scheduler deadline registered (default)
virtio-mmio virtio-mmio.2: Wrong magic value 0x00000000!
TCP cubic registered
NET: Registered protocol family 17
IP-Config: Complete:
     device=eth0, addr=192.168.20.2, mask=255.255.255.0, gw=192.168.20.1,
     host=vm1, domain=, nis-domain=(none),
     bootserver=255.255.255.255, rootserver=192.168.20.1, rootpath=
Looking up port of RPC 100003/2 on 192.168.20.1
Looking up port of RPC 100005/1 on 192.168.20.1
VFS: Mounted root (nfs filesystem) on device 0:10.
Freeing init memory: 92K
modprobe: FATAL: Could not load /lib/modules/2.6.35/modules.dep: No such file or directory

INIT: version 2.88 booting
root@vm1:/# echo $HOSTNAME
vm1
root@vm1:/# /etc/init.d/ssh start
unt /dev/pts
Starting OpenBSD Secure Shell server: sshdmodprobe: FATAL: Could not load /lib/modules/2.6.35/modules.dep: No such file or directory

modprobe: FATAL: Could not load /lib/modules/2.6.35/modules.dep: No such file or directory

.
root@vm1:/# mossh root@192.168.101.2
root@192.168.101.2's password: 
Welcome to Ubuntu Natty (development branch) (GNU/Linux 2.6.38.7 armv7l)

 * Documentation:  http://www.linaro.org
Last login: Wed Apr 24 14:55:52 2013 from 192.168.101.1
root@linaro:~# cd kvm
root@linaro:~/kvm# chmod +x start3.sh
root@linaro:~/kvm# ./start3.sh
  *** TAP MAC 22:54:00:12:34:01
   ***  idstr ram
   ***  idstr cpu
   ***  idstr sharedpage
   ***  idstr vectors
map addr 0x4d3d3c
   ***  idstr virtio-net
   ***  idstr virtio-console
Warning: more nics requested than this machine supports; some have been ignored
Linux version 2.6.35 (alexey@66-A00327-01) (gcc version 4.4.1 (Sourcery G++ Lite 2010q1-202) ) #3 Thu Jan 10 10:29:34 CST 2013
CPU: ARMv6-compatible processor [0007b000] revision 0 (ARMv6TEJ), cr=00000000
CPU: VIPT nonaliasing data cache, VIPT nonaliasing instruction cache
Machine: KVM-ARM guest OS (realview EB target)
Memory policy: ECC disabled, Data cache writeback
Built 1 zonelists in Zone order, mobility grouping on.  Total pages: 16256
Kernel command line: root=/dev/nfs rw  nfsroot=192.168.20.1:/root/rootfs/debian,hard ip=192.168.20.4::192.168.20.1:255.255.255.0:vm3:eth0:off clocksource=pit console=hvc0
PID hash table entries: 256 (order: -2, 1024 bytes)
Dentry cache hash table entries: 8192 (order: 3, 32768 bytes)
Inode-cache hash table entries: 4096 (order: 2, 16384 bytes)
Memory: 64MB = 64MB total
Memory: 60164k/60164k available, 5372k reserved, 0K highmem
Virtual kernel memory layout:
    vector  : 0xffff0000 - 0xffff1000   (   4 kB)
    fixmap  : 0xfff00000 - 0xfffe0000   ( 896 kB)
    DMA     : 0xffc00000 - 0xffe00000   (   2 MB)
    vmalloc : 0xc4800000 - 0xf8000000   ( 824 MB)
    lowmem  : 0xc0000000 - 0xc4000000   (  64 MB)
    modules : 0xbf000000 - 0xc0000000   (  16 MB)
      .init : 0xc0008000 - 0xc001f000   (  92 kB)
      .text : 0xc001f000 - 0xc026a000   (2348 kB)
      .data : 0xc027e000 - 0xc0296fe0   ( 100 kB)
Hierarchical RCU implementation.
	RCU-based detection of stalled CPUs is disabled.
	Verbose stalled-CPUs detection is disabled.
NR_IRQS:228
Console: colour dummy device 80x30
console [hvc0] enabled
Calibrating delay loop... 838.86 BogoMIPS (lpj=4194304)
pid_max: default: 32768 minimum: 301
Mount-cache hash table entries: 512
CPU: Testing write buffer coherency: ok
NET: Registered protocol family 16
bio: create slab <bio-0> at 0
NET: Registered protocol family 2
IP route cache hash table entries: 1024 (order: 0, 4096 bytes)
TCP established hash table entries: 2048 (order: 2, 16384 bytes)
TCP bind hash table entries: 2048 (order: 1, 8192 bytes)
TCP: Hash tables configured (established 2048 bind 2048)
TCP reno registered
UDP hash table entries: 256 (order: 0, 4096 bytes)
UDP-Lite hash table entries: 256 (order: 0, 4096 bytes)
NET: Registered protocol family 1
RPC: Registered udp transport module.
RPC: Registered tcp transport module.
RPC: Registered tcp NFSv4.1 backchannel transport module.
msgmni has been set to 117
io scheduler noop registered
io scheduler deadline registered (default)
virtio-mmio virtio-mmio.2: Wrong magic value 0x00000000!
TCP cubic registered
NET: Registered protocol family 17
IP-Config: Complete:
     device=eth0, addr=192.168.20.4, mask=255.255.255.0, gw=192.168.20.1,
     host=vm3, domain=, nis-domain=(none),
     bootserver=255.255.255.255, rootserver=192.168.20.1, rootpath=
Looking up port of RPC 100003/2 on 192.168.20.1
Looking up port of RPC 100005/1 on 192.168.20.1
VFS: Mounted root (nfs filesystem) on device 0:10.
Freeing init memory: 92K
modprobe: FATAL: Could not load /lib/modules/2.6.35/modules.dep: No such file or directory

INIT: version 2.88 booting
root@vm3:/# /etc/init.d/ssh start
ount /dev/pts
Starting OpenBSD Secure Shell server: sshdmodprobe: FATAL: Could not load /lib/modules/2.6.35/modules.dep: No such file or directory

modprobe: FATAL: Could not load /lib/modules/2.6.35/modules.dep: No such file or directory

.
root@vm3:/# mount /dev/pts
echo $HOSTNAME
root@vm3:/# echo $HOSTNAME
ssh root@192.168.101.2
root@192.168.101.2's password: 
Welcome to Ubuntu Natty (development branch) (GNU/Linux 2.6.38.7 armv7l)

 * Documentation:  http://www.linaro.org
Last login: Wed Apr 24 14:56:44 2013 from 192.168.101.1
root@linaro:~# 
root@linaro:~# scp ~/memTest root@192.168.20.2:/root/memTest
memTest                                         0%    0     0.0KB/s   --:-- ETAmemTest                                       100% 5697     5.6KB/s   00:00    
root@linaro:~# 
root@linaro:~# ssh root@192.168.20.2 '/root/memTest'
ssh root@192.168.101.2
root@192.168.101.2's password: 
Welcome to Ubuntu Natty (development branch) (GNU/Linux 2.6.38.7 armv7l)

 * Documentation:  http://www.linaro.org
Last login: Wed Apr 24 14:57:05 2013 from 192.168.101.1
root@linaro:~# chmod +x file_transfer.sh
root@linaro:~# ./file_transfer.sh 10 5 IOV 0000 2 
Loop	Elapsed time(seconds)	MD5 comparison result	Size comparison result
10+0 records in
10+0 records out
10485760 bytes (10 MB) copied, 2.22731 s, 4.7 MB/s
Copy random_file from Host to Guest VM1
random_file                                     0%    0     0.0KB/s   --:-- ETArandom_file                                    20% 2112KB   2.1MB/s   00:03 ETArandom_file                                    21% 2208KB   1.9MB/s   00:04 ETArandom_file                                    22% 2336KB   1.7MB/s   00:04 ETArandom_file                                    24% 2464KB   1.5MB/s   00:04 ETArandom_file                                    25% 2592KB   1.4MB/s   00:05 ETArandom_file                                    26% 2720KB   1.3MB/s   00:05 ETArandom_file                                    29% 2976KB   1.2MB/s   00:06 ETArandom_file                                    30% 3104KB   1.1MB/s   00:06 ETArandom_file                                    34% 3488KB   1.0MB/s   00:06 ETArandom_file                                    37% 3824KB 948.4KB/s   00:06 ETArandom_file                                    39% 4064KB 877.6KB/s   00:07 ETArandom_file                                    40% 4192KB 802.6KB/s   00:07 ETArandom_file                                    42% 4320KB 735.2KB/s   00:08 ETArandom_file                                    43% 4448KB 674.5KB/s   00:08 ETArandom_file                                    47% 4832KB 645.4KB/s   00:08 ETArandom_file                                    49% 5088KB 606.5KB/s   00:08 ETArandom_file                                    50% 5184KB 555.4KB/s   00:09 ETArandom_file                                    54% 5568KB 538.3KB/s   00:08 ETArandom_file                                    55% 5696KB 490.9KB/s   00:09 ETArandom_file                                    58% 5952KB 467.4KB/s   00:09 ETArandom_file                                    60% 6208KB 446.2KB/s   00:09 ETArandom_file                                    61% 6336KB 414.4KB/s   00:09 ETArandom_file                                    63% 6464KB 385.8KB/s   00:09 ETArandom_file                                    63% 6464KB 347.2KB/s   00:10 ETArandom_file                                    64% 6592KB 325.3KB/s   00:11 ETArandom_file                                    66% 6848KB 318.3KB/s   00:10 ETArandom_file                                    69% 7104KB 312.1KB/s   00:10 ETArandom_file                                    69% 7136KB 284.1KB/s   00:10 ETArandom_file                                    71% 7328KB 274.9KB/s   00:10 ETArandom_file                                    74% 7584KB 273.0KB/s   00:09 ETArandom_file                                    76% 7840KB 271.3KB/s   00:08 ETArandom_file                                    77% 7968KB 257.0KB/s   00:08 ETArandom_file                                    80% 8192KB 253.7KB/s   00:08 ETArandom_file                                    80% 8272KB 236.3KB/s   00:08 ETArandom_file                                    81% 8320KB 217.5KB/s   00:08 ETArandom_file                                    81% 8320KB 195.7KB/s   00:09 ETArandom_file                                    81% 8320KB 176.2KB/s   00:10 ETArandom_file                                    81% 8336KB 160.1KB/s   00:11 ETArandom_file                                    82% 8448KB 155.3KB/s   00:11 ETArandom_file                                    83% 8576KB 152.6KB/s   00:10 ETArandom_file                                    85% 8704KB 150.1KB/s   00:10 ETArandom_file                                    85% 8704KB 135.1KB/s   00:11 ETArandom_file                                    85% 8704KB 121.6KB/s   00:12 ETArandom_file                                    86% 8832KB 122.2KB/s   00:11 ETArandom_file                                    87% 8960KB 122.8KB/s   00:10 ETArandom_file                                    88% 9088KB 123.3KB/s   00:09 ETArandom_file                                    90% 9216KB 123.8KB/s   00:08 ETArandom_file                                    93% 9600KB 149.8KB/s   00:04 ETArandom_file                                    96% 9872KB 162.0KB/s   00:02 ETArandom_file                                   100%   10MB 204.8KB/s   00:50    
	80	Check md5 from Host and Guest VM1:
MD5 match	Check size from Host and Guest VM1:
Size match

1	Copy random_file from Guest VM1 to Guest VM2
79	Check md5 from Guest VM1 and Guest VM2:
MD5 match	Check size from Guest VM1 and Guest VM2:
Size match

Copy random_file from Guest VM2 to Guest VM1
	89	Check md5 from Guest VM1 and Guest VM2:
MD5 match	Check size from Guest VM1 and Guest VM2:
Size match

2	Copy random_file from Guest VM1 to Guest VM2
75	Check md5 from Guest VM1 and Guest VM2:
MD5 match	Check size from Guest VM1 and Guest VM2:
Size match

Copy random_file from Guest VM2 to Guest VM1
	102	Check md5 from Guest VM1 and Guest VM2:
MD5 match	Check size from Guest VM1 and Guest VM2:
Size match

3	Copy random_file from Guest VM1 to Guest VM2
71	Check md5 from Guest VM1 and Guest VM2:
MD5 match	Check size from Guest VM1 and Guest VM2:
Size match

Copy random_file from Guest VM2 to Guest VM1
	93	Check md5 from Guest VM1 and Guest VM2:
MD5 match	Check size from Guest VM1 and Guest VM2:
Size match

4	Copy random_file from Guest VM1 to Guest VM2
72	Check md5 from Guest VM1 and Guest VM2:
MD5 match	Check size from Guest VM1 and Guest VM2:
Size match

Copy random_file from Guest VM2 to Guest VM1
	94	Check md5 from Guest VM1 and Guest VM2:
MD5 match	Check size from Guest VM1 and Guest VM2:
Size match

5	Copy random_file from Guest VM1 to Guest VM2
74	Check md5 from Guest VM1 and Guest VM2:
MD5 match	Check size from Guest VM1 and Guest VM2:
Size match

Copy random_file from Guest VM2 to Guest VM1
	93	Check md5 from Guest VM1 and Guest VM2:
MD5 match	Check size from Guest VM1 and Guest VM2:
Size match

Start time:
20130424145812
End time:
20130424152854
ssh root@192.168.101.2
root@192.168.101.2's password: 
Welcome to Ubuntu Natty (development branch) (GNU/Linux 2.6.38.7 armv7l)

 * Documentation:  http://www.linaro.org
Last login: Wed Apr 24 14:58:11 2013 from 192.168.101.1
root@linaro:~# scp *.csv chkao@192.168.101.1:~/Report/
chkao@192.168.101.1's password: 
IOV-0000-1-20130423171347-20130423172708.csv    0%    0     0.0KB/s   --:-- ETAIOV-0000-1-20130423171347-20130423172708.csv  100%  352     0.3KB/s   00:00    
IOV-0000-1-20130424144807-20130424145436.csv    0%    0     0.0KB/s   --:-- ETAIOV-0000-1-20130424144807-20130424145436.csv  100%  352     0.3KB/s   00:00    
IOV-0000-2-20130423173053-20130423175559.csv    0%    0     0.0KB/s   --:-- ETAIOV-0000-2-20130423173053-20130423175559.csv  100%  352     0.3KB/s   00:00    
IOV-0000-2-20130424145812-20130424152854.csv    0%    0     0.0KB/s   --:-- ETAIOV-0000-2-20130424145812-20130424152854.csv  100%  353     0.3KB/s   00:00    
IOV-0000-3-20130423180055-20130423184731.csv    0%    0     0.0KB/s   --:-- ETAIOV-0000-3-20130423180055-20130423184731.csv  100%  370     0.4KB/s   00:00    
IOV-0000-4-20130423185038-20130423190309.csv    0%    0     0.0KB/s   --:-- ETAIOV-0000-4-20130423185038-20130423190309.csv  100%  351     0.3KB/s   00:00    
IOV-0000-5-20130423190720-20130423193618.csv    0%    0     0.0KB/s   --:-- ETAIOV-0000-5-20130423190720-20130423193618.csv  100%  353     0.3KB/s   00:00    
IOV-0010-1-20130424114159-20130424115249.csv    0%    0     0.0KB/s   --:-- ETAIOV-0010-1-20130424114159-20130424115249.csv  100%  553     0.5KB/s   00:00    
IOV-0010-2-20130424115637-20130424122033.csv    0%    0     0.0KB/s   --:-- ETAIOV-0010-2-20130424115637-20130424122033.csv  100%  352     0.3KB/s   00:00    
IOV-0010-3-20130424122527-20130424130055.csv    0%    0     0.0KB/s   --:-- ETAIOV-0010-3-20130424122527-20130424130055.csv  100%  352     0.3KB/s   00:00    
IOV-0010-4-20130424130846-20130424131937.csv    0%    0     0.0KB/s   --:-- ETAIOV-0010-4-20130424130846-20130424131937.csv  100%  352     0.3KB/s   00:00    
IOV-0010-5-20130424132831-20130424134815.csv    0%    0     0.0KB/s   --:-- ETAIOV-0010-5-20130424132831-20130424134815.csv  100%  352     0.3KB/s   00:00    
IOV-1000-1-20130424095726-20130424100945.csv    0%    0     0.0KB/s   --:-- ETAIOV-1000-1-20130424095726-20130424100945.csv  100%  636     0.6KB/s   00:00    
IOV-1000-2-20130424101331-20130424103351.csv    0%    0     0.0KB/s   --:-- ETAIOV-1000-2-20130424101331-20130424103351.csv  100%  352     0.3KB/s   00:00    
root@linaro:~# ssh root@192.168.101.2 'rm *.csv'
root@192.168.101.2's password: 
root@chkao:~# PROGRAM END
[IOV-0000] $ /bin/sh -xe /tmp/hudson3842582775749208216.sh
+ expect /srv/start.exp IOV 0000 3 1
spawn ssh root@127.0.0.1
root@127.0.0.1's password: 
Welcome to Ubuntu 12.04.2 LTS (GNU/Linux 3.2.0-40-generic-pae i686)

 * Documentation:  https://help.ubuntu.com/

41 packages can be updated.
17 updates are security updates.

Last login: Wed Apr 24 14:55:12 2013 from localhost
root@chkao:~# spawn ssh root@127.0.0.1
root@127.0.0.1's password: 
Welcome to Ubuntu 12.04.2 LTS (GNU/Linux 3.2.0-40-generic-pae i686)

 * Documentation:  https://help.ubuntu.com/

41 packages can be updated.
17 updates are security updates.

Last login: Wed Apr 24 15:29:25 2013 from localhost
root@chkao:~# spawn ssh root@127.0.0.1
root@127.0.0.1's password: 
Welcome to Ubuntu 12.04.2 LTS (GNU/Linux 3.2.0-40-generic-pae i686)

 * Documentation:  https://help.ubuntu.com/

41 packages can be updated.
17 updates are security updates.

Last login: Wed Apr 24 15:29:26 2013 from localhost
root@chkao:~# spawn ssh root@127.0.0.1
root@127.0.0.1's password: 
Welcome to Ubuntu 12.04.2 LTS (GNU/Linux 3.2.0-40-generic-pae i686)

 * Documentation:  https://help.ubuntu.com/

41 packages can be updated.
17 updates are security updates.

Last login: Wed Apr 24 15:29:27 2013 from localhost
root@chkao:~# spawn ssh root@127.0.0.1
root@127.0.0.1's password: 
Welcome to Ubuntu 12.04.2 LTS (GNU/Linux 3.2.0-40-generic-pae i686)

 * Documentation:  https://help.ubuntu.com/

41 packages can be updated.
17 updates are security updates.

Last login: Wed Apr 24 15:29:27 2013 from localhost
root@chkao:~# spawn ssh root@127.0.0.1
root@127.0.0.1's password: 
Welcome to Ubuntu 12.04.2 LTS (GNU/Linux 3.2.0-40-generic-pae i686)

 * Documentation:  https://help.ubuntu.com/

41 packages can be updated.
17 updates are security updates.

Last login: Wed Apr 24 15:29:28 2013 from localhost
root@chkao:~# spawn ssh root@127.0.0.1
root@127.0.0.1's password: 
Welcome to Ubuntu 12.04.2 LTS (GNU/Linux 3.2.0-40-generic-pae i686)

 * Documentation:  https://help.ubuntu.com/

41 packages can be updated.
17 updates are security updates.

Last login: Wed Apr 24 15:29:29 2013 from localhost
root@chkao:~# spawn ssh root@127.0.0.1
root@127.0.0.1's password: 
Welcome to Ubuntu 12.04.2 LTS (GNU/Linux 3.2.0-40-generic-pae i686)

 * Documentation:  https://help.ubuntu.com/

41 packages can be updated.
17 updates are security updates.

Last login: Wed Apr 24 15:29:30 2013 from localhost
root@chkao:~# spawn ssh root@127.0.0.1
root@127.0.0.1's password: 
Welcome to Ubuntu 12.04.2 LTS (GNU/Linux 3.2.0-40-generic-pae i686)

 * Documentation:  https://help.ubuntu.com/

41 packages can be updated.
17 updates are security updates.

Last login: Wed Apr 24 15:29:30 2013 from localhost
root@chkao:~# spawn ssh root@127.0.0.1
root@127.0.0.1's password: 
Welcome to Ubuntu 12.04.2 LTS (GNU/Linux 3.2.0-40-generic-pae i686)

 * Documentation:  https://help.ubuntu.com/

41 packages can be updated.
17 updates are security updates.

Last login: Wed Apr 24 15:29:31 2013 from localhost
root@chkao:~# cd /home/chkao/hypervisor-01242013/linaro+libvirt
root@chkao:/home/chkao/hypervisor-01242013/linaro+libvirt# ./start.sh
pulseaudio: pa_context_connect() failed
pulseaudio: Reason: Connection refused
pulseaudio: Failed to initialize PA contextaudio: Could not init `pa' audio driver
ALSA lib pcm_dmix.c:1018:(snd_pcm_dmix_open) unable to open slave
alsa: Could not initialize DAC
alsa: Failed to open `default':
alsa: Reason: No such file or directory
ALSA lib pcm_dmix.c:1018:(snd_pcm_dmix_open) unable to open slave
alsa: Could not initialize DAC
alsa: Failed to open `default':
alsa: Reason: No such file or directory
audio: Failed to create voice `lm4549.out'
Uncompressing Linux... done, booting the kernel.
[    0.000000] Linux version 2.6.38.7 (alexey@66-A00327-01) (gcc version 4.4.1 (Sourcery G++ Lite 2010q1-202) ) #2 Mon Jan 14 17:42:29 CST 2013
[    0.000000] CPU: ARMv7 Processor [410fc090] revision 0 (ARMv7), cr=10c53c7f
[    0.000000] CPU: VIPT nonaliasing data cache, VIPT aliasing instruction cache
[    0.000000] Machine: ARM-Versatile Express
[    0.000000] Memory policy: ECC disabled, Data cache writeback
[    0.000000] sched_clock: 32 bits at 24MHz, resolution 41ns, wraps every 178956ms
[    0.000000] Built 1 zonelists in Zone order, mobility grouping on.  Total pages: 260096
[    0.000000] Kernel command line: root=/dev/mmcblk0p2 rw mem=1024M raid=noautodetect console=ttyAMA0,38400n8 rootwait vmalloc=256MB devtmpfs.mount=0
[    0.000000] PID hash table entries: 4096 (order: 2, 16384 bytes)
[    0.000000] Dentry cache hash table entries: 131072 (order: 7, 524288 bytes)
[    0.000000] Inode-cache hash table entries: 65536 (order: 6, 262144 bytes)
[    0.000000] Memory: 1024MB = 1024MB total
[    0.000000] Memory: 902884k/902884k available, 145692k reserved, 393216K highmem
[    0.000000] Virtual kernel memory layout:
[    0.000000]     vector  : 0xffff0000 - 0xffff1000   (   4 kB)
[    0.000000]     fixmap  : 0xfff00000 - 0xfffe0000   ( 896 kB)
[    0.000000]     DMA     : 0xffc00000 - 0xffe00000   (   2 MB)
[    0.000000]     vmalloc : 0xe8800000 - 0xf8000000   ( 248 MB)
[    0.000000]     lowmem  : 0xc0000000 - 0xe8000000   ( 640 MB)
[    0.000000]     pkmap   : 0xbfe00000 - 0xc0000000   (   2 MB)
[    0.000000]     modules : 0xbf000000 - 0xbfe00000   (  14 MB)
[    0.000000]       .init : 0xc0008000 - 0xc002e000   ( 152 kB)
[    0.000000]       .text : 0xc002e000 - 0xc0526ddc   (5092 kB)
[    0.000000]       .data : 0xc0528000 - 0xc054d180   ( 149 kB)
[    0.000000] SLUB: Genslabs=13, HWalign=32, Order=0-3, MinObjects=0, CPUs=1, Nodes=1
[    0.000000] NR_IRQS:128
[    0.000000] Console: colour dummy device 80x30
[    0.128799] Calibrating delay loop... 670.10 BogoMIPS (lpj=3350528)
[    0.367407] pid_max: default: 32768 minimum: 301
[    0.367900] Security Framework initialized
[    0.369133] AppArmor: AppArmor initialized
[    0.369391] Mount-cache hash table entries: 512
[    0.374681] CPU: Testing write buffer coherency: ok
[    0.379191] hw perfevents: enabled with ARMv7 Cortex-A9 PMU driver, 1 counters available
[    0.383055] devtmpfs: initialized
[    0.392652] NET: Registered protocol family 16
[    0.406093] hw-breakpoint: debug architecture 0x0 unsupported.
[    0.406224] Serial: AMBA PL011 UART driver
[    0.407825] mb:uart0: ttyAMA0 at MMIO 0x10009000 (irq = 37) is a PL011 rev1
[    0.418854] console [ttyAMA0] enabled
[    0.421925] mb:uart1: ttyAMA1 at MMIO 0x1000a000 (irq = 38) is a PL011 rev1
[    0.423100] mb:uart2: ttyAMA2 at MMIO 0x1000b000 (irq = 39) is a PL011 rev1
[    0.424201] mb:uart3: ttyAMA3 at MMIO 0x1000c000 (irq = 40) is a PL011 rev1
[    0.464469] bio: create slab <bio-0> at 0
[    0.468958] SCSI subsystem initialized
[    0.471391] usbcore: registered new interface driver usbfs
[    0.472633] usbcore: registered new interface driver hub
[    0.473615] usbcore: registered new device driver usb
[    0.478074] Advanced Linux Sound Architecture Driver Version 1.0.23.
[    0.482664] NetLabel: Initializing
[    0.482908] NetLabel:  domain hash size = 128
[    0.483143] NetLabel:  protocols = UNLABELED CIPSOv4
[    0.484086] NetLabel:  unlabeled traffic allowed by default
[    0.486204] DMA-API: preallocated 4096 debug entries
[    0.486539] DMA-API: debugging enabled by kernel config
[    0.487099] Switching to clocksource timer3
[    0.488653] AppArmor: AppArmor Filesystem Enabled
[    0.535783] NET: Registered protocol family 2
[    0.537148] IP route cache hash table entries: 32768 (order: 5, 131072 bytes)
[    0.540399] TCP established hash table entries: 131072 (order: 8, 1048576 bytes)
[    0.544784] TCP bind hash table entries: 65536 (order: 6, 262144 bytes)
[    0.549308] TCP: Hash tables configured (established 131072 bind 65536)
[    0.550142] TCP reno registered
[    0.550521] UDP hash table entries: 512 (order: 1, 8192 bytes)
[    0.551330] UDP-Lite hash table entries: 512 (order: 1, 8192 bytes)
[    0.552709] NET: Registered protocol family 1
[    0.554489] RPC: Registered udp transport module.
[    0.555013] RPC: Registered tcp transport module.
[    0.555546] RPC: Registered tcp NFSv4.1 backchannel transport module.
[    0.558843] Trying to unpack rootfs image as initramfs...
[    0.899194] Freeing initrd memory: 2624K
[    0.900537] PMU: registered new PMU device of type 0
[    0.901352] [KVM] kvm_eventfd: irqfd_module_init
[    0.903887] audit: initializing netlink socket (disabled)
[    0.904745] type=2000 audit(0.760:1): initialized
[    0.908729] highmem bounce pool size: 64 pages
[    0.946110] Installing knfsd (copyright (C) 1996 okir@monad.swb.de).
[    0.947523] JFFS2 version 2.2. (NAND) Â© 2001-2006 Red Hat, Inc.
[    0.950892] JFS: nTxBlock = 7074, nTxLock = 56594
[    0.960020] Btrfs loaded
[    0.960489] msgmni has been set to 1000
[    0.963756] Block layer SCSI generic (bsg) driver version 0.4 loaded (major 253)
[    0.964321] io scheduler noop registered
[    0.964604] io scheduler deadline registered (default)
[    0.966279] clcd-pl11x ct:clcd: PL111 rev2 at 0x10020000
[    0.969725] clcd-pl11x ct:clcd: CT-CA9X4 hardware, XVGA display
[    0.973203] v2m_cfg_write: writing 03c8eee0 to 00110001
[    0.997721] v2m_cfg_write: writing 00000000 to 00710000
[    0.997745] v2m_cfg_write: writing 00000002 to 00b10000
[    1.015030] Console: switching to colour frame buffer device 128x48
[    1.069353] brd: module loaded
[    1.077080] armflash-0: Found 1 x32 devices at 0x0 in 32-bit bank. Manufacturer ID 0x000000 Chip ID 0x000000
[    1.078369] Intel/Sharp Extended Query Table at 0x0031
[    1.079302] Using buffer write method
[    1.082314] armflash-1: Found 1 x32 devices at 0x0 in 32-bit bank. Manufacturer ID 0x000000 Chip ID 0x000000
[    1.083019] Intel/Sharp Extended Query Table at 0x0031
[    1.083792] Using buffer write method
[    1.084081] Concatenating MTD devices:
[    1.084319] (0): "armflash-0"
[    1.084521] (1): "armflash-1"
[    1.084677] into device "armflash"
 modprobe: FATAL: Could not load /lib/modules/2.6.38.7/modules.dep: No such file or directory

[    1.145250] RedBoot partition parsing not available
 modprobe: FATAL: Could not load /lib/modules/2.6.38.7/modules.dep: No such file or directory

[    1.175733] afs partition parsing not available
[    1.176694] PPP generic driver version 2.4.2
[    1.178202] tun: Universal TUN/TAP device driver, 1.6
[    1.178518] tun: (C) 1999-2004 Max Krasnyansky <maxk@qualcomm.com>
[    1.180232] smsc911x: Driver version 2008-10-21.
[    1.208250] smsc911x-mdio: probed
[    1.209053] eth0: attached PHY driver [Generic PHY] (mii_bus:phy_addr=ffffffff:01, irq=-1)
[    1.210344] net eth0: MAC Address: 52:54:00:12:34:56
[    1.211127] usbmon: debugfs is not available
[    1.212052] isp1760 isp1760: NXP ISP1760 USB Host Controller
[    1.212517] isp1760 isp1760: new USB bus registered, assigned bus number 1
[    1.213209] isp1760 isp1760: Scratch test failed.
[    1.213469] isp1760 isp1760: can't setup
[    1.213840] isp1760 isp1760: USB bus 1 deregistered
[    1.214217] isp1760: Failed to register the HCD device
[    1.219459] mousedev: PS/2 mouse device common for all mice
[    1.223831] rtc-pl031 mb:rtc: rtc core: registered pl031 as rtc0
[    1.226166] device-mapper: uevent: version 1.0.3
[    1.228392] device-mapper: ioctl: 4.19.1-ioctl (2011-01-07) initialised: dm-devel@redhat.com
[    1.229408] device-mapper: multipath: version 1.2.0 loaded
[    1.229811] device-mapper: multipath round-robin: version 1.0.0 loaded
[    1.232437] mmci-pl18x mb:mmci: mmc0: PL181 manf 41 rev0 at 0x10005000 irq 41,42 (pio)
ALSA lib pcm_dmix.c:1018:(snd_pcm_dmix_open) unable to open slave
alsa: Could not initialize DAC
alsa: Failed to open `default':
alsa: Reason: No such file or directory
ALSA lib pcm_dmix.c:1018:(snd_pcm_dmix_open) unable to open slave
alsa: Could not initialize DAC
alsa: Failed to open `default':
alsa: Reason: No such file or directory
audio: Failed to create voice `lm4549.out'
ALSA lib pcm_dmix.c:1018:(snd_pcm_dmix_open) unable to open slave
alsa: Could not initialize DAC
alsa: Failed to open `default':
alsa: Reason: No such file or directory
ALSA lib pcm_dmix.c:1018:(snd_pcm_dmix_open) unable to open slave
alsa: Could not initialize DAC
alsa: Failed to open `default':
alsa: Reason: No such file or directory
audio: Failed to create voice `lm4549.out'
ALSA lib pcm_dmix.c:1018:(snd_pcm_dmix_open) unable to open slave
alsa: Could not initialize DAC
alsa: Failed to open `default':
alsa: Reason: No such file or directory
ALSA lib pcm_dmix.c:1018:(snd_pcm_dmix_open) unable to open slave
alsa: Could not initialize DAC
alsa: Failed to open `default':
alsa: Reason: No such file or directory
audio: Failed to create voice `lm4549.out'
ALSA lib pcm_dmix.c:1018:(snd_pcm_dmix_open) unable to open slave
alsa: Could not initialize DAC
alsa: Failed to open `default':
alsa: Reason: No such file or directory
ALSA lib pcm_dmix.c:1018:(snd_pcm_dmix_open) unable to open slave
alsa: Could not initialize DAC
alsa: Failed to open `default':
alsa: Reason: No such file or directory
audio: Failed to create voice `lm4549.out'
ALSA lib pcm_dmix.c:1018:(snd_pcm_dmix_open) unable to open slave
alsa: Could not initialize DAC
alsa: Failed to open `default':
alsa: Reason: No such file or directory
ALSA lib pcm_dmix.c:1018:(snd_pcm_dmix_open) unable to open slave
alsa: Could not initialize DAC
alsa: Failed to open `default':
alsa: Reason: No such file or directory
audio: Failed to create voice `lm4549.out'
ALSA lib pcm_dmix.c:1018:(snd_pcm_dmix_open) unable to open slave
alsa: Could not initialize DAC
alsa: Failed to open `default':
alsa: Reason: No such file or directory
ALSA lib pcm_dmix.c:1018:(snd_pcm_dmix_open) unable to open slave
alsa: Could not initialize DAC
alsa: Failed to open `default':
alsa: Reason: No such file or directory
audio: Failed to create voice `lm4549.out'
ALSA lib pcm_dmix.c:1018:(snd_pcm_dmix_open) unable to open slave
alsa: Could not initialize DAC
alsa: Failed to open `default':
alsa: Reason: No such file or directory
ALSA lib pcm_dmix.c:1018:(snd_pcm_dmix_open) unable to open slave
alsa: Could not initialize DAC
alsa: Failed to open `default':
alsa: Reason: No such file or directory
audio: Failed to create voice `lm4549.out'
ALSA lib pcm_dmix.c:1018:(snd_pcm_dmix_open) unable to open slave
alsa: Could not initialize DAC
alsa: Failed to open `default':
alsa: Reason: No such file or directory
ALSA lib pcm_dmix.c:1018:(snd_pcm_dmix_open) unable to open slave
alsa: Could not initialize DAC
alsa: Failed to open `default':
alsa: Reason: No such file or directory
audio: Failed to create voice `lm4549.out'
ALSA lib pcm_dmix.c:1018:(snd_pcm_dmix_open) unable to open slave
alsa: Could not initialize DAC
alsa: Failed to open `default':
alsa: Reason: No such file or directory
ALSA lib pcm_dmix.c:1018:(snd_pcm_dmix_open) unable to open slave
alsa: Could not initialize DAC
alsa: Failed to open `default':
alsa: Reason: No such file or directory
audio: Failed to create voice `lm4549.out'
[    1.277624] mmc0: host does not support reading read-only switch. assuming write-enable.
[    1.278389] mmc0: new SDHC card at address 4567
[    1.285141] aaci-pl041 mb:aaci: ARM AC'97 Interface PL041 rev0 at 0x10004000, irq 43
[    1.285734] aaci-pl041 mb:aaci: FIFO 512 entries
[    1.286775] mmcblk0: mmc0:4567 QEMU! 3.00 GiB 
[    1.287861] ALSA device list:
[    1.288059]   #0: ARM AC'97 Interface PL041 rev0 at 0x10004000, irq 43
[    1.295558]  mmcblk0: p1 p2
[    1.298644] nf_conntrack version 0.5.0 (14148 buckets, 56592 max)
[    1.302396] ip_tables: (C) 2000-2006 Netfilter Core Team
[    1.304202] arp_tables: (C) 2002 David S. Miller
[    1.304635] TCP cubic registered
[    1.304917] NET: Registered protocol family 17
[    1.305587] Bridge firewalling registered
[    1.305918] Ebtables v2.0 registered
[    1.306583] VFP support v0.3: implementor 41 architecture 3 part 30 variant 9 rev 0
[    1.326654] input: AT Raw Set 2 keyboard as /devices/mb:kmi0/serio0/input/input0
[    1.341342] rtc-pl031 mb:rtc: setting system clock to 2013-04-24 07:29:35 UTC (1366788575)
 [    1.345398] Freeing init memory: 152K
[    1.534813] input: ImExPS/2 Generic Explorer Mouse as /devices/mb:kmi1/serio1/input/input1
Loading, please wait...
[    1.954038] udev[521]: starting version 167
Begin: Loading essential drivers ... done.
Begin: Running /scripts/init-premount ... done.
Begin: Mounting root file system ... Begin: Running /scripts/local-top ... done.
Begin: Running /scripts/local-premount ... done.
FATAL: Could not load /lib/modules/2.6.38.7/modules.dep: No such file or directory
[    4.797938] EXT4-fs (mmcblk0p2): warning: maximal mount count reached, running e2fsck is recommended
[    4.802893] EXT4-fs (mmcblk0p2): recovery complete
[    4.807102] EXT4-fs (mmcblk0p2): mounted filesystem with ordered data mode. Opts: (null)
Begin: Running /scripts/local-bottom ... done.
done.
Begin: Running /scripts/init-bottom ... done.
 [   12.206560] udev[664]: starting version 167
[   15.317227] net eth0: SMSC911x/921x identified at 0xe8cc0000, IRQ: 47
modprobe: FATAL: Could not load /lib/modules/2.6.38.7/modules.dep: No such file or directory

init: ureadahead main process (597) terminated with status 5
[   18.386517] device: 'vcs4': device_add
[   18.386922] PM: Adding info for No Bus:vcs4
[   18.387088] device: 'vcsa4': device_add
[   18.387402] PM: Adding info for No Bus:vcsa4
[   18.420225] device: 'vcs5': device_add
[   18.422276] PM: Adding info for No Bus:vcs5
[   18.423441] device: 'vcsa5': device_add
[   18.423681] PM: Adding info for No Bus:vcsa5
[   18.581424] device: 'vcs2': device_add
[   18.581721] PM: Adding info for No Bus:vcs2
[   18.581839] device: 'vcsa2': device_add
[   18.582056] PM: Adding info for No Bus:vcsa2
[   18.643863] device: 'vcs3': device_add
[   18.644338] PM: Adding info for No Bus:vcs3
[   18.644450] device: 'vcsa3': device_add
[   18.644663] PM: Adding info for No Bus:vcsa3

[   18.703743] device: 'virbr0': device_add
[   18.704582] PM: Adding info for No Bus:virbr0
[   18.719540] device: 'vcs6': device_add
[   18.719822] PM: Adding info for No Bus:vcs6
[   18.719929] device: 'vcsa6': device_add
[   18.720149] PM: Adding info for No Bus:vcsa6
FATAL: Could not load /lib/modules/2.6.38.7/modules.dep: No such file or directory
 * Exporting directories for NFS kernel daemon...       [80G Last login: Wed Apr 24 14:58:11 CST 2013 from 192.168.101.1 on pts/3
[74G[ OK ]
Welcome to Ubuntu Natty (development branch) (GNU/Linux 2.6.38.7 armv7l)

 * Documentation:  http://www.linaro.org
 * Starting NFS kernel daemon       [80G [74G[ OK ]
root@linaro:~# linaro start up!
ssh root@192.168.101.2
root@192.168.101.2's password: 
Welcome to Ubuntu Natty (development branch) (GNU/Linux 2.6.38.7 armv7l)

 * Documentation:  http://www.linaro.org
Last login: Wed Apr 24 15:29:59 2013
root@linaro:~# scp root@192.168.101.1:~/file_transfer.sh . 
root@192.168.101.1's password: 
file_transfer.sh                                0%    0     0.0KB/s   --:-- ETAfile_transfer.sh                              100% 3560     3.5KB/s   00:00    
root@linaro:~# scp root@192.168.101.1:~/memTest . 
root@192.168.101.1's password: 
memTest                                         0%    0     0.0KB/s   --:-- ETAmemTest                                       100% 5697     5.6KB/s   00:00    
root@linaro:~# scp -r root@192.168.101.1:~/Config/0000/* /root/kvm/ 
root@192.168.101.1's password: 
0000                                          100%    0     0.0KB/s   00:00    
start1.sh                                       0%    0     0.0KB/s   --:-- ETAstart1.sh                                     100%  649     0.6KB/s   00:00    
start3.sh                                       0%    0     0.0KB/s   --:-- ETAstart3.sh                                     100%  650     0.6KB/s   00:00    
start4.sh                                       0%    0     0.0KB/s   --:-- ETAstart4.sh                                     100%  650     0.6KB/s   00:00    
root@linaro:~# cd /root/kvm
root@linaro:~/kvm# insmod /root/kvm/kvm.ko
root@linaro:~/kvm# chmod +x start1.sh
root@linaro:~/kvm# ./start1.sh
  *** TAP MAC 22:54:00:12:34:01
   ***  idstr ram
   ***  idstr cpu
   ***  idstr sharedpage
   ***  idstr vectors
map addr 0x4d3d3c
   ***  idstr virtio-net
   ***  idstr virtio-console
Warning: more nics requested than this machine supports; some have been ignored
Linux version 2.6.35 (alexey@66-A00327-01) (gcc version 4.4.1 (Sourcery G++ Lite 2010q1-202) ) #3 Thu Jan 10 10:29:34 CST 2013
CPU: ARMv6-compatible processor [0007b000] revision 0 (ARMv6TEJ), cr=00000000
CPU: VIPT nonaliasing data cache, VIPT nonaliasing instruction cache
Machine: KVM-ARM guest OS (realview EB target)
Memory policy: ECC disabled, Data cache writeback
Built 1 zonelists in Zone order, mobility grouping on.  Total pages: 16256
Kernel command line: root=/dev/nfs rw  nfsroot=192.168.20.1:/root/rootfs/debian,hard ip=192.168.20.2::192.168.20.1:255.255.255.0:vm1:eth0:off clocksource=pit console=hvc0
PID hash table entries: 256 (order: -2, 1024 bytes)
Dentry cache hash table entries: 8192 (order: 3, 32768 bytes)
Inode-cache hash table entries: 4096 (order: 2, 16384 bytes)
Memory: 64MB = 64MB total
Memory: 60164k/60164k available, 5372k reserved, 0K highmem
Virtual kernel memory layout:
    vector  : 0xffff0000 - 0xffff1000   (   4 kB)
    fixmap  : 0xfff00000 - 0xfffe0000   ( 896 kB)
    DMA     : 0xffc00000 - 0xffe00000   (   2 MB)
    vmalloc : 0xc4800000 - 0xf8000000   ( 824 MB)
    lowmem  : 0xc0000000 - 0xc4000000   (  64 MB)
    modules : 0xbf000000 - 0xc0000000   (  16 MB)
      .init : 0xc0008000 - 0xc001f000   (  92 kB)
      .text : 0xc001f000 - 0xc026a000   (2348 kB)
      .data : 0xc027e000 - 0xc0296fe0   ( 100 kB)
Hierarchical RCU implementation.
	RCU-based detection of stalled CPUs is disabled.
	Verbose stalled-CPUs detection is disabled.
NR_IRQS:228
Console: colour dummy device 80x30
console [hvc0] enabled
Calibrating delay loop... 634.06 BogoMIPS (lpj=3170304)
pid_max: default: 32768 minimum: 301
Mount-cache hash table entries: 512
CPU: Testing write buffer coherency: ok
NET: Registered protocol family 16
bio: create slab <bio-0> at 0
NET: Registered protocol family 2
IP route cache hash table entries: 1024 (order: 0, 4096 bytes)
TCP established hash table entries: 2048 (order: 2, 16384 bytes)
TCP bind hash table entries: 2048 (order: 1, 8192 bytes)
TCP: Hash tables configured (established 2048 bind 2048)
TCP reno registered
UDP hash table entries: 256 (order: 0, 4096 bytes)
UDP-Lite hash table entries: 256 (order: 0, 4096 bytes)
NET: Registered protocol family 1
RPC: Registered udp transport module.
RPC: Registered tcp transport module.
RPC: Registered tcp NFSv4.1 backchannel transport module.
msgmni has been set to 117
io scheduler noop registered
io scheduler deadline registered (default)
virtio-mmio virtio-mmio.2: Wrong magic value 0x00000000!
TCP cubic registered
NET: Registered protocol family 17
IP-Config: Complete:
     device=eth0, addr=192.168.20.2, mask=255.255.255.0, gw=192.168.20.1,
     host=vm1, domain=, nis-domain=(none),
     bootserver=255.255.255.255, rootserver=192.168.20.1, rootpath=
Looking up port of RPC 100003/2 on 192.168.20.1
Looking up port of RPC 100005/1 on 192.168.20.1
VFS: Mounted root (nfs filesystem) on device 0:10.
Freeing init memory: 92K
modprobe: FATAL: Could not load /lib/modules/2.6.35/modules.dep: No such file or directory

INIT: version 2.88 booting
root@vm1:/# echo $HOSTNAME
vm1
root@vm1:/# /etc/init.d/ssh start
unt /dev/pts
Starting OpenBSD Secure Shell server: sshdmodprobe: FATAL: Could not load /lib/modules/2.6.35/modules.dep: No such file or directory

modprobe: FATAL: Could not load /lib/modules/2.6.35/modules.dep: No such file or directory

.
root@vm1:/# mount /dessh root@192.168.101.2
root@192.168.101.2's password: 
Welcome to Ubuntu Natty (development branch) (GNU/Linux 2.6.38.7 armv7l)

 * Documentation:  http://www.linaro.org
Last login: Wed Apr 24 15:30:09 2013 from 192.168.101.1
root@linaro:~# cd kvm
root@linaro:~/kvm# chmod +x start3.sh
root@linaro:~/kvm# ./start3.sh
  *** TAP MAC 22:54:00:12:34:01
   ***  idstr ram
   ***  idstr cpu
   ***  idstr sharedpage
   ***  idstr vectors
map addr 0x4d3d3c
   ***  idstr virtio-net
   ***  idstr virtio-console
Warning: more nics requested than this machine supports; some have been ignored
Linux version 2.6.35 (alexey@66-A00327-01) (gcc version 4.4.1 (Sourcery G++ Lite 2010q1-202) ) #3 Thu Jan 10 10:29:34 CST 2013
CPU: ARMv6-compatible processor [0007b000] revision 0 (ARMv6TEJ), cr=00000000
CPU: VIPT nonaliasing data cache, VIPT nonaliasing instruction cache
Machine: KVM-ARM guest OS (realview EB target)
Memory policy: ECC disabled, Data cache writeback
Built 1 zonelists in Zone order, mobility grouping on.  Total pages: 16256
Kernel command line: root=/dev/nfs rw  nfsroot=192.168.20.1:/root/rootfs/debian,hard ip=192.168.20.4::192.168.20.1:255.255.255.0:vm3:eth0:off clocksource=pit console=hvc0
PID hash table entries: 256 (order: -2, 1024 bytes)
Dentry cache hash table entries: 8192 (order: 3, 32768 bytes)
Inode-cache hash table entries: 4096 (order: 2, 16384 bytes)
Memory: 64MB = 64MB total
Memory: 60164k/60164k available, 5372k reserved, 0K highmem
Virtual kernel memory layout:
    vector  : 0xffff0000 - 0xffff1000   (   4 kB)
    fixmap  : 0xfff00000 - 0xfffe0000   ( 896 kB)
    DMA     : 0xffc00000 - 0xffe00000   (   2 MB)
    vmalloc : 0xc4800000 - 0xf8000000   ( 824 MB)
    lowmem  : 0xc0000000 - 0xc4000000   (  64 MB)
    modules : 0xbf000000 - 0xc0000000   (  16 MB)
      .init : 0xc0008000 - 0xc001f000   (  92 kB)
      .text : 0xc001f000 - 0xc026a000   (2348 kB)
      .data : 0xc027e000 - 0xc0296fe0   ( 100 kB)
Hierarchical RCU implementation.
	RCU-based detection of stalled CPUs is disabled.
	Verbose stalled-CPUs detection is disabled.
NR_IRQS:228
Console: colour dummy device 80x30
console [hvc0] enabled
Calibrating delay loop... 734.00 BogoMIPS (lpj=3670016)
pid_max: default: 32768 minimum: 301
Mount-cache hash table entries: 512
CPU: Testing write buffer coherency: ok
NET: Registered protocol family 16
bio: create slab <bio-0> at 0
NET: Registered protocol family 2
