Áî±‰ΩøÁî®ËÄÖ anonymous ÂïüÂãï
Âª∫ÁΩÆ‰∏≠ Â∑•‰ΩúÂçÄ /var/lib/jenkins/workspace/IOV-0010
[IOV-0010] $ /bin/sh -xe /tmp/hudson2488517854427730032.sh
+ expect /srv/start.exp IOV 0010 1 1
spawn ssh root@127.0.0.1
root@127.0.0.1's password: 
Welcome to Ubuntu 12.04.2 LTS (GNU/Linux 3.2.0-40-generic-pae i686)

 * Documentation:  https://help.ubuntu.com/

Last login: Wed Apr 24 18:05:30 2013 from chkao.local
]0;root@chkao-System-Product-Name: ~root@chkao-System-Product-Name:~# spawn ssh root@127.0.0.1
root@127.0.0.1's password: 
Welcome to Ubuntu 12.04.2 LTS (GNU/Linux 3.2.0-40-generic-pae i686)

 * Documentation:  https://help.ubuntu.com/

Last login: Wed Apr 24 22:09:35 2013 from localhost
]0;root@chkao-System-Product-Name: ~root@chkao-System-Product-Name:~# spawn ssh root@127.0.0.1
root@127.0.0.1's password: 
Welcome to Ubuntu 12.04.2 LTS (GNU/Linux 3.2.0-40-generic-pae i686)

 * Documentation:  https://help.ubuntu.com/

Last login: Wed Apr 24 22:09:35 2013 from localhost
]0;root@chkao-System-Product-Name: ~root@chkao-System-Product-Name:~# spawn ssh root@127.0.0.1
root@127.0.0.1's password: 
Welcome to Ubuntu 12.04.2 LTS (GNU/Linux 3.2.0-40-generic-pae i686)

 * Documentation:  https://help.ubuntu.com/

Last login: Wed Apr 24 22:09:36 2013 from localhost
]0;root@chkao-System-Product-Name: ~root@chkao-System-Product-Name:~# spawn ssh root@127.0.0.1
root@127.0.0.1's password: 
Welcome to Ubuntu 12.04.2 LTS (GNU/Linux 3.2.0-40-generic-pae i686)

 * Documentation:  https://help.ubuntu.com/

Last login: Wed Apr 24 22:09:37 2013 from localhost
]0;root@chkao-System-Product-Name: ~root@chkao-System-Product-Name:~# spawn ssh root@127.0.0.1
root@127.0.0.1's password: 
Welcome to Ubuntu 12.04.2 LTS (GNU/Linux 3.2.0-40-generic-pae i686)

 * Documentation:  https://help.ubuntu.com/

Last login: Wed Apr 24 22:09:37 2013 from localhost
]0;root@chkao-System-Product-Name: ~root@chkao-System-Product-Name:~# spawn ssh root@127.0.0.1
root@127.0.0.1's password: 
Welcome to Ubuntu 12.04.2 LTS (GNU/Linux 3.2.0-40-generic-pae i686)

 * Documentation:  https://help.ubuntu.com/

Last login: Wed Apr 24 22:09:38 2013 from localhost
]0;root@chkao-System-Product-Name: ~root@chkao-System-Product-Name:~# spawn ssh root@127.0.0.1
root@127.0.0.1's password: 
Welcome to Ubuntu 12.04.2 LTS (GNU/Linux 3.2.0-40-generic-pae i686)

 * Documentation:  https://help.ubuntu.com/

Last login: Wed Apr 24 22:09:38 2013 from localhost
]0;root@chkao-System-Product-Name: ~root@chkao-System-Product-Name:~# spawn ssh root@127.0.0.1
root@127.0.0.1's password: 
Welcome to Ubuntu 12.04.2 LTS (GNU/Linux 3.2.0-40-generic-pae i686)

 * Documentation:  https://help.ubuntu.com/

Last login: Wed Apr 24 22:09:39 2013 from localhost
]0;root@chkao-System-Product-Name: ~root@chkao-System-Product-Name:~# spawn ssh root@127.0.0.1
root@127.0.0.1's password: 
Welcome to Ubuntu 12.04.2 LTS (GNU/Linux 3.2.0-40-generic-pae i686)

 * Documentation:  https://help.ubuntu.com/

Last login: Wed Apr 24 22:09:39 2013 from localhost
]0;root@chkao-System-Product-Name: ~root@chkao-System-Product-Name:~# cd /home/chkao/hypervisor-01242013/linaro+libv irt
]0;root@chkao-System-Product-Name: /home/chkao/hypervisor-01242013/linaro+libvirtroot@chkao-System-Product-Name:/home/chkao/hypervisor-01242013/linaro+libvirt# . /start.sh
pulseaudio: pa_context_connect() failed
pulseaudio: Reason: Connection refused
pulseaudio: Failed to initialize PA contextaudio: Could not init `pa' audio driver
Uncompressing Linux... done, booting the kernel.
[    0.000000] Linux version 2.6.38.7 (alexey@66-A00327-01) (gcc version 4.4.1 (Sourcery G++ Lite 2010q1-202) ) #2 Mon Jan 14 17:42:29 CST 2013
[    0.000000] CPU: ARMv7 Processor [410fc090] revision 0 (ARMv7), cr=10c53c7f
[    0.000000] CPU: VIPT nonaliasing data cache, VIPT aliasing instruction cache
[    0.000000] Machine: ARM-Versatile Express
[    0.000000] Memory policy: ECC disabled, Data cache writeback
[    0.000000] sched_clock: 32 bits at 24MHz, resolution 41ns, wraps every 178956ms
[    0.000000] Built 1 zonelists in Zone order, mobility grouping on.  Total pages: 260096
[    0.000000] Kernel command line: root=/dev/mmcblk0p2 rw mem=1024M raid=noautodetect console=ttyAMA0,38400n8 rootwait vmalloc=256MB devtmpfs.mount=0
[    0.000000] PID hash table entries: 4096 (order: 2, 16384 bytes)
[    0.000000] Dentry cache hash table entries: 131072 (order: 7, 524288 bytes)
[    0.000000] Inode-cache hash table entries: 65536 (order: 6, 262144 bytes)
[    0.000000] Memory: 1024MB = 1024MB total
[    0.000000] Memory: 902884k/902884k available, 145692k reserved, 393216K highmem
[    0.000000] Virtual kernel memory layout:
[    0.000000]     vector  : 0xffff0000 - 0xffff1000   (   4 kB)
[    0.000000]     fixmap  : 0xfff00000 - 0xfffe0000   ( 896 kB)
[    0.000000]     DMA     : 0xffc00000 - 0xffe00000   (   2 MB)
[    0.000000]     vmalloc : 0xe8800000 - 0xf8000000   ( 248 MB)
[    0.000000]     lowmem  : 0xc0000000 - 0xe8000000   ( 640 MB)
[    0.000000]     pkmap   : 0xbfe00000 - 0xc0000000   (   2 MB)
[    0.000000]     modules : 0xbf000000 - 0xbfe00000   (  14 MB)
[    0.000000]       .init : 0xc0008000 - 0xc002e000   ( 152 kB)
[    0.000000]       .text : 0xc002e000 - 0xc0526ddc   (5092 kB)
[    0.000000]       .data : 0xc0528000 - 0xc054d180   ( 149 kB)
[    0.000000] SLUB: Genslabs=13, HWalign=32, Order=0-3, MinObjects=0, CPUs=1, Nodes=1
[    0.000000] NR_IRQS:128
[    0.000000] Console: colour dummy device 80x30
[    0.091928] Calibrating delay loop... 842.13 BogoMIPS (lpj=4210688)
[    0.370548] pid_max: default: 32768 minimum: 301
[    0.371128] Security Framework initialized
[    0.371974] AppArmor: AppArmor initialized
[    0.372167] Mount-cache hash table entries: 512
[    0.375641] CPU: Testing write buffer coherency: ok
[    0.378734] hw perfevents: enabled with ARMv7 Cortex-A9 PMU driver, 1 counters available
[    0.381704] devtmpfs: initialized
[    0.388625] NET: Registered protocol family 16
[    0.398895] hw-breakpoint: debug architecture 0x0 unsupported.
[    0.398995] Serial: AMBA PL011 UART driver
[    0.400072] mb:uart0: ttyAMA0 at MMIO 0x10009000 (irq = 37) is a PL011 rev1
[    0.408591] console [ttyAMA0] enabled
[    0.410847] mb:uart1: ttyAMA1 at MMIO 0x1000a000 (irq = 38) is a PL011 rev1
[    0.411797] mb:uart2: ttyAMA2 at MMIO 0x1000b000 (irq = 39) is a PL011 rev1
[    0.412594] mb:uart3: ttyAMA3 at MMIO 0x1000c000 (irq = 40) is a PL011 rev1
[    0.442166] bio: create slab <bio-0> at 0
[    0.445431] SCSI subsystem initialized
[    0.447100] usbcore: registered new interface driver usbfs
[    0.447980] usbcore: registered new interface driver hub
[    0.448678] usbcore: registered new device driver usb
[    0.452021] Advanced Linux Sound Architecture Driver Version 1.0.23.
[    0.455290] NetLabel: Initializing
[    0.455451] NetLabel:  domain hash size = 128
[    0.455637] NetLabel:  protocols = UNLABELED CIPSOv4
[    0.456361] NetLabel:  unlabeled traffic allowed by default
[    0.457847] DMA-API: preallocated 4096 debug entries
[    0.458068] DMA-API: debugging enabled by kernel config
[    0.458356] Switching to clocksource timer3
[    0.459208] AppArmor: AppArmor Filesystem Enabled
[    0.495787] NET: Registered protocol family 2
[    0.496603] IP route cache hash table entries: 32768 (order: 5, 131072 bytes)
[    0.498331] TCP established hash table entries: 131072 (order: 8, 1048576 bytes)
[    0.500931] TCP bind hash table entries: 65536 (order: 6, 262144 bytes)
[    0.503878] TCP: Hash tables configured (established 131072 bind 65536)
[    0.504172] TCP reno registered
[    0.504333] UDP hash table entries: 512 (order: 1, 8192 bytes)
[    0.504626] UDP-Lite hash table entries: 512 (order: 1, 8192 bytes)
[    0.505468] NET: Registered protocol family 1
[    0.506546] RPC: Registered udp transport module.
[    0.506738] RPC: Registered tcp transport module.
[    0.506922] RPC: Registered tcp NFSv4.1 backchannel transport module.
[    0.508967] Trying to unpack rootfs image as initramfs...
[    0.746735] Freeing initrd memory: 2624K
[    0.747816] PMU: registered new PMU device of type 0
[    0.748328] [KVM] kvm_eventfd: irqfd_module_init
[    0.750194] audit: initializing netlink socket (disabled)
[    0.750905] type=2000 audit(0.640:1): initialized
[    0.753659] highmem bounce pool size: 64 pages
[    0.780590] Installing knfsd (copyright (C) 1996 okir@monad.swb.de).
[    0.781593] JFFS2 version 2.2. (NAND) ¬© 2001-2006 Red Hat, Inc.
[    0.784211] JFS: nTxBlock = 7074, nTxLock = 56594
[    0.790577] Btrfs loaded
[    0.791142] msgmni has been set to 1000
[    0.793774] Block layer SCSI generic (bsg) driver version 0.4 loaded (major 253)
[    0.794148] io scheduler noop registered
[    0.794337] io scheduler deadline registered (default)
[    0.795550] clcd-pl11x ct:clcd: PL111 rev2 at 0x10020000
[    0.797678] clcd-pl11x ct:clcd: CT-CA9X4 hardware, XVGA display
[    0.800171] v2m_cfg_write: writing 03c8eee0 to 00110001
[    0.820883] v2m_cfg_write: writing 00000000 to 00710000
[    0.820902] v2m_cfg_write: writing 00000002 to 00b10000
[    0.833654] Console: switching to colour frame buffer device 128x48
[    0.872976] brd: module loaded
[    0.878962] armflash-0: Found 1 x32 devices at 0x0 in 32-bit bank. Manufacturer ID 0x000000 Chip ID 0x000000
[    0.879626] Intel/Sharp Extended Query Table at 0x0031
[    0.880338] Using buffer write method
[    0.882853] armflash-1: Found 1 x32 devices at 0x0 in 32-bit bank. Manufacturer ID 0x000000 Chip ID 0x000000
[    0.883223] Intel/Sharp Extended Query Table at 0x0031
[    0.883867] Using buffer write method
[    0.884115] Concatenating MTD devices:
[    0.884273] (0): "armflash-0"
[    0.884404] (1): "armflash-1"
[    0.884548] into device "armflash"
 modprobe: FATAL: Could not load /lib/modules/2.6.38.7/modules.dep: No such file or directory

[    0.923411] RedBoot partition parsing not available
 modprobe: FATAL: Could not load /lib/modules/2.6.38.7/modules.dep: No such file or directory

[    0.945532] afs partition parsing not available
[    0.946172] PPP generic driver version 2.4.2
[    0.947174] tun: Universal TUN/TAP device driver, 1.6
[    0.947361] tun: (C) 1999-2004 Max Krasnyansky <maxk@qualcomm.com>
[    0.948723] smsc911x: Driver version 2008-10-21.
[    0.969658] smsc911x-mdio: probed
[    0.970131] eth0: attached PHY driver [Generic PHY] (mii_bus:phy_addr=ffffffff:01, irq=-1)
[    0.971088] net eth0: MAC Address: 52:54:00:12:34:56
[    0.971640] usbmon: debugfs is not available
[    0.972275] isp1760 isp1760: NXP ISP1760 USB Host Controller
[    0.972574] isp1760 isp1760: new USB bus registered, assigned bus number 1
[    0.973064] isp1760 isp1760: Scratch test failed.
[    0.973253] isp1760 isp1760: can't setup
[    0.973491] isp1760 isp1760: USB bus 1 deregistered
[    0.973755] isp1760: Failed to register the HCD device
[    0.977194] mousedev: PS/2 mouse device common for all mice
[    0.980343] rtc-pl031 mb:rtc: rtc core: registered pl031 as rtc0
[    0.982176] device-mapper: uevent: version 1.0.3
[    0.983536] device-mapper: ioctl: 4.19.1-ioctl (2011-01-07) initialised: dm-devel@redhat.com
[    0.984215] device-mapper: multipath: version 1.2.0 loaded
[    0.984524] device-mapper: multipath round-robin: version 1.0.0 loaded
[    0.986272] mmci-pl18x mb:mmci: mmc0: PL181 manf 41 rev0 at 0x10005000 irq 41,42 (pio)
[    1.007924] aaci-pl041 mb:aaci: ARM AC'97 Interface PL041 rev0 at 0x10004000, irq 43
[    1.008287] aaci-pl041 mb:aaci: FIFO 512 entries
[    1.008801] ALSA device list:
[    1.008940]   #0: ARM AC'97 Interface PL041 rev0 at 0x10004000, irq 43
[    1.009848] nf_conntrack version 0.5.0 (14148 buckets, 56592 max)
[    1.012346] ip_tables: (C) 2000-2006 Netfilter Core Team
[    1.013618] arp_tables: (C) 2002 David S. Miller
[    1.013934] TCP cubic registered
[    1.014065] NET: Registered protocol family 17
[    1.014541] Bridge firewalling registered
[    1.014763] Ebtables v2.0 registered
[    1.015253] VFP support v0.3: implementor 41 architecture 3 part 30 variant 9 rev 0
[    1.031580] mmc0: host does not support reading read-only switch. assuming write-enable.
[    1.032124] mmc0: new SDHC card at address 4567
[    1.041554] mmcblk0: mmc0:4567 QEMU! 3.00 GiB 
[    1.048531]  mmcblk0: p1 p2
[    1.054093] rtc-pl031 mb:rtc: setting system clock to 2013-04-24 14:09:42 UTC (1366812582)
 [    1.057287] Freeing init memory: 152K
[    1.076175] input: AT Raw Set 2 keyboard as /devices/mb:kmi0/serio0/input/input0
Loading, please wait...
[    1.280961] input: ImExPS/2 Generic Explorer Mouse as /devices/mb:kmi1/serio1/input/input1
[    1.509328] udev[521]: starting version 167
Begin: Loading essential drivers ... done.
Begin: Running /scripts/init-premount ... done.
Begin: Mounting root file system ... Begin: Running /scripts/local-top ... done.
Begin: Running /scripts/local-premount ... done.
FATAL: Could not load /lib/modules/2.6.38.7/modules.dep: No such file or directory
[    3.297395] EXT4-fs (mmcblk0p2): warning: maximal mount count reached, running e2fsck is recommended
[    3.300944] EXT4-fs (mmcblk0p2): mounted filesystem with ordered data mode. Opts: (null)
Begin: Running /scripts/local-bottom ... done.
done.
Begin: Running /scripts/init-bottom ... done.
 [    9.244270] udev[666]: starting version 167
modprobe: FATAL: Could not load /lib/modules/2.6.38.7/modules.dep: No such file or directory

init: ureadahead main process (597) terminated with status 5
[   11.429316] net eth0: SMSC911x/921x identified at 0xe8cc0000, IRQ: 47
[   13.707742] device: 'vcs4': device_add
[   13.708124] PM: Adding info for No Bus:vcs4
[   13.708271] device: 'vcsa4': device_add
[   13.708423] PM: Adding info for No Bus:vcsa4
[   13.731652] device: 'vcs5': device_add
[   13.731870] PM: Adding info for No Bus:vcs5
[   13.731951] device: 'vcsa5': device_add
[   13.732115] PM: Adding info for No Bus:vcsa5
[   13.821698] device: 'vcs2': device_add
[   13.823487] PM: Adding info for No Bus:vcs2
[   13.824499] device: 'vcsa2': device_add
[   13.824677] PM: Adding info for No Bus:vcsa2
[   13.869972] device: 'vcs3': device_add
[   13.870409] PM: Adding info for No Bus:vcs3
[   13.870507] device: 'vcsa3': device_add
[   13.870839] PM: Adding info for No Bus:vcsa3

[   13.947611] device: 'vcs6': device_add
[   13.947857] PM: Adding info for No Bus:vcs6
[   13.947949] device: 'vcsa6': device_add
[   13.948099] PM: Adding info for No Bus:vcsa6
[   13.969052] device: 'virbr0': device_add
[   13.969678] PM: Adding info for No Bus:virbr0
FATAL: Could not load /lib/modules/2.6.38.7/modules.dep: No such file or directory
Last login: Wed Apr 24 22:08:09 CST 2013 on tty1
 * Exporting directories for NFS kernel daemon...       [80G Welcome to Ubuntu Natty (development branch) (GNU/Linux 2.6.38.7 armv7l)

 * Documentation:  http://www.linaro.org
[74G[ OK ]
 * Starting NFS kernel daemon       [80G [74G[ OK ]
root@linaro:~# linaro start up!
ssh root@192.168.101.2
root@192.168.101.2's password: 
Welcome to Ubuntu Natty (development branch) (GNU/Linux 2.6.38.7 armv7l)

 * Documentation:  http://www.linaro.org
Last login: Wed Apr 24 22:10:00 2013
]0;root@linaro: ~root@linaro:~# scp root@192.168.101.1:~/file_transfer.sh . 
@@@@@@@@@@@@@@@@@@@@@@@@@@@@@@@@@@@@@@@@@@@@@@@@@@@@@@@@@@@
@    WARNING: REMOTE HOST IDENTIFICATION HAS CHANGED!     @
@@@@@@@@@@@@@@@@@@@@@@@@@@@@@@@@@@@@@@@@@@@@@@@@@@@@@@@@@@@
IT IS POSSIBLE THAT SOMEONE IS DOING SOMETHING NASTY!
Someone could be eavesdropping on you right now (man-in-the-middle attack)!
It is also possible that a host key has just been changed.
The fingerprint for the ECDSA key sent by the remote host is
6f:44:67:02:64:be:bb:58:b2:01:11:8d:ca:21:b6:44.
Please contact your system administrator.
Add correct host key in /root/.ssh/known_hosts to get rid of this message.
Offending ECDSA key in /root/.ssh/known_hosts:3
  remove with: ssh-keygen -f "/root/.ssh/known_hosts" -R 192.168.101.1
ECDSA host key for 192.168.101.1 has changed and you have requested strict checking.
Host key verification failed.
]0;root@linaro: ~root@linaro:~# [Kscp root@192.168.101.1:~/memTest . 
@@@@@@@@@@@@@@@@@@@@@@@@@@@@@@@@@@@@@@@@@@@@@@@@@@@@@@@@@@@
@    WARNING: REMOTE HOST IDENTIFICATION HAS CHANGED!     @
@@@@@@@@@@@@@@@@@@@@@@@@@@@@@@@@@@@@@@@@@@@@@@@@@@@@@@@@@@@
IT IS POSSIBLE THAT SOMEONE IS DOING SOMETHING NASTY!
Someone could be eavesdropping on you right now (man-in-the-middle attack)!
It is also possible that a host key has just been changed.
The fingerprint for the ECDSA key sent by the remote host is
6f:44:67:02:64:be:bb:58:b2:01:11:8d:ca:21:b6:44.
Please contact your system administrator.
Add correct host key in /root/.ssh/known_hosts to get rid of this message.
Offending ECDSA key in /root/.ssh/known_hosts:3
  remove with: ssh-keygen -f "/root/.ssh/known_hosts" -R 192.168.101.1
ECDSA host key for 192.168.101.1 has changed and you have requested strict checking.
Host key verification failed.
]0;root@linaro: ~root@linaro:~# [Kscp -r root@192.168.101.1:~/Config/0010/* /root/kvm/ 
@@@@@@@@@@@@@@@@@@@@@@@@@@@@@@@@@@@@@@@@@@@@@@@@@@@@@@@@@@@
@    WARNING: REMOTE HOST IDENTIFICATION HAS CHANGED!     @
@@@@@@@@@@@@@@@@@@@@@@@@@@@@@@@@@@@@@@@@@@@@@@@@@@@@@@@@@@@
IT IS POSSIBLE THAT SOMEONE IS DOING SOMETHING NASTY!
Someone could be eavesdropping on you right now (man-in-the-middle attack)!
It is also possible that a host key has just been changed.
The fingerprint for the ECDSA key sent by the remote host is
6f:44:67:02:64:be:bb:58:b2:01:11:8d:ca:21:b6:44.
Please contact your system administrator.
Add correct host key in /root/.ssh/known_hosts to get rid of this message.
Offending ECDSA key in /root/.ssh/known_hosts:3
  remove with: ssh-keygen -f "/root/.ssh/known_hosts" -R 192.168.101.1
ECDSA host key for 192.168.101.1 has changed and you have requested strict checking.
Host key verification failed.
]0;root@linaro: ~root@linaro:~# [Kcd /root/kvm
]0;root@linaro: ~/kvmroot@linaro:~/kvm# insmod /root/kvm/kvm.ko
]0;root@linaro: ~/kvmroot@linaro:~/kvm# chmod +x start1.sh
]0;root@linaro: ~/kvmroot@linaro:~/kvm# ./start1.sh
  *** TAP MAC 22:54:00:12:34:01
   ***  idstr ram
   ***  idstr cpu
   ***  idstr sharedpage
   ***  idstr vectors
map addr 0x4d3d3c
   ***  idstr virtio-net
   ***  idstr virtio-console
Warning: more nics requested than this machine supports; some have been ignored
Linux version 2.6.35 (alexey@66-A00327-01) (gcc version 4.4.1 (Sourcery G++ Lite 2010q1-202) ) #3 Thu Jan 10 10:29:34 CST 2013
CPU: ARMv6-compatible processor [0007b000] revision 0 (ARMv6TEJ), cr=00000000
CPU: VIPT nonaliasing data cache, VIPT nonaliasing instruction cache
Machine: KVM-ARM guest OS (realview EB target)
Memory policy: ECC disabled, Data cache writeback
Built 1 zonelists in Zone order, mobility grouping on.  Total pages: 16256
Kernel command line: root=/dev/nfs rw  nfsroot=192.168.20.1:/root/rootfs/debian,hard ip=192.168.20.2::192.168.20.1:255.255.255.0:vm1:eth0:off clocksource=pit console=hvc0
PID hash table entries: 256 (order: -2, 1024 bytes)
Dentry cache hash table entries: 8192 (order: 3, 32768 bytes)
Inode-cache hash table entries: 4096 (order: 2, 16384 bytes)
Memory: 64MB = 64MB total
Memory: 60164k/60164k available, 5372k reserved, 0K highmem
Virtual kernel memory layout:
    vector  : 0xffff0000 - 0xffff1000   (   4 kB)
    fixmap  : 0xfff00000 - 0xfffe0000   ( 896 kB)
    DMA     : 0xffc00000 - 0xffe00000   (   2 MB)
    vmalloc : 0xc4800000 - 0xf8000000   ( 824 MB)
    lowmem  : 0xc0000000 - 0xc4000000   (  64 MB)
    modules : 0xbf000000 - 0xc0000000   (  16 MB)
      .init : 0xc0008000 - 0xc001f000   (  92 kB)
      .text : 0xc001f000 - 0xc026a000   (2348 kB)
      .data : 0xc027e000 - 0xc0296fe0   ( 100 kB)
Hierarchical RCU implementation.
	RCU-based detection of stalled CPUs is disabled.
	Verbose stalled-CPUs detection is disabled.
NR_IRQS:228
Console: colour dummy device 80x30
console [hvc0] enabled
Calibrating delay loop... 820.83 BogoMIPS (lpj=4104192)
pid_max: default: 32768 minimum: 301
Mount-cache hash table entries: 512
CPU: Testing write buffer coherency: ok
NET: Registered protocol family 16
bio: create slab <bio-0> at 0
NET: Registered protocol family 2
IP route cache hash table entries: 1024 (order: 0, 4096 bytes)
TCP established hash table entries: 2048 (order: 2, 16384 bytes)
TCP bind hash table entries: 2048 (order: 1, 8192 bytes)
TCP: Hash tables configured (established 2048 bind 2048)
TCP reno registered
UDP hash table entries: 256 (order: 0, 4096 bytes)
UDP-Lite hash table entries: 256 (order: 0, 4096 bytes)
NET: Registered protocol family 1
RPC: Registered udp transport module.
RPC: Registered tcp transport module.
RPC: Registered tcp NFSv4.1 backchannel transport module.
msgmni has been set to 117
io scheduler noop registered
io scheduler deadline registered (default)
virtio-mmio virtio-mmio.2: Wrong magic value 0x00000000!
TCP cubic registered
NET: Registered protocol family 17
IP-Config: Complete:
     device=eth0, addr=192.168.20.2, mask=255.255.255.0, gw=192.168.20.1,
     host=vm1, domain=, nis-domain=(none),
     bootserver=255.255.255.255, rootserver=192.168.20.1, rootpath=
Looking up port of RPC 100003/2 on 192.168.20.1
Looking up port of RPC 100005/1 on 192.168.20.1
VFS: Mounted root (nfs filesystem) on device 0:10.
Freeing init memory: 92K
modprobe: FATAL: Could not load /lib/modules/2.6.35/modules.dep: No such file or directory

INIT: version 2.88 booting
root@vm1:/# echo $HOSTNAME
vm1
root@vm1:/# /etc/init.d/ssh start
nt /dev/pts
Starting OpenBSD Secure Shell server: sshdmodprobe: FATAL: Could not load /lib/modules/2.6.35/modules.dep: No such file or directory

modprobe: FATAL: Could not load /lib/modules/2.6.35/modules.dep: No such file or directory

.
root@vm1:/# mount /dev/pts
ssh root@192.168.101.2
root@192.168.101.2's password: 
Welcome to Ubuntu Natty (development branch) (GNU/Linux 2.6.38.7 armv7l)

 * Documentation:  http://www.linaro.org
Last login: Wed Apr 24 22:10:11 2013 from 192.168.101.1
]0;root@linaro: ~root@linaro:~# cd kvm
]0;root@linaro: ~/kvmroot@linaro:~/kvm# chmod +x start3.sh
]0;root@linaro: ~/kvmroot@linaro:~/kvm# ./start3.sh
  *** TAP MAC 22:54:00:12:34:01
   ***  idstr ram
   ***  idstr cpu
   ***  idstr sharedpage
   ***  idstr vectors
map addr 0x4d3d3c
   ***  idstr virtio-net
   ***  idstr virtio-console
Warning: more nics requested than this machine supports; some have been ignored
Linux version 2.6.35 (alexey@66-A00327-01) (gcc version 4.4.1 (Sourcery G++ Lite 2010q1-202) ) #3 Thu Jan 10 10:29:34 CST 2013
CPU: ARMv6-compatible processor [0007b000] revision 0 (ARMv6TEJ), cr=00000000
CPU: VIPT nonaliasing data cache, VIPT nonaliasing instruction cache
Machine: KVM-ARM guest OS (realview EB target)
Memory policy: ECC disabled, Data cache writeback
Built 1 zonelists in Zone order, mobility grouping on.  Total pages: 16256
Kernel command line: root=/dev/nfs rw  nfsroot=192.168.20.1:/root/rootfs/debian,hard ip=192.168.20.4::192.168.20.1:255.255.255.0:vm3:eth0:off clocksource=pit console=hvc0
PID hash table entries: 256 (order: -2, 1024 bytes)
Dentry cache hash table entries: 8192 (order: 3, 32768 bytes)
Inode-cache hash table entries: 4096 (order: 2, 16384 bytes)
Memory: 64MB = 64MB total
Memory: 60164k/60164k available, 5372k reserved, 0K highmem
Virtual kernel memory layout:
    vector  : 0xffff0000 - 0xffff1000   (   4 kB)
    fixmap  : 0xfff00000 - 0xfffe0000   ( 896 kB)
    DMA     : 0xffc00000 - 0xffe00000   (   2 MB)
    vmalloc : 0xc4800000 - 0xf8000000   ( 824 MB)
    lowmem  : 0xc0000000 - 0xc4000000   (  64 MB)
    modules : 0xbf000000 - 0xc0000000   (  16 MB)
      .init : 0xc0008000 - 0xc001f000   (  92 kB)
      .text : 0xc001f000 - 0xc026a000   (2348 kB)
      .data : 0xc027e000 - 0xc0296fe0   ( 100 kB)
Hierarchical RCU implementation.
	RCU-based detection of stalled CPUs is disabled.
	Verbose stalled-CPUs detection is disabled.
NR_IRQS:228
Console: colour dummy device 80x30
console [hvc0] enabled
Calibrating delay loop... 838.86 BogoMIPS (lpj=4194304)
pid_max: default: 32768 minimum: 301
Mount-cache hash table entries: 512
CPU: Testing write buffer coherency: ok
NET: Registered protocol family 16
bio: create slab <bio-0> at 0
NET: Registered protocol family 2
IP route cache hash table entries: 1024 (order: 0, 4096 bytes)
TCP established hash table entries: 2048 (order: 2, 16384 bytes)
TCP bind hash table entries: 2048 (order: 1, 8192 bytes)
TCP: Hash tables configured (established 2048 bind 2048)
TCP reno registered
UDP hash table entries: 256 (order: 0, 4096 bytes)
UDP-Lite hash table entries: 256 (order: 0, 4096 bytes)
NET: Registered protocol family 1
RPC: Registered udp transport module.
RPC: Registered tcp transport module.
RPC: Registered tcp NFSv4.1 backchannel transport module.
msgmni has been set to 117
io scheduler noop registered
io scheduler deadline registered (default)
virtio-mmio virtio-mmio.2: Wrong magic value 0x00000000!
TCP cubic registered
NET: Registered protocol family 17
IP-Config: Complete:
     device=eth0, addr=192.168.20.4, mask=255.255.255.0, gw=192.168.20.1,
     host=vm3, domain=, nis-domain=(none),
     bootserver=255.255.255.255, rootserver=192.168.20.1, rootpath=
Looking up port of RPC 100003/2 on 192.168.20.1
Looking up port of RPC 100005/1 on 192.168.20.1
VFS: Mounted root (nfs filesystem) on device 0:10.
Freeing init memory: 92K
modprobe: FATAL: Could not load /lib/modules/2.6.35/modules.dep: No such file or directory

INIT: version 2.88 booting
root@vm3:/# /etc/init.d/ssh start
mount /dev/pts
Starting OpenBSD Secure Shell server: sshdmodprobe: FATAL: Could not load /lib/modules/2.6.35/modules.dep: No such file or directory

modprobe: FATAL: Could not load /lib/modules/2.6.35/modules.dep: No such file or directory

.
root@vm3:/# mount /dev/pts
echo $HOSTNAME
root@vm3:/# echo $ssh root@192.168.101.2
root@192.168.101.2's password: 
Welcome to Ubuntu Natty (development branch) (GNU/Linux 2.6.38.7 armv7l)

 * Documentation:  http://www.linaro.org
Last login: Wed Apr 24 22:10:41 2013 from 192.168.101.1
]0;root@linaro: ~root@linaro:~# chmod +x file_transfer.sh
]0;root@linaro: ~root@linaro:~# [K./file_transfer.sh 10 5 IOV 0010 1 
Loop	Elapsed time(seconds)	MD5 comparison result	Size comparison result
10+0 records in
10+0 records out
10485760 bytes (10 MB) copied, 2.0173 s, 5.2 MB/s
Copy random_file from Host to Guest VM1
random_file                                     0%    0     0.0KB/s   --:-- ETArandom_file                                    36% 3728KB   3.6MB/s   00:01 ETArandom_file                                    56% 5808KB   3.5MB/s   00:01 ETArandom_file                                    77% 7984KB   3.3MB/s   00:00 ETArandom_file                                    90% 9264KB   3.1MB/s   00:00 ETArandom_file                                   100%   10MB   2.0MB/s   00:05    
	10	Check md5 from Host and Guest VM1:
MD5 match	Check size from Host and Guest VM1:
Size match

1	Copy random_file from Guest VM1 to Guest VM2
15	Check md5 from Guest VM1 and Guest VM2:
MD5 match	Check size from Guest VM1 and Guest VM2:
Size match

Copy random_file from Guest VM2 to Guest VM1
	14	Check md5 from Guest VM1 and Guest VM2:
MD5 match	Check size from Guest VM1 and Guest VM2:
Size match

2	Copy random_file from Guest VM1 to Guest VM2
14	Check md5 from Guest VM1 and Guest VM2:
MD5 match	Check size from Guest VM1 and Guest VM2:
Size match

Copy random_file from Guest VM2 to Guest VM1
	13	Check md5 from Guest VM1 and Guest VM2:
MD5 match	Check size from Guest VM1 and Guest VM2:
Size match

3	Copy random_file from Guest VM1 to Guest VM2
15	Check md5 from Guest VM1 and Guest VM2:
MD5 match	Check size from Guest VM1 and Guest VM2:
Size match

Copy random_file from Guest VM2 to Guest VM1
	15	Check md5 from Guest VM1 and Guest VM2:
MD5 match	Check size from Guest VM1 and Guest VM2:
Size match

4	Copy random_file from Guest VM1 to Guest VM2
14	Check md5 from Guest VM1 and Guest VM2:
MD5 match	Check size from Guest VM1 and Guest VM2:
Size match

Copy random_file from Guest VM2 to Guest VM1
	14	Check md5 from Guest VM1 and Guest VM2:
MD5 match	Check size from Guest VM1 and Guest VM2:
Size match

5	Copy random_file from Guest VM1 to Guest VM2
14	Check md5 from Guest VM1 and Guest VM2:
MD5 match	Check size from Guest VM1 and Guest VM2:
Size match

Copy random_file from Guest VM2 to Guest VM1
	15	Check md5 from Guest VM1 and Guest VM2:
MD5 match	Check size from Guest VM1 and Guest VM2:
Size match

Start time:
20130424221102
End time:
20130424221610
ssh root@192.168.101.2
root@192.168.101.2's password: 
Welcome to Ubuntu Natty (development branch) (GNU/Linux 2.6.38.7 armv7l)

 * Documentation:  http://www.linaro.org
Last login: Wed Apr 24 22:11:01 2013 from 192.168.101.1
]0;root@linaro: ~root@linaro:~# scp *.csv chkao@192.168.101.1:~/Report/
@@@@@@@@@@@@@@@@@@@@@@@@@@@@@@@@@@@@@@@@@@@@@@@@@@@@@@@@@@@
@    WARNING: REMOTE HOST IDENTIFICATION HAS CHANGED!     @
@@@@@@@@@@@@@@@@@@@@@@@@@@@@@@@@@@@@@@@@@@@@@@@@@@@@@@@@@@@
IT IS POSSIBLE THAT SOMEONE IS DOING SOMETHING NASTY!
Someone could be eavesdropping on you right now (man-in-the-middle attack)!
It is also possible that a host key has just been changed.
The fingerprint for the ECDSA key sent by the remote host is
6f:44:67:02:64:be:bb:58:b2:01:11:8d:ca:21:b6:44.
Please contact your system administrator.
Add correct host key in /root/.ssh/known_hosts to get rid of this message.
Offending ECDSA key in /root/.ssh/known_hosts:3
  remove with: ssh-keygen -f "/root/.ssh/known_hosts" -R 192.168.101.1
ECDSA host key for 192.168.101.1 has changed and you have requested strict checking.
Host key verification failed.
lost connection
]0;root@linaro: ~root@linaro:~# [Kssh root@192.168.101.2 'rm *.csv'
root@192.168.101.2's password: 
]0;root@chkao-System-Product-Name: ~root@chkao-System-Product-Name:~# PROGRAM END
[IOV-0010] $ /bin/sh -xe /tmp/hudson4538815917420031767.sh
+ expect /srv/start.exp IOV 0010 2 1
spawn ssh root@127.0.0.1
root@127.0.0.1's password: 
Welcome to Ubuntu 12.04.2 LTS (GNU/Linux 3.2.0-40-generic-pae i686)

 * Documentation:  https://help.ubuntu.com/

Last login: Wed Apr 24 22:09:40 2013 from localhost
]0;root@chkao-System-Product-Name: ~root@chkao-System-Product-Name:~# spawn ssh root@127.0.0.1
root@127.0.0.1's password: 
Welcome to Ubuntu 12.04.2 LTS (GNU/Linux 3.2.0-40-generic-pae i686)

 * Documentation:  https://help.ubuntu.com/

Last login: Wed Apr 24 22:16:33 2013 from localhost
]0;root@chkao-System-Product-Name: ~root@chkao-System-Product-Name:~# spawn ssh root@127.0.0.1
root@127.0.0.1's password: 
Welcome to Ubuntu 12.04.2 LTS (GNU/Linux 3.2.0-40-generic-pae i686)

 * Documentation:  https://help.ubuntu.com/

Last login: Wed Apr 24 22:16:33 2013 from localhost
]0;root@chkao-System-Product-Name: ~root@chkao-System-Product-Name:~# spawn ssh root@127.0.0.1
root@127.0.0.1's password: 
Welcome to Ubuntu 12.04.2 LTS (GNU/Linux 3.2.0-40-generic-pae i686)

 * Documentation:  https://help.ubuntu.com/

Last login: Wed Apr 24 22:16:34 2013 from localhost
]0;root@chkao-System-Product-Name: ~root@chkao-System-Product-Name:~# spawn ssh root@127.0.0.1
root@127.0.0.1's password: 
Welcome to Ubuntu 12.04.2 LTS (GNU/Linux 3.2.0-40-generic-pae i686)

 * Documentation:  https://help.ubuntu.com/

Last login: Wed Apr 24 22:16:34 2013 from localhost
]0;root@chkao-System-Product-Name: ~root@chkao-System-Product-Name:~# spawn ssh root@127.0.0.1
root@127.0.0.1's password: 
Welcome to Ubuntu 12.04.2 LTS (GNU/Linux 3.2.0-40-generic-pae i686)

 * Documentation:  https://help.ubuntu.com/

Last login: Wed Apr 24 22:16:35 2013 from localhost
]0;root@chkao-System-Product-Name: ~root@chkao-System-Product-Name:~# spawn ssh root@127.0.0.1
root@127.0.0.1's password: 
Welcome to Ubuntu 12.04.2 LTS (GNU/Linux 3.2.0-40-generic-pae i686)

 * Documentation:  https://help.ubuntu.com/

Last login: Wed Apr 24 22:16:35 2013 from localhost
]0;root@chkao-System-Product-Name: ~root@chkao-System-Product-Name:~# spawn ssh root@127.0.0.1
root@127.0.0.1's password: 
Welcome to Ubuntu 12.04.2 LTS (GNU/Linux 3.2.0-40-generic-pae i686)

 * Documentation:  https://help.ubuntu.com/

Last login: Wed Apr 24 22:16:36 2013 from localhost
]0;root@chkao-System-Product-Name: ~root@chkao-System-Product-Name:~# spawn ssh root@127.0.0.1
root@127.0.0.1's password: 
Welcome to Ubuntu 12.04.2 LTS (GNU/Linux 3.2.0-40-generic-pae i686)

 * Documentation:  https://help.ubuntu.com/

Last login: Wed Apr 24 22:16:37 2013 from localhost
]0;root@chkao-System-Product-Name: ~root@chkao-System-Product-Name:~# spawn ssh root@127.0.0.1
root@127.0.0.1's password: 
Welcome to Ubuntu 12.04.2 LTS (GNU/Linux 3.2.0-40-generic-pae i686)

 * Documentation:  https://help.ubuntu.com/

Last login: Wed Apr 24 22:16:37 2013 from localhost
]0;root@chkao-System-Product-Name: ~root@chkao-System-Product-Name:~# cd /home/chkao/hypervisor-01242013/linaro+libv irt
]0;root@chkao-System-Product-Name: /home/chkao/hypervisor-01242013/linaro+libvirtroot@chkao-System-Product-Name:/home/chkao/hypervisor-01242013/linaro+libvirt# . /start.sh
pulseaudio: pa_context_connect() failed
pulseaudio: Reason: Connection refused
pulseaudio: Failed to initialize PA contextaudio: Could not init `pa' audio driver
Uncompressing Linux... done, booting the kernel.
[    0.000000] Linux version 2.6.38.7 (alexey@66-A00327-01) (gcc version 4.4.1 (Sourcery G++ Lite 2010q1-202) ) #2 Mon Jan 14 17:42:29 CST 2013
[    0.000000] CPU: ARMv7 Processor [410fc090] revision 0 (ARMv7), cr=10c53c7f
[    0.000000] CPU: VIPT nonaliasing data cache, VIPT aliasing instruction cache
[    0.000000] Machine: ARM-Versatile Express
[    0.000000] Memory policy: ECC disabled, Data cache writeback
[    0.000000] sched_clock: 32 bits at 24MHz, resolution 41ns, wraps every 178956ms
[    0.000000] Built 1 zonelists in Zone order, mobility grouping on.  Total pages: 260096
[    0.000000] Kernel command line: root=/dev/mmcblk0p2 rw mem=1024M raid=noautodetect console=ttyAMA0,38400n8 rootwait vmalloc=256MB devtmpfs.mount=0
[    0.000000] PID hash table entries: 4096 (order: 2, 16384 bytes)
[    0.000000] Dentry cache hash table entries: 131072 (order: 7, 524288 bytes)
[    0.000000] Inode-cache hash table entries: 65536 (order: 6, 262144 bytes)
[    0.000000] Memory: 1024MB = 1024MB total
[    0.000000] Memory: 902884k/902884k available, 145692k reserved, 393216K highmem
[    0.000000] Virtual kernel memory layout:
[    0.000000]     vector  : 0xffff0000 - 0xffff1000   (   4 kB)
[    0.000000]     fixmap  : 0xfff00000 - 0xfffe0000   ( 896 kB)
[    0.000000]     DMA     : 0xffc00000 - 0xffe00000   (   2 MB)
[    0.000000]     vmalloc : 0xe8800000 - 0xf8000000   ( 248 MB)
[    0.000000]     lowmem  : 0xc0000000 - 0xe8000000   ( 640 MB)
[    0.000000]     pkmap   : 0xbfe00000 - 0xc0000000   (   2 MB)
[    0.000000]     modules : 0xbf000000 - 0xbfe00000   (  14 MB)
[    0.000000]       .init : 0xc0008000 - 0xc002e000   ( 152 kB)
[    0.000000]       .text : 0xc002e000 - 0xc0526ddc   (5092 kB)
[    0.000000]       .data : 0xc0528000 - 0xc054d180   ( 149 kB)
[    0.000000] SLUB: Genslabs=13, HWalign=32, Order=0-3, MinObjects=0, CPUs=1, Nodes=1
[    0.000000] NR_IRQS:128
[    0.000000] Console: colour dummy device 80x30
[    0.092178] Calibrating delay loop... 848.69 BogoMIPS (lpj=4243456)
[    0.361058] pid_max: default: 32768 minimum: 301
[    0.361440] Security Framework initialized
[    0.362291] AppArmor: AppArmor initialized
[    0.362482] Mount-cache hash table entries: 512
[    0.365999] CPU: Testing write buffer coherency: ok
[    0.369105] hw perfevents: enabled with ARMv7 Cortex-A9 PMU driver, 1 counters available
[    0.371928] devtmpfs: initialized
[    0.378838] NET: Registered protocol family 16
[    0.388859] hw-breakpoint: debug architecture 0x0 unsupported.
[    0.388961] Serial: AMBA PL011 UART driver
[    0.390030] mb:uart0: ttyAMA0 at MMIO 0x10009000 (irq = 37) is a PL011 rev1
[    0.398540] console [ttyAMA0] enabled
[    0.400648] mb:uart1: ttyAMA1 at MMIO 0x1000a000 (irq = 38) is a PL011 rev1
[    0.401718] mb:uart2: ttyAMA2 at MMIO 0x1000b000 (irq = 39) is a PL011 rev1
[    0.402551] mb:uart3: ttyAMA3 at MMIO 0x1000c000 (irq = 40) is a PL011 rev1
[    0.431681] bio: create slab <bio-0> at 0
[    0.434910] SCSI subsystem initialized
[    0.436634] usbcore: registered new interface driver usbfs
[    0.437483] usbcore: registered new interface driver hub
[    0.438149] usbcore: registered new device driver usb
[    0.441318] Advanced Linux Sound Architecture Driver Version 1.0.23.
[    0.444913] NetLabel: Initializing
[    0.445069] NetLabel:  domain hash size = 128
[    0.445246] NetLabel:  protocols = UNLABELED CIPSOv4
[    0.445969] NetLabel:  unlabeled traffic allowed by default
[    0.447411] DMA-API: preallocated 4096 debug entries
[    0.447605] DMA-API: debugging enabled by kernel config
[    0.447897] Switching to clocksource timer3
[    0.448766] AppArmor: AppArmor Filesystem Enabled
[    0.485287] NET: Registered protocol family 2
[    0.486099] IP route cache hash table entries: 32768 (order: 5, 131072 bytes)
[    0.487908] TCP established hash table entries: 131072 (order: 8, 1048576 bytes)
[    0.490432] TCP bind hash table entries: 65536 (order: 6, 262144 bytes)
[    0.493521] TCP: Hash tables configured (established 131072 bind 65536)
[    0.493847] TCP reno registered
[    0.494034] UDP hash table entries: 512 (order: 1, 8192 bytes)
[    0.494439] UDP-Lite hash table entries: 512 (order: 1, 8192 bytes)
[    0.495398] NET: Registered protocol family 1
[    0.496642] RPC: Registered udp transport module.
[    0.496850] RPC: Registered tcp transport module.
[    0.497021] RPC: Registered tcp NFSv4.1 backchannel transport module.
[    0.498941] Trying to unpack rootfs image as initramfs...
[    0.735874] Freeing initrd memory: 2624K
[    0.736922] PMU: registered new PMU device of type 0
[    0.737497] [KVM] kvm_eventfd: irqfd_module_init
[    0.739424] audit: initializing netlink socket (disabled)
[    0.739981] type=2000 audit(0.630:1): initialized
[    0.742896] highmem bounce pool size: 64 pages
[    0.770192] Installing knfsd (copyright (C) 1996 okir@monad.swb.de).
[    0.771176] JFFS2 version 2.2. (NAND) ¬© 2001-2006 Red Hat, Inc.
[    0.773883] JFS: nTxBlock = 7074, nTxLock = 56594
[    0.780271] Btrfs loaded
[    0.780582] msgmni has been set to 1000
[    0.783393] Block layer SCSI generic (bsg) driver version 0.4 loaded (major 253)
[    0.783759] io scheduler noop registered
[    0.783967] io scheduler deadline registered (default)
[    0.785213] clcd-pl11x ct:clcd: PL111 rev2 at 0x10020000
[    0.787326] clcd-pl11x ct:clcd: CT-CA9X4 hardware, XVGA display
[    0.789820] v2m_cfg_write: writing 03c8eee0 to 00110001
[    0.811153] v2m_cfg_write: writing 00000000 to 00710000
[    0.811172] v2m_cfg_write: writing 00000002 to 00b10000
[    0.824034] Console: switching to colour frame buffer device 128x48
[    0.863482] brd: module loaded
[    0.869358] armflash-0: Found 1 x32 devices at 0x0 in 32-bit bank. Manufacturer ID 0x000000 Chip ID 0x000000
[    0.870066] Intel/Sharp Extended Query Table at 0x0031
[    0.870760] Using buffer write method
[    0.873369] armflash-1: Found 1 x32 devices at 0x0 in 32-bit bank. Manufacturer ID 0x000000 Chip ID 0x000000
[    0.873732] Intel/Sharp Extended Query Table at 0x0031
[    0.874301] Using buffer write method
[    0.874506] Concatenating MTD devices:
[    0.874645] (0): "armflash-0"
[    0.874749] (1): "armflash-1"
[    0.874855] into device "armflash"
 modprobe: FATAL: Could not load /lib/modules/2.6.38.7/modules.dep: No such file or directory

[    0.914844] RedBoot partition parsing not available
 modprobe: FATAL: Could not load /lib/modules/2.6.38.7/modules.dep: No such file or directory

[    0.937033] afs partition parsing not available
[    0.937667] PPP generic driver version 2.4.2
[    0.938671] tun: Universal TUN/TAP device driver, 1.6
[    0.938851] tun: (C) 1999-2004 Max Krasnyansky <maxk@qualcomm.com>
[    0.940101] smsc911x: Driver version 2008-10-21.
[    0.961412] smsc911x-mdio: probed
[    0.961892] eth0: attached PHY driver [Generic PHY] (mii_bus:phy_addr=ffffffff:01, irq=-1)
[    0.962785] net eth0: MAC Address: 52:54:00:12:34:56
[    0.963371] usbmon: debugfs is not available
[    0.964044] isp1760 isp1760: NXP ISP1760 USB Host Controller
[    0.964342] isp1760 isp1760: new USB bus registered, assigned bus number 1
[    0.964882] isp1760 isp1760: Scratch test failed.
[    0.965070] isp1760 isp1760: can't setup
[    0.965318] isp1760 isp1760: USB bus 1 deregistered
[    0.965652] isp1760: Failed to register the HCD device
[    0.969257] mousedev: PS/2 mouse device common for all mice
[    0.972776] rtc-pl031 mb:rtc: rtc core: registered pl031 as rtc0
[    0.974437] device-mapper: uevent: version 1.0.3
[    0.975826] device-mapper: ioctl: 4.19.1-ioctl (2011-01-07) initialised: dm-devel@redhat.com
[    0.976577] device-mapper: multipath: version 1.2.0 loaded
[    0.976913] device-mapper: multipath round-robin: version 1.0.0 loaded
[    0.978827] mmci-pl18x mb:mmci: mmc0: PL181 manf 41 rev0 at 0x10005000 irq 41,42 (pio)
[    1.000503] aaci-pl041 mb:aaci: ARM AC'97 Interface PL041 rev0 at 0x10004000, irq 43
[    1.000834] aaci-pl041 mb:aaci: FIFO 512 entries
[    1.001563] ALSA device list:
[    1.001687]   #0: ARM AC'97 Interface PL041 rev0 at 0x10004000, irq 43
[    1.002653] nf_conntrack version 0.5.0 (14148 buckets, 56592 max)
[    1.005137] ip_tables: (C) 2000-2006 Netfilter Core Team
[    1.006417] arp_tables: (C) 2002 David S. Miller
[    1.006755] TCP cubic registered
[    1.006915] NET: Registered protocol family 17
[    1.007322] Bridge firewalling registered
[    1.007554] Ebtables v2.0 registered
[    1.008006] VFP support v0.3: implementor 41 architecture 3 part 30 variant 9 rev 0
[    1.023281] mmc0: host does not support reading read-only switch. assuming write-enable.
[    1.023813] mmc0: new SDHC card at address 4567
[    1.034770] mmcblk0: mmc0:4567 QEMU! 3.00 GiB 
[    1.042015]  mmcblk0: p1 p2
[    1.047504] rtc-pl031 mb:rtc: setting system clock to 2013-04-24 14:16:40 UTC (1366813000)
 [    1.050669] Freeing init memory: 152K
[    1.063507] input: AT Raw Set 2 keyboard as /devices/mb:kmi0/serio0/input/input0
Loading, please wait...
[    1.265711] input: ImExPS/2 Generic Explorer Mouse as /devices/mb:kmi1/serio1/input/input1
[    1.497430] udev[521]: starting version 167
Begin: Loading essential drivers ... done.
Begin: Running /scripts/init-premount ... done.
Begin: Mounting root file system ... Begin: Running /scripts/local-top ... done.
Begin: Running /scripts/local-premount ... done.
FATAL: Could not load /lib/modules/2.6.38.7/modules.dep: No such file or directory
[    3.760721] EXT4-fs (mmcblk0p2): warning: maximal mount count reached, running e2fsck is recommended
[    3.766736] EXT4-fs (mmcblk0p2): recovery complete
[    3.772329] EXT4-fs (mmcblk0p2): mounted filesystem with ordered data mode. Opts: (null)
Begin: Running /scripts/local-bottom ... done.
done.
Begin: Running /scripts/init-bottom ... done.
 [    9.768446] udev[664]: starting version 167
modprobe: FATAL: Could not load /lib/modules/2.6.38.7/modules.dep: No such file or directory

init: ureadahead main process (597) terminated with status 5
[   12.393421] net eth0: SMSC911x/921x identified at 0xe8cc0000, IRQ: 47
[   14.767719] device: 'vcs5': device_add
[   14.769366] PM: Adding info for No Bus:vcs5
[   14.770432] device: 'vcsa5': device_add
[   14.770598] PM: Adding info for No Bus:vcsa5
[   14.785868] device: 'vcs4': device_add
[   14.786242] PM: Adding info for No Bus:vcs4
[   14.786405] device: 'vcsa4': device_add
[   14.786596] PM: Adding info for No Bus:vcsa4
[   14.877853] device: 'vcs2': device_add
[   14.878104] PM: Adding info for No Bus:vcs2
[   14.878204] device: 'vcsa2': device_add
[   14.878368] PM: Adding info for No Bus:vcsa2
[   14.948109] device: 'vcs3': device_add
[   14.948497] PM: Adding info for No Bus:vcs3
[   14.948595] device: 'vcsa3': device_add
[   14.948768] PM: Adding info for No Bus:vcsa3

[   14.996045] device: 'vcs6': device_add
[   14.996285] PM: Adding info for No Bus:vcs6
[   14.996380] device: 'vcsa6': device_add
[   14.996535] PM: Adding info for No Bus:vcsa6
[   15.010287] device: 'virbr0': device_add
[   15.010884] PM: Adding info for No Bus:virbr0
FATAL: Could not load /lib/modules/2.6.38.7/modules.dep: No such file or directory
Last login: Wed Apr 24 22:11:01 CST 2013 from 192.168.101.1 on pts/2
 * Exporting directories for NFS kernel daemon...       [80G Welcome to Ubuntu Natty (development branch) (GNU/Linux 2.6.38.7 armv7l)

 * Documentation:  http://www.linaro.org
[74G[ OK ]
 * Starting NFS kernel daemon       [80G root@linaro:~# linaro start up!
ssh root@192.168.101.2
root@192.168.101.2's password: 
Welcome to Ubuntu Natty (development branch) (GNU/Linux 2.6.38.7 armv7l)

 * Documentation:  http://www.linaro.org
Last login: Wed Apr 24 22:16:59 2013
]0;root@linaro: ~root@linaro:~# scp root@192.168.101.1:~/file_transfer.sh . 
@@@@@@@@@@@@@@@@@@@@@@@@@@@@@@@@@@@@@@@@@@@@@@@@@@@@@@@@@@@
@    WARNING: REMOTE HOST IDENTIFICATION HAS CHANGED!     @
@@@@@@@@@@@@@@@@@@@@@@@@@@@@@@@@@@@@@@@@@@@@@@@@@@@@@@@@@@@
IT IS POSSIBLE THAT SOMEONE IS DOING SOMETHING NASTY!
Someone could be eavesdropping on you right now (man-in-the-middle attack)!
It is also possible that a host key has just been changed.
The fingerprint for the ECDSA key sent by the remote host is
6f:44:67:02:64:be:bb:58:b2:01:11:8d:ca:21:b6:44.
Please contact your system administrator.
Add correct host key in /root/.ssh/known_hosts to get rid of this message.
Offending ECDSA key in /root/.ssh/known_hosts:3
  remove with: ssh-keygen -f "/root/.ssh/known_hosts" -R 192.168.101.1
ECDSA host key for 192.168.101.1 has changed and you have requested strict checking.
Host key verification failed.
]0;root@linaro: ~root@linaro:~# [Kscp root@192.168.101.1:~/memTest . 
@@@@@@@@@@@@@@@@@@@@@@@@@@@@@@@@@@@@@@@@@@@@@@@@@@@@@@@@@@@
@    WARNING: REMOTE HOST IDENTIFICATION HAS CHANGED!     @
@@@@@@@@@@@@@@@@@@@@@@@@@@@@@@@@@@@@@@@@@@@@@@@@@@@@@@@@@@@
IT IS POSSIBLE THAT SOMEONE IS DOING SOMETHING NASTY!
Someone could be eavesdropping on you right now (man-in-the-middle attack)!
It is also possible that a host key has just been changed.
The fingerprint for the ECDSA key sent by the remote host is
6f:44:67:02:64:be:bb:58:b2:01:11:8d:ca:21:b6:44.
Please contact your system administrator.
Add correct host key in /root/.ssh/known_hosts to get rid of this message.
Offending ECDSA key in /root/.ssh/known_hosts:3
  remove with: ssh-keygen -f "/root/.ssh/known_hosts" -R 192.168.101.1
ECDSA host key for 192.168.101.1 has changed and you have requested strict checking.
Host key verification failed.
]0;root@linaro: ~root@linaro:~# [Kscp -r root@192.168.101.1:~/Config/0010/* /root/kvm/ 
@@@@@@@@@@@@@@@@@@@@@@@@@@@@@@@@@@@@@@@@@@@@@@@@@@@@@@@@@@@
@    WARNING: REMOTE HOST IDENTIFICATION HAS CHANGED!     @
@@@@@@@@@@@@@@@@@@@@@@@@@@@@@@@@@@@@@@@@@@@@@@@@@@@@@@@@@@@
IT IS POSSIBLE THAT SOMEONE IS DOING SOMETHING NASTY!
Someone could be eavesdropping on you right now (man-in-the-middle attack)!
It is also possible that a host key has just been changed.
The fingerprint for the ECDSA key sent by the remote host is
6f:44:67:02:64:be:bb:58:b2:01:11:8d:ca:21:b6:44.
Please contact your system administrator.
Add correct host key in /root/.ssh/known_hosts to get rid of this message.
Offending ECDSA key in /root/.ssh/known_hosts:3
  remove with: ssh-keygen -f "/root/.ssh/known_hosts" -R 192.168.101.1
ECDSA host key for 192.168.101.1 has changed and you have requested strict checking.
Host key verification failed.
]0;root@linaro: ~root@linaro:~# [Kcd /root/kvm
]0;root@linaro: ~/kvmroot@linaro:~/kvm# insmod /root/kvm/kvm.ko
]0;root@linaro: ~/kvmroot@linaro:~/kvm# chmod +x start1.sh
]0;root@linaro: ~/kvmroot@linaro:~/kvm# ./start1.sh
  *** TAP MAC 22:54:00:12:34:01
   ***  idstr ram
   ***  idstr cpu
   ***  idstr sharedpage
   ***  idstr vectors
map addr 0x4d3d3c
   ***  idstr virtio-net
   ***  idstr virtio-console
Warning: more nics requested than this machine supports; some have been ignored
Linux version 2.6.35 (alexey@66-A00327-01) (gcc version 4.4.1 (Sourcery G++ Lite 2010q1-202) ) #3 Thu Jan 10 10:29:34 CST 2013
CPU: ARMv6-compatible processor [0007b000] revision 0 (ARMv6TEJ), cr=00000000
CPU: VIPT nonaliasing data cache, VIPT nonaliasing instruction cache
Machine: KVM-ARM guest OS (realview EB target)
Memory policy: ECC disabled, Data cache writeback
Built 1 zonelists in Zone order, mobility grouping on.  Total pages: 16256
Kernel command line: root=/dev/nfs rw  nfsroot=192.168.20.1:/root/rootfs/debian,hard ip=192.168.20.2::192.168.20.1:255.255.255.0:vm1:eth0:off clocksource=pit console=hvc0
PID hash table entries: 256 (order: -2, 1024 bytes)
Dentry cache hash table entries: 8192 (order: 3, 32768 bytes)
Inode-cache hash table entries: 4096 (order: 2, 16384 bytes)
Memory: 64MB = 64MB total
Memory: 60164k/60164k available, 5372k reserved, 0K highmem
Virtual kernel memory layout:
    vector  : 0xffff0000 - 0xffff1000   (   4 kB)
    fixmap  : 0xfff00000 - 0xfffe0000   ( 896 kB)
    DMA     : 0xffc00000 - 0xffe00000   (   2 MB)
    vmalloc : 0xc4800000 - 0xf8000000   ( 824 MB)
    lowmem  : 0xc0000000 - 0xc4000000   (  64 MB)
    modules : 0xbf000000 - 0xc0000000   (  16 MB)
      .init : 0xc0008000 - 0xc001f000   (  92 kB)
      .text : 0xc001f000 - 0xc026a000   (2348 kB)
      .data : 0xc027e000 - 0xc0296fe0   ( 100 kB)
Hierarchical RCU implementation.
	RCU-based detection of stalled CPUs is disabled.
	Verbose stalled-CPUs detection is disabled.
NR_IRQS:228
Console: colour dummy device 80x30
console [hvc0] enabled
Calibrating delay loop... 830.66 BogoMIPS (lpj=4153344)
pid_max: default: 32768 minimum: 301
Mount-cache hash table entries: 512
CPU: Testing write buffer coherency: ok
NET: Registered protocol family 16
bio: create slab <bio-0> at 0
NET: Registered protocol family 2
IP route cache hash table entries: 1024 (order: 0, 4096 bytes)
TCP established hash table entries: 2048 (order: 2, 16384 bytes)
TCP bind hash table entries: 2048 (order: 1, 8192 bytes)
TCP: Hash tables configured (established 2048 bind 2048)
TCP reno registered
UDP hash table entries: 256 (order: 0, 4096 bytes)
UDP-Lite hash table entries: 256 (order: 0, 4096 bytes)
NET: Registered protocol family 1
RPC: Registered udp transport module.
RPC: Registered tcp transport module.
RPC: Registered tcp NFSv4.1 backchannel transport module.
msgmni has been set to 117
io scheduler noop registered
io scheduler deadline registered (default)
virtio-mmio virtio-mmio.2: Wrong magic value 0x00000000!
TCP cubic registered
NET: Registered protocol family 17
IP-Config: Complete:
     device=eth0, addr=192.168.20.2, mask=255.255.255.0, gw=192.168.20.1,
     host=vm1, domain=, nis-domain=(none),
     bootserver=255.255.255.255, rootserver=192.168.20.1, rootpath=
Looking up port of RPC 100003/2 on 192.168.20.1
Looking up port of RPC 100005/1 on 192.168.20.1
VFS: Mounted root (nfs filesystem) on device 0:10.
Freeing init memory: 92K
modprobe: FATAL: Could not load /lib/modules/2.6.35/modules.dep: No such file or directory

INIT: version 2.88 booting
root@vm1:/# echo $HOSTNAME
vm1
root@vm1:/# /etc/init.d/ssh start
unt /dev/pts
Starting OpenBSD Secure Shell server: sshdmodprobe: FATAL: Could not load /lib/modules/2.6.35/modules.dep: No such file or directory

modprobe: FATAL: Could not load /lib/modules/2.6.35/modules.dep: No such file or directory

.
root@vm1:/# mount /dssh root@192.168.101.2
root@192.168.101.2's password: 
Welcome to Ubuntu Natty (development branch) (GNU/Linux 2.6.38.7 armv7l)

 * Documentation:  http://www.linaro.org
Last login: Wed Apr 24 22:17:10 2013 from 192.168.101.1
]0;root@linaro: ~root@linaro:~# cd kvm
]0;root@linaro: ~/kvmroot@linaro:~/kvm# chmod +x start3.sh
]0;root@linaro: ~/kvmroot@linaro:~/kvm# ./start3.sh
  *** TAP MAC 22:54:00:12:34:01
   ***  idstr ram
   ***  idstr cpu
   ***  idstr sharedpage
   ***  idstr vectors
map addr 0x4d3d3c
   ***  idstr virtio-net
   ***  idstr virtio-console
Warning: more nics requested than this machine supports; some have been ignored
Linux version 2.6.35 (alexey@66-A00327-01) (gcc version 4.4.1 (Sourcery G++ Lite 2010q1-202) ) #3 Thu Jan 10 10:29:34 CST 2013
CPU: ARMv6-compatible processor [0007b000] revision 0 (ARMv6TEJ), cr=00000000
CPU: VIPT nonaliasing data cache, VIPT nonaliasing instruction cache
Machine: KVM-ARM guest OS (realview EB target)
Memory policy: ECC disabled, Data cache writeback
Built 1 zonelists in Zone order, mobility grouping on.  Total pages: 16256
Kernel command line: root=/dev/nfs rw  nfsroot=192.168.20.1:/root/rootfs/debian,hard ip=192.168.20.4::192.168.20.1:255.255.255.0:vm3:eth0:off clocksource=pit console=hvc0
PID hash table entries: 256 (order: -2, 1024 bytes)
Dentry cache hash table entries: 8192 (order: 3, 32768 bytes)
Inode-cache hash table entries: 4096 (order: 2, 16384 bytes)
Memory: 64MB = 64MB total
Memory: 60164k/60164k available, 5372k reserved, 0K highmem
Virtual kernel memory layout:
    vector  : 0xffff0000 - 0xffff1000   (   4 kB)
    fixmap  : 0xfff00000 - 0xfffe0000   ( 896 kB)
    DMA     : 0xffc00000 - 0xffe00000   (   2 MB)
    vmalloc : 0xc4800000 - 0xf8000000   ( 824 MB)
    lowmem  : 0xc0000000 - 0xc4000000   (  64 MB)
    modules : 0xbf000000 - 0xc0000000   (  16 MB)
      .init : 0xc0008000 - 0xc001f000   (  92 kB)
      .text : 0xc001f000 - 0xc026a000   (2348 kB)
      .data : 0xc027e000 - 0xc0296fe0   ( 100 kB)
Hierarchical RCU implementation.
	RCU-based detection of stalled CPUs is disabled.
	Verbose stalled-CPUs detection is disabled.
NR_IRQS:228
Console: colour dummy device 80x30
console [hvc0] enabled
Calibrating delay loop... 838.86 BogoMIPS (lpj=4194304)
pid_max: default: 32768 minimum: 301
Mount-cache hash table entries: 512
CPU: Testing write buffer coherency: ok
NET: Registered protocol family 16
bio: create slab <bio-0> at 0
NET: Registered protocol family 2
IP route cache hash table entries: 1024 (order: 0, 4096 bytes)
TCP established hash table entries: 2048 (order: 2, 16384 bytes)
TCP bind hash table entries: 2048 (order: 1, 8192 bytes)
TCP: Hash tables configured (established 2048 bind 2048)
TCP reno registered
UDP hash table entries: 256 (order: 0, 4096 bytes)
UDP-Lite hash table entries: 256 (order: 0, 4096 bytes)
NET: Registered protocol family 1
RPC: Registered udp transport module.
RPC: Registered tcp transport module.
RPC: Registered tcp NFSv4.1 backchannel transport module.
msgmni has been set to 117
io scheduler noop registered
io scheduler deadline registered (default)
virtio-mmio virtio-mmio.2: Wrong magic value 0x00000000!
TCP cubic registered
NET: Registered protocol family 17
IP-Config: Complete:
     device=eth0, addr=192.168.20.4, mask=255.255.255.0, gw=192.168.20.1,
     host=vm3, domain=, nis-domain=(none),
     bootserver=255.255.255.255, rootserver=192.168.20.1, rootpath=
Looking up port of RPC 100003/2 on 192.168.20.1
Looking up port of RPC 100005/1 on 192.168.20.1
VFS: Mounted root (nfs filesystem) on device 0:10.
Freeing init memory: 92K
modprobe: FATAL: Could not load /lib/modules/2.6.35/modules.dep: No such file or directory

INIT: version 2.88 booting
root@vm3:/# /etc/init.d/ssh start
unt /dev/pts
Starting OpenBSD Secure Shell server: sshdmodprobe: FATAL: Could not load /lib/modules/2.6.35/modules.dep: No such file or directory

modprobe: FATAL: Could not load /lib/modules/2.6.35/modules.dep: No such file or directory

.
root@vm3:/# mount /dev/pts
cho $HOSTNAME
root@vm3:/# echo $HOSTNAME
ssh root@192.168.101.2
root@192.168.101.2's password: 
Welcome to Ubuntu Natty (development branch) (GNU/Linux 2.6.38.7 armv7l)

 * Documentation:  http://www.linaro.org
Last login: Wed Apr 24 22:17:41 2013 from 192.168.101.1
]0;root@linaro: ~root@linaro:~# 
]0;root@linaro: ~root@linaro:~# scp ~/memTest root@192.168.20.2:/root/memTest
memTest                                         0%    0     0.0KB/s   --:-- ETAmemTest                                       100% 5697     5.6KB/s   00:00    
]0;root@linaro: ~root@linaro:~# [K
]0;root@linaro: ~root@linaro:~# ssh root@192.168.20.2 '/root/memTest'
ssh root@192.168.101.2
root@192.168.101.2's password: 
Welcome to Ubuntu Natty (development branch) (GNU/Linux 2.6.38.7 armv7l)

 * Documentation:  http://www.linaro.org
Last login: Wed Apr 24 22:18:01 2013 from 192.168.101.1
]0;root@linaro: ~root@linaro:~# chmod +x file_transfer.sh
]0;root@linaro: ~root@linaro:~# [K./file_transfer.sh 10 5 IOV 0010 2 
Loop	Elapsed time(seconds)	MD5 comparison result	Size comparison result
10+0 records in
10+0 records out
10485760 bytes (10 MB) copied, 2.16036 s, 4.9 MB/s
Copy random_file from Host to Guest VM1
random_file                                     0%    0     0.0KB/s   --:-- ETArandom_file                                    22% 2320KB   2.3MB/s   00:03 ETArandom_file                                    23% 2448KB   2.1MB/s   00:03 ETArandom_file                                    25% 2576KB   1.9MB/s   00:04 ETArandom_file                                    26% 2704KB   1.7MB/s   00:04 ETArandom_file                                    28% 2960KB   1.5MB/s   00:04 ETArandom_file                                    33% 3408KB   1.4MB/s   00:04 ETArandom_file                                    35% 3600KB   1.3MB/s   00:04 ETArandom_file                                    35% 3648KB   1.2MB/s   00:05 ETArandom_file                                    38% 3984KB   1.1MB/s   00:05 ETArandom_file                                    43% 4416KB   1.0MB/s   00:05 ETArandom_file                                    47% 4880KB 994.2KB/s   00:05 ETArandom_file                                    49% 5104KB 917.2KB/s   00:05 ETArandom_file                                    52% 5392KB 854.2KB/s   00:05 ETArandom_file                                    57% 5904KB 820.0KB/s   00:05 ETArandom_file                                    61% 6256KB 755.6KB/s   00:05 ETArandom_file                                    62% 6352KB 689.7KB/s   00:05 ETArandom_file                                    64% 6640KB 649.5KB/s   00:05 ETArandom_file                                    68% 6992KB 619.7KB/s   00:05 ETArandom_file                                    70% 7216KB 580.2KB/s   00:05 ETArandom_file                                    71% 7344KB 535.0KB/s   00:05 ETArandom_file                                    74% 7600KB 507.1KB/s   00:05 ETArandom_file                                    76% 7856KB 482.0KB/s   00:04 ETArandom_file                                    77% 7984KB 446.6KB/s   00:05 ETArandom_file                                    81% 8368KB 440.3KB/s   00:04 ETArandom_file                                    82% 8496KB 409.1KB/s   00:04 ETArandom_file                                    84% 8624KB 381.0KB/s   00:04 ETArandom_file                                    85% 8752KB 355.7KB/s   00:04 ETArandom_file                                    86% 8880KB 332.9KB/s   00:04 ETArandom_file                                    87% 9008KB 312.4KB/s   00:03 ETArandom_file                                    90% 9232KB 303.6KB/s   00:03 ETArandom_file                                    91% 9360KB 286.0KB/s   00:03 ETArandom_file                                    92% 9488KB 270.2KB/s   00:02 ETArandom_file                                    95% 9744KB 268.8KB/s   00:01 ETArandom_file                                    96% 9872KB 254.7KB/s   00:01 ETArandom_file                                    97%   10MB 242.0KB/s   00:00 ETArandom_file                                   100%   10MB 276.8KB/s   00:37    
	73	Check md5 from Host and Guest VM1:
MD5 match	Check size from Host and Guest VM1:
Size match

1	Copy random_file from Guest VM1 to Guest VM2
65	Check md5 from Guest VM1 and Guest VM2:
MD5 match	Check size from Guest VM1 and Guest VM2:
Size match

Copy random_file from Guest VM2 to Guest VM1
	87	Check md5 from Guest VM1 and Guest VM2:
MD5 match	Check size from Guest VM1 and Guest VM2:
Size match

2	Copy random_file from Guest VM1 to Guest VM2
67	Check md5 from Guest VM1 and Guest VM2:
MD5 match	Check size from Guest VM1 and Guest VM2:
Size match

Copy random_file from Guest VM2 to Guest VM1
	84	Check md5 from Guest VM1 and Guest VM2:
MD5 match	Check size from Guest VM1 and Guest VM2:
Size match

3	Copy random_file from Guest VM1 to Guest VM2
63	Check md5 from Guest VM1 and Guest VM2:
MD5 match	Check size from Guest VM1 and Guest VM2:
Size match

Copy random_file from Guest VM2 to Guest VM1
	90	Check md5 from Guest VM1 and Guest VM2:
MD5 match	Check size from Guest VM1 and Guest VM2:
Size match

4	Copy random_file from Guest VM1 to Guest VM2
60	Check md5 from Guest VM1 and Guest VM2:
MD5 match	Check size from Guest VM1 and Guest VM2:
Size match

Copy random_file from Guest VM2 to Guest VM1
	94	Check md5 from Guest VM1 and Guest VM2:
MD5 match	Check size from Guest VM1 and Guest VM2:
Size match

5	Copy random_file from Guest VM1 to Guest VM2
61	Check md5 from Guest VM1 and Guest VM2:
MD5 match	Check size from Guest VM1 and Guest VM2:
Size match

Copy random_file from Guest VM2 to Guest VM1
	78	Check md5 from Guest VM1 and Guest VM2:
MD5 match	Check size from Guest VM1 and Guest VM2:
Size match

Start time:
20130424221906
End time:
20130424224659
ssh root@192.168.101.2
root@192.168.101.2's password: 
Welcome to Ubuntu Natty (development branch) (GNU/Linux 2.6.38.7 armv7l)

 * Documentation:  http://www.linaro.org
Last login: Wed Apr 24 22:37:42 2013 from 192.168.101.1
]0;root@linaro: ~root@linaro:~# scp *.csv chkao@192.168.101.1:~/Report/
@@@@@@@@@@@@@@@@@@@@@@@@@@@@@@@@@@@@@@@@@@@@@@@@@@@@@@@@@@@
@    WARNING: REMOTE HOST IDENTIFICATION HAS CHANGED!     @
@@@@@@@@@@@@@@@@@@@@@@@@@@@@@@@@@@@@@@@@@@@@@@@@@@@@@@@@@@@
IT IS POSSIBLE THAT SOMEONE IS DOING SOMETHING NASTY!
Someone could be eavesdropping on you right now (man-in-the-middle attack)!
It is also possible that a host key has just been changed.
The fingerprint for the ECDSA key sent by the remote host is
6f:44:67:02:64:be:bb:58:b2:01:11:8d:ca:21:b6:44.
Please contact your system administrator.
Add correct host key in /root/.ssh/known_hosts to get rid of this message.
Offending ECDSA key in /root/.ssh/known_hosts:3
  remove with: ssh-keygen -f "/root/.ssh/known_hosts" -R 192.168.101.1
ECDSA host key for 192.168.101.1 has changed and you have requested strict checking.
Host key verification failed.
lost connection
]0;root@linaro: ~root@linaro:~# [Kssh root@192.168.101.2 'rm *.csv'
root@192.168.101.2's password: 
]0;root@chkao-System-Product-Name: ~root@chkao-System-Product-Name:~# PROGRAM END
[IOV-0010] $ /bin/sh -xe /tmp/hudson2653496157419933201.sh
+ expect /srv/start.exp IOV 0010 3 1
spawn ssh root@127.0.0.1
root@127.0.0.1's password: 
Welcome to Ubuntu 12.04.2 LTS (GNU/Linux 3.2.0-40-generic-pae i686)

 * Documentation:  https://help.ubuntu.com/

Last login: Wed Apr 24 22:16:38 2013 from localhost
]0;root@chkao-System-Product-Name: ~root@chkao-System-Product-Name:~# spawn ssh root@127.0.0.1
root@127.0.0.1's password: 
Welcome to Ubuntu 12.04.2 LTS (GNU/Linux 3.2.0-40-generic-pae i686)

 * Documentation:  https://help.ubuntu.com/

Last login: Wed Apr 24 22:47:23 2013 from localhost
]0;root@chkao-System-Product-Name: ~root@chkao-System-Product-Name:~# spawn ssh root@127.0.0.1
root@127.0.0.1's password: 
Welcome to Ubuntu 12.04.2 LTS (GNU/Linux 3.2.0-40-generic-pae i686)

 * Documentation:  https://help.ubuntu.com/

Last login: Wed Apr 24 22:47:24 2013 from localhost
]0;root@chkao-System-Product-Name: ~root@chkao-System-Product-Name:~# spawn ssh root@127.0.0.1
root@127.0.0.1's password: 
Welcome to Ubuntu 12.04.2 LTS (GNU/Linux 3.2.0-40-generic-pae i686)

 * Documentation:  https://help.ubuntu.com/

Last login: Wed Apr 24 22:47:24 2013 from localhost
]0;root@chkao-System-Product-Name: ~root@chkao-System-Product-Name:~# spawn ssh root@127.0.0.1
root@127.0.0.1's password: 
Welcome to Ubuntu 12.04.2 LTS (GNU/Linux 3.2.0-40-generic-pae i686)

 * Documentation:  https://help.ubuntu.com/

Last login: Wed Apr 24 22:47:25 2013 from localhost
]0;root@chkao-System-Product-Name: ~root@chkao-System-Product-Name:~# spawn ssh root@127.0.0.1
root@127.0.0.1's password: 
Welcome to Ubuntu 12.04.2 LTS (GNU/Linux 3.2.0-40-generic-pae i686)

 * Documentation:  https://help.ubuntu.com/

Last login: Wed Apr 24 22:47:26 2013 from localhost
]0;root@chkao-System-Product-Name: ~root@chkao-System-Product-Name:~# spawn ssh root@127.0.0.1
root@127.0.0.1's password: 
Welcome to Ubuntu 12.04.2 LTS (GNU/Linux 3.2.0-40-generic-pae i686)

 * Documentation:  https://help.ubuntu.com/

Last login: Wed Apr 24 22:47:26 2013 from localhost
]0;root@chkao-System-Product-Name: ~root@chkao-System-Product-Name:~# spawn ssh root@127.0.0.1
root@127.0.0.1's password: 
Welcome to Ubuntu 12.04.2 LTS (GNU/Linux 3.2.0-40-generic-pae i686)

 * Documentation:  https://help.ubuntu.com/

Last login: Wed Apr 24 22:47:27 2013 from localhost
]0;root@chkao-System-Product-Name: ~root@chkao-System-Product-Name:~# spawn ssh root@127.0.0.1
root@127.0.0.1's password: 
Welcome to Ubuntu 12.04.2 LTS (GNU/Linux 3.2.0-40-generic-pae i686)

 * Documentation:  https://help.ubuntu.com/

Last login: Wed Apr 24 22:47:27 2013 from localhost
]0;root@chkao-System-Product-Name: ~root@chkao-System-Product-Name:~# spawn ssh root@127.0.0.1
root@127.0.0.1's password: 
Welcome to Ubuntu 12.04.2 LTS (GNU/Linux 3.2.0-40-generic-pae i686)

 * Documentation:  https://help.ubuntu.com/

Last login: Wed Apr 24 22:47:28 2013 from localhost
]0;root@chkao-System-Product-Name: ~root@chkao-System-Product-Name:~# cd /home/chkao/hypervisor-01242013/linaro+libv irt
]0;root@chkao-System-Product-Name: /home/chkao/hypervisor-01242013/linaro+libvirtroot@chkao-System-Product-Name:/home/chkao/hypervisor-01242013/linaro+libvirt# . /start.sh
pulseaudio: pa_context_connect() failed
pulseaudio: Reason: Connection refused
pulseaudio: Failed to initialize PA contextaudio: Could not init `pa' audio driver
Uncompressing Linux... done, booting the kernel.
[    0.000000] Linux version 2.6.38.7 (alexey@66-A00327-01) (gcc version 4.4.1 (Sourcery G++ Lite 2010q1-202) ) #2 Mon Jan 14 17:42:29 CST 2013
[    0.000000] CPU: ARMv7 Processor [410fc090] revision 0 (ARMv7), cr=10c53c7f
[    0.000000] CPU: VIPT nonaliasing data cache, VIPT aliasing instruction cache
[    0.000000] Machine: ARM-Versatile Express
[    0.000000] Memory policy: ECC disabled, Data cache writeback
[    0.000000] sched_clock: 32 bits at 24MHz, resolution 41ns, wraps every 178956ms
[    0.000000] Built 1 zonelists in Zone order, mobility grouping on.  Total pages: 260096
[    0.000000] Kernel command line: root=/dev/mmcblk0p2 rw mem=1024M raid=noautodetect console=ttyAMA0,38400n8 rootwait vmalloc=256MB devtmpfs.mount=0
[    0.000000] PID hash table entries: 4096 (order: 2, 16384 bytes)
[    0.000000] Dentry cache hash table entries: 131072 (order: 7, 524288 bytes)
[    0.000000] Inode-cache hash table entries: 65536 (order: 6, 262144 bytes)
[    0.000000] Memory: 1024MB = 1024MB total
[    0.000000] Memory: 902884k/902884k available, 145692k reserved, 393216K highmem
[    0.000000] Virtual kernel memory layout:
[    0.000000]     vector  : 0xffff0000 - 0xffff1000   (   4 kB)
[    0.000000]     fixmap  : 0xfff00000 - 0xfffe0000   ( 896 kB)
[    0.000000]     DMA     : 0xffc00000 - 0xffe00000   (   2 MB)
[    0.000000]     vmalloc : 0xe8800000 - 0xf8000000   ( 248 MB)
[    0.000000]     lowmem  : 0xc0000000 - 0xe8000000   ( 640 MB)
[    0.000000]     pkmap   : 0xbfe00000 - 0xc0000000   (   2 MB)
[    0.000000]     modules : 0xbf000000 - 0xbfe00000   (  14 MB)
[    0.000000]       .init : 0xc0008000 - 0xc002e000   ( 152 kB)
[    0.000000]       .text : 0xc002e000 - 0xc0526ddc   (5092 kB)
[    0.000000]       .data : 0xc0528000 - 0xc054d180   ( 149 kB)
[    0.000000] SLUB: Genslabs=13, HWalign=32, Order=0-3, MinObjects=0, CPUs=1, Nodes=1
[    0.000000] NR_IRQS:128
[    0.000000] Console: colour dummy device 80x30
[    0.092027] Calibrating delay loop... 845.41 BogoMIPS (lpj=4227072)
[    0.361105] pid_max: default: 32768 minimum: 301
[    0.361488] Security Framework initialized
[    0.362346] AppArmor: AppArmor initialized
[    0.362544] Mount-cache hash table entries: 512
[    0.366260] CPU: Testing write buffer coherency: ok
[    0.369432] hw perfevents: enabled with ARMv7 Cortex-A9 PMU driver, 1 counters available
[    0.372471] devtmpfs: initialized
[    0.379360] NET: Registered protocol family 16
[    0.389523] hw-breakpoint: debug architecture 0x0 unsupported.
[    0.389623] Serial: AMBA PL011 UART driver
[    0.390690] mb:uart0: ttyAMA0 at MMIO 0x10009000 (irq = 37) is a PL011 rev1
[    0.399085] console [ttyAMA0] enabled
[    0.401475] mb:uart1: ttyAMA1 at MMIO 0x1000a000 (irq = 38) is a PL011 rev1
[    0.402300] mb:uart2: ttyAMA2 at MMIO 0x1000b000 (irq = 39) is a PL011 rev1
[    0.403116] mb:uart3: ttyAMA3 at MMIO 0x1000c000 (irq = 40) is a PL011 rev1
[    0.431904] bio: create slab <bio-0> at 0
[    0.435048] SCSI subsystem initialized
[    0.436846] usbcore: registered new interface driver usbfs
[    0.437717] usbcore: registered new interface driver hub
[    0.438408] usbcore: registered new device driver usb
[    0.441865] Advanced Linux Sound Architecture Driver Version 1.0.23.
[    0.445258] NetLabel: Initializing
[    0.445403] NetLabel:  domain hash size = 128
[    0.445570] NetLabel:  protocols = UNLABELED CIPSOv4
[    0.446312] NetLabel:  unlabeled traffic allowed by default
[    0.447767] DMA-API: preallocated 4096 debug entries
[    0.447966] DMA-API: debugging enabled by kernel config
[    0.448253] Switching to clocksource timer3
[    0.449114] AppArmor: AppArmor Filesystem Enabled
[    0.484937] NET: Registered protocol family 2
[    0.485760] IP route cache hash table entries: 32768 (order: 5, 131072 bytes)
[    0.487524] TCP established hash table entries: 131072 (order: 8, 1048576 bytes)
[    0.490185] TCP bind hash table entries: 65536 (order: 6, 262144 bytes)
[    0.493268] TCP: Hash tables configured (established 131072 bind 65536)
[    0.493586] TCP reno registered
[    0.493798] UDP hash table entries: 512 (order: 1, 8192 bytes)
[    0.494145] UDP-Lite hash table entries: 512 (order: 1, 8192 bytes)
[    0.495021] NET: Registered protocol family 1
[    0.496124] RPC: Registered udp transport module.
[    0.496304] RPC: Registered tcp transport module.
[    0.496471] RPC: Registered tcp NFSv4.1 backchannel transport module.
[    0.498377] Trying to unpack rootfs image as initramfs...
[    0.734796] Freeing initrd memory: 2624K
[    0.735813] PMU: registered new PMU device of type 0
[    0.736459] [KVM] kvm_eventfd: irqfd_module_init
[    0.738385] audit: initializing netlink socket (disabled)
[    0.738962] type=2000 audit(0.630:1): initialized
[    0.742040] highmem bounce pool size: 64 pages
[    0.769384] Installing knfsd (copyright (C) 1996 okir@monad.swb.de).
[    0.770244] JFFS2 version 2.2. (NAND) ¬© 2001-2006 Red Hat, Inc.
[    0.773076] JFS: nTxBlock = 7074, nTxLock = 56594
[    0.779783] Btrfs loaded
[    0.780099] msgmni has been set to 1000
[    0.782930] Block layer SCSI generic (bsg) driver version 0.4 loaded (major 253)
[    0.783320] io scheduler noop registered
[    0.783536] io scheduler deadline registered (default)
[    0.784838] clcd-pl11x ct:clcd: PL111 rev2 at 0x10020000
[    0.786949] clcd-pl11x ct:clcd: CT-CA9X4 hardware, XVGA display
[    0.789412] v2m_cfg_write: writing 03c8eee0 to 00110001
[    0.811118] v2m_cfg_write: writing 00000000 to 00710000
[    0.811137] v2m_cfg_write: writing 00000002 to 00b10000
[    0.824031] Console: switching to colour frame buffer device 128x48
[    0.863482] brd: module loaded
[    0.869346] armflash-0: Found 1 x32 devices at 0x0 in 32-bit bank. Manufacturer ID 0x000000 Chip ID 0x000000
[    0.870104] Intel/Sharp Extended Query Table at 0x0031
[    0.870806] Using buffer write method
[    0.873385] armflash-1: Found 1 x32 devices at 0x0 in 32-bit bank. Manufacturer ID 0x000000 Chip ID 0x000000
[    0.873823] Intel/Sharp Extended Query Table at 0x0031
[    0.874429] Using buffer write method
[    0.874679] Concatenating MTD devices:
[    0.874826] (0): "armflash-0"
[    0.874938] (1): "armflash-1"
[    0.875097] into device "armflash"
 modprobe: FATAL: Could not load /lib/modules/2.6.38.7/modules.dep: No such file or directory

[    0.915159] RedBoot partition parsing not available
 modprobe: FATAL: Could not load /lib/modules/2.6.38.7/modules.dep: No such file or directory

[    0.937693] afs partition parsing not available
[    0.938322] PPP generic driver version 2.4.2
[    0.939333] tun: Universal TUN/TAP device driver, 1.6
[    0.939513] tun: (C) 1999-2004 Max Krasnyansky <maxk@qualcomm.com>
[    0.940766] smsc911x: Driver version 2008-10-21.
[    0.961956] smsc911x-mdio: probed
[    0.962450] eth0: attached PHY driver [Generic PHY] (mii_bus:phy_addr=ffffffff:01, irq=-1)
[    0.963368] net eth0: MAC Address: 52:54:00:12:34:56
[    0.963915] usbmon: debugfs is not available
[    0.964562] isp1760 isp1760: NXP ISP1760 USB Host Controller
[    0.964848] isp1760 isp1760: new USB bus registered, assigned bus number 1
[    0.965330] isp1760 isp1760: Scratch test failed.
[    0.965513] isp1760 isp1760: can't setup
[    0.965751] isp1760 isp1760: USB bus 1 deregistered
[    0.966009] isp1760: Failed to register the HCD device
[    0.969480] mousedev: PS/2 mouse device common for all mice
[    0.972962] rtc-pl031 mb:rtc: rtc core: registered pl031 as rtc0
[    0.974714] device-mapper: uevent: version 1.0.3
[    0.976106] device-mapper: ioctl: 4.19.1-ioctl (2011-01-07) initialised: dm-devel@redhat.com
[    0.976797] device-mapper: multipath: version 1.2.0 loaded
[    0.977086] device-mapper: multipath round-robin: version 1.0.0 loaded
[    0.979147] mmci-pl18x mb:mmci: mmc0: PL181 manf 41 rev0 at 0x10005000 irq 41,42 (pio)
[    1.001374] aaci-pl041 mb:aaci: ARM AC'97 Interface PL041 rev0 at 0x10004000, irq 43
[    1.001693] aaci-pl041 mb:aaci: FIFO 512 entries
[    1.002356] ALSA device list:
[    1.002499]   #0: ARM AC'97 Interface PL041 rev0 at 0x10004000, irq 43
[    1.003502] nf_conntrack version 0.5.0 (14148 buckets, 56592 max)
[    1.005849] ip_tables: (C) 2000-2006 Netfilter Core Team
[    1.007070] arp_tables: (C) 2002 David S. Miller
[    1.007397] TCP cubic registered
[    1.007542] NET: Registered protocol family 17
[    1.007975] Bridge firewalling registered
[    1.008208] Ebtables v2.0 registered
[    1.008667] VFP support v0.3: implementor 41 architecture 3 part 30 variant 9 rev 0
[    1.028639] mmc0: host does not support reading read-only switch. assuming write-enable.
[    1.029106] mmc0: new SDHC card at address 4567
[    1.035656] mmcblk0: mmc0:4567 QEMU! 3.00 GiB 
[    1.042726]  mmcblk0: p1 p2
[    1.047453] rtc-pl031 mb:rtc: setting system clock to 2013-04-24 14:47:30 UTC (1366814850)
 [    1.050535] Freeing init memory: 152K
[    1.063102] input: AT Raw Set 2 keyboard as /devices/mb:kmi0/serio0/input/input0
Loading, please wait...
[    1.265265] input: ImExPS/2 Generic Explorer Mouse as /devices/mb:kmi1/serio1/input/input1
[    1.509314] udev[521]: starting version 167
Begin: Loading essential drivers ... done.
Begin: Running /scripts/init-premount ... done.
Begin: Mounting root file system ... Begin: Running /scripts/local-top ... done.
Begin: Running /scripts/local-premount ... done.
FATAL: Could not load /lib/modules/2.6.38.7/modules.dep: No such file or directory
[    4.048647] EXT4-fs (mmcblk0p2): warning: maximal mount count reached, running e2fsck is recommended
[    4.054725] EXT4-fs (mmcblk0p2): recovery complete
[    4.060022] EXT4-fs (mmcblk0p2): mounted filesystem with ordered data mode. Opts: (null)
Begin: Running /scripts/local-bottom ... done.
done.
Begin: Running /scripts/init-bottom ... done.
 [   10.306734] udev[665]: starting version 167
modprobe: FATAL: Could not load /lib/modules/2.6.38.7/modules.dep: No such file or directory

init: ureadahead main process (597) terminated with status 5
[   12.711945] net eth0: SMSC911x/921x identified at 0xe8cc0000, IRQ: 47
[   15.091613] device: 'vcs4': device_add
[   15.092003] PM: Adding info for No Bus:vcs4
[   15.092154] device: 'vcsa4': device_add
[   15.092314] PM: Adding info for No Bus:vcsa4
[   15.106287] device: 'vcs5': device_add
[   15.106497] PM: Adding info for No Bus:vcs5
[   15.106574] device: 'vcsa5': device_add
[   15.106742] PM: Adding info for No Bus:vcsa5
[   15.200729] device: 'vcs2': device_add
[   15.202547] PM: Adding info for No Bus:vcs2
[   15.203591] device: 'vcsa2': device_add
[   15.203764] PM: Adding info for No Bus:vcsa2
[   15.247105] device: 'vcs3': device_add
[   15.247500] PM: Adding info for No Bus:vcs3
[   15.247598] device: 'vcsa3': device_add
[   15.247764] PM: Adding info for No Bus:vcsa3

[   15.328313] device: 'virbr0': device_add
[   15.328938] PM: Adding info for No Bus:virbr0
[   15.337918] device: 'vcs6': device_add
[   15.338143] PM: Adding info for No Bus:vcs6
[   15.338230] device: 'vcsa6': device_add
[   15.338405] PM: Adding info for No Bus:vcsa6
FATAL: Could not load /lib/modules/2.6.38.7/modules.dep: No such file or directory
Last login: Wed Apr 24 22:37:42 CST 2013 from 192.168.101.1 on pts/4
 * Exporting directories for NFS kernel daemon...       [80G Welcome to Ubuntu Natty (development branch) (GNU/Linux 2.6.38.7 armv7l)

 * Documentation:  http://www.linaro.org
[74G[ OK ]
 * Starting NFS kernel daemon       [80G root@linaro:~# linaro start up!
ssh root@192.168.101.2
root@192.168.101.2's password: 
Welcome to Ubuntu Natty (development branch) (GNU/Linux 2.6.38.7 armv7l)

 * Documentation:  http://www.linaro.org
Last login: Wed Apr 24 22:47:50 2013
]0;root@linaro: ~root@linaro:~# scp root@192.168.101.1:~/file_transfer.sh . 
@@@@@@@@@@@@@@@@@@@@@@@@@@@@@@@@@@@@@@@@@@@@@@@@@@@@@@@@@@@
@    WARNING: REMOTE HOST IDENTIFICATION HAS CHANGED!     @
@@@@@@@@@@@@@@@@@@@@@@@@@@@@@@@@@@@@@@@@@@@@@@@@@@@@@@@@@@@
IT IS POSSIBLE THAT SOMEONE IS DOING SOMETHING NASTY!
Someone could be eavesdropping on you right now (man-in-the-middle attack)!
It is also possible that a host key has just been changed.
The fingerprint for the ECDSA key sent by the remote host is
6f:44:67:02:64:be:bb:58:b2:01:11:8d:ca:21:b6:44.
Please contact your system administrator.
Add correct host key in /root/.ssh/known_hosts to get rid of this message.
Offending ECDSA key in /root/.ssh/known_hosts:3
  remove with: ssh-keygen -f "/root/.ssh/known_hosts" -R 192.168.101.1
ECDSA host key for 192.168.101.1 has changed and you have requested strict checking.
Host key verification failed.
]0;root@linaro: ~root@linaro:~# [Kscp root@192.168.101.1:~/memTest . 
@@@@@@@@@@@@@@@@@@@@@@@@@@@@@@@@@@@@@@@@@@@@@@@@@@@@@@@@@@@
@    WARNING: REMOTE HOST IDENTIFICATION HAS CHANGED!     @
@@@@@@@@@@@@@@@@@@@@@@@@@@@@@@@@@@@@@@@@@@@@@@@@@@@@@@@@@@@
IT IS POSSIBLE THAT SOMEONE IS DOING SOMETHING NASTY!
Someone could be eavesdropping on you right now (man-in-the-middle attack)!
It is also possible that a host key has just been changed.
The fingerprint for the ECDSA key sent by the remote host is
6f:44:67:02:64:be:bb:58:b2:01:11:8d:ca:21:b6:44.
Please contact your system administrator.
Add correct host key in /root/.ssh/known_hosts to get rid of this message.
Offending ECDSA key in /root/.ssh/known_hosts:3
  remove with: ssh-keygen -f "/root/.ssh/known_hosts" -R 192.168.101.1
ECDSA host key for 192.168.101.1 has changed and you have requested strict checking.
Host key verification failed.
]0;root@linaro: ~root@linaro:~# [Kscp -r root@192.168.101.1:~/Config/0010/* /root/kvm/ 
@@@@@@@@@@@@@@@@@@@@@@@@@@@@@@@@@@@@@@@@@@@@@@@@@@@@@@@@@@@
@    WARNING: REMOTE HOST IDENTIFICATION HAS CHANGED!     @
@@@@@@@@@@@@@@@@@@@@@@@@@@@@@@@@@@@@@@@@@@@@@@@@@@@@@@@@@@@
IT IS POSSIBLE THAT SOMEONE IS DOING SOMETHING NASTY!
Someone could be eavesdropping on you right now (man-in-the-middle attack)!
It is also possible that a host key has just been changed.
The fingerprint for the ECDSA key sent by the remote host is
6f:44:67:02:64:be:bb:58:b2:01:11:8d:ca:21:b6:44.
Please contact your system administrator.
Add correct host key in /root/.ssh/known_hosts to get rid of this message.
Offending ECDSA key in /root/.ssh/known_hosts:3
  remove with: ssh-keygen -f "/root/.ssh/known_hosts" -R 192.168.101.1
ECDSA host key for 192.168.101.1 has changed and you have requested strict checking.
Host key verification failed.
]0;root@linaro: ~root@linaro:~# [Kcd /root/kvm
]0;root@linaro: ~/kvmroot@linaro:~/kvm# insmod /root/kvm/kvm.ko
]0;root@linaro: ~/kvmroot@linaro:~/kvm# chmod +x start1.sh
]0;root@linaro: ~/kvmroot@linaro:~/kvm# ./start1.sh
  *** TAP MAC 22:54:00:12:34:01
   ***  idstr ram
   ***  idstr cpu
   ***  idstr sharedpage
   ***  idstr vectors
map addr 0x4d3d3c
   ***  idstr virtio-net
   ***  idstr virtio-console
Warning: more nics requested than this machine supports; some have been ignored
Linux version 2.6.35 (alexey@66-A00327-01) (gcc version 4.4.1 (Sourcery G++ Lite 2010q1-202) ) #3 Thu Jan 10 10:29:34 CST 2013
CPU: ARMv6-compatible processor [0007b000] revision 0 (ARMv6TEJ), cr=00000000
CPU: VIPT nonaliasing data cache, VIPT nonaliasing instruction cache
Machine: KVM-ARM guest OS (realview EB target)
Memory policy: ECC disabled, Data cache writeback
Built 1 zonelists in Zone order, mobility grouping on.  Total pages: 16256
Kernel command line: root=/dev/nfs rw  nfsroot=192.168.20.1:/root/rootfs/debian,hard ip=192.168.20.2::192.168.20.1:255.255.255.0:vm1:eth0:off clocksource=pit console=hvc0
PID hash table entries: 256 (order: -2, 1024 bytes)
Dentry cache hash table entries: 8192 (order: 3, 32768 bytes)
Inode-cache hash table entries: 4096 (order: 2, 16384 bytes)
Memory: 64MB = 64MB total
Memory: 60164k/60164k available, 5372k reserved, 0K highmem
Virtual kernel memory layout:
    vector  : 0xffff0000 - 0xffff1000   (   4 kB)
    fixmap  : 0xfff00000 - 0xfffe0000   ( 896 kB)
    DMA     : 0xffc00000 - 0xffe00000   (   2 MB)
    vmalloc : 0xc4800000 - 0xf8000000   ( 824 MB)
    lowmem  : 0xc0000000 - 0xc4000000   (  64 MB)
    modules : 0xbf000000 - 0xc0000000   (  16 MB)
      .init : 0xc0008000 - 0xc001f000   (  92 kB)
      .text : 0xc001f000 - 0xc026a000   (2348 kB)
      .data : 0xc027e000 - 0xc0296fe0   ( 100 kB)
Hierarchical RCU implementation.
	RCU-based detection of stalled CPUs is disabled.
	Verbose stalled-CPUs detection is disabled.
NR_IRQS:228
Console: colour dummy device 80x30
console [hvc0] enabled
Calibrating delay loop... 627.50 BogoMIPS (lpj=3137536)
pid_max: default: 32768 minimum: 301
Mount-cache hash table entries: 512
CPU: Testing write buffer coherency: ok
NET: Registered protocol family 16
bio: create slab <bio-0> at 0
NET: Registered protocol family 2
IP route cache hash table entries: 1024 (order: 0, 4096 bytes)
TCP established hash table entries: 2048 (order: 2, 16384 bytes)
TCP bind hash table entries: 2048 (order: 1, 8192 bytes)
TCP: Hash tables configured (established 2048 bind 2048)
TCP reno registered
UDP hash table entries: 256 (order: 0, 4096 bytes)
UDP-Lite hash table entries: 256 (order: 0, 4096 bytes)
NET: Registered protocol family 1
RPC: Registered udp transport module.
RPC: Registered tcp transport module.
RPC: Registered tcp NFSv4.1 backchannel transport module.
msgmni has been set to 117
io scheduler noop registered
io scheduler deadline registered (default)
virtio-mmio virtio-mmio.2: Wrong magic value 0x00000000!
TCP cubic registered
NET: Registered protocol family 17
IP-Config: Complete:
     device=eth0, addr=192.168.20.2, mask=255.255.255.0, gw=192.168.20.1,
     host=vm1, domain=, nis-domain=(none),
     bootserver=255.255.255.255, rootserver=192.168.20.1, rootpath=
Looking up port of RPC 100003/2 on 192.168.20.1
Looking up port of RPC 100005/1 on 192.168.20.1
VFS: Mounted root (nfs filesystem) on device 0:10.
Freeing init memory: 92K
modprobe: FATAL: Could not load /lib/modules/2.6.35/modules.dep: No such file or directory

INIT: version 2.88 booting
root@vm1:/# echo $HOSTNAME
vm1
root@vm1:/# /etc/init.d/ssh start
unt /dev/pts
Starting OpenBSD Secure Shell server: sshdmodprobe: FATAL: Could not load /lib/modules/2.6.35/modules.dep: No such file or directory

modprobe: FATAL: Could not load /lib/modules/2.6.35/modules.dep: No such file or directory

.
root@vm1:/# mount /dev/pts
ssh root@192.168.101.2
root@192.168.101.2's password: 
Welcome to Ubuntu Natty (development branch) (GNU/Linux 2.6.38.7 armv7l)

 * Documentation:  http://www.linaro.org
Last login: Wed Apr 24 22:48:00 2013 from 192.168.101.1
]0;root@linaro: ~root@linaro:~# cd kvm
]0;root@linaro: ~/kvmroot@linaro:~/kvm# chmod +x start3.sh
]0;root@linaro: ~/kvmroot@linaro:~/kvm# ./start3.sh
  *** TAP MAC 22:54:00:12:34:01
   ***  idstr ram
   ***  idstr cpu
   ***  idstr sharedpage
   ***  idstr vectors
map addr 0x4d3d3c
   ***  idstr virtio-net
   ***  idstr virtio-console
Warning: more nics requested than this machine supports; some have been ignored
Linux version 2.6.35 (alexey@66-A00327-01) (gcc version 4.4.1 (Sourcery G++ Lite 2010q1-202) ) #3 Thu Jan 10 10:29:34 CST 2013
CPU: ARMv6-compatible processor [0007b000] revision 0 (ARMv6TEJ), cr=00000000
CPU: VIPT nonaliasing data cache, VIPT nonaliasing instruction cache
Machine: KVM-ARM guest OS (realview EB target)
Memory policy: ECC disabled, Data cache writeback
Built 1 zonelists in Zone order, mobility grouping on.  Total pages: 16256
Kernel command line: root=/dev/nfs rw  nfsroot=192.168.20.1:/root/rootfs/debian,hard ip=192.168.20.4::192.168.20.1:255.255.255.0:vm3:eth0:off clocksource=pit console=hvc0
PID hash table entries: 256 (order: -2, 1024 bytes)
Dentry cache hash table entries: 8192 (order: 3, 32768 bytes)
Inode-cache hash table entries: 4096 (order: 2, 16384 bytes)
Memory: 64MB = 64MB total
Memory: 60164k/60164k available, 5372k reserved, 0K highmem
Virtual kernel memory layout:
    vector  : 0xffff0000 - 0xffff1000   (   4 kB)
    fixmap  : 0xfff00000 - 0xfffe0000   ( 896 kB)
    DMA     : 0xffc00000 - 0xffe00000   (   2 MB)
    vmalloc : 0xc4800000 - 0xf8000000   ( 824 MB)
    lowmem  : 0xc0000000 - 0xc4000000   (  64 MB)
    modules : 0xbf000000 - 0xc0000000   (  16 MB)
      .init : 0xc0008000 - 0xc001f000   (  92 kB)
      .text : 0xc001f000 - 0xc026a000   (2348 kB)
      .data : 0xc027e000 - 0xc0296fe0   ( 100 kB)
Hierarchical RCU implementation.
	RCU-based detection of stalled CPUs is disabled.
	Verbose stalled-CPUs detection is disabled.
NR_IRQS:228
Console: colour dummy device 80x30
console [hvc0] enabled
Calibrating delay loop... 838.86 BogoMIPS (lpj=4194304)
pid_max: default: 32768 minimum: 301
Mount-cache hash table entries: 512
CPU: Testing write buffer coherency: ok
NET: Registered protocol family 16
bio: create slab <bio-0> at 0
NET: Registered protocol family 2
IP route cache hash table entries: 1024 (order: 0, 4096 bytes)
TCP established hash table entries: 2048 (order: 2, 16384 bytes)
TCP bind hash table entries: 2048 (order: 1, 8192 bytes)
TCP: Hash tables configured (established 2048 bind 2048)
TCP reno registered
UDP hash table entries: 256 (order: 0, 4096 bytes)
UDP-Lite hash table entries: 256 (order: 0, 4096 bytes)
NET: Registered protocol family 1
RPC: Registered udp transport module.
RPC: Registered tcp transport module.
RPC: Registered tcp NFSv4.1 backchannel transport module.
msgmni has been set to 117
io scheduler noop registered
io scheduler deadline registered (default)
virtio-mmio virtio-mmio.2: Wrong magic value 0x00000000!
TCP cubic registered
NET: Registered protocol family 17
IP-Config: Complete:
     device=eth0, addr=192.168.20.4, mask=255.255.255.0, gw=192.168.20.1,
     host=vm3, domain=, nis-domain=(none),
     bootserver=255.255.255.255, rootserver=192.168.20.1, rootpath=
Looking up port of RPC 100003/2 on 192.168.20.1
Looking up port of RPC 100005/1 on 192.168.20.1
VFS: Mounted root (nfs filesystem) on device 0:10.
Freeing init memory: 92K
modprobe: FATAL: Could not load /lib/modules/2.6.35/modules.dep: No such file or directory

INIT: version 2.88 booting
root@vm3:/# /etc/init.d/ssh start
t /dev/pts
Starting OpenBSD Secure Shell server: sshdmodprobe: FATAL: Could not load /lib/modules/2.6.35/modules.dep: No such file or directory

modprobe: FATAL: Could not load /lib/modules/2.6.35/modules.dep: No such file or directory

.
root@vm3:/# mount /dev/pts
echo $HOSTNAME
root@vm3:/# echossh root@192.168.101.2
root@192.168.101.2's password: 
Welcome to Ubuntu Natty (development branch) (GNU/Linux 2.6.38.7 armv7l)

 * Documentation:  http://www.linaro.org
Last login: Wed Apr 24 22:48:32 2013 from 192.168.101.1
]0;root@linaro: ~root@linaro:~# 
]0;root@linaro: ~root@linaro:~# scp ~/memTest root@192.168.20.2:/root/memTest
memTest                                         0%    0     0.0KB/s   --:-- ETAmemTest                                       100% 5697     5.6KB/s   00:00    
]0;root@linaro: ~root@linaro:~# [K
]0;root@linaro: ~root@linaro:~# ssh root@192.168.20.2 '/root/memTest'
ssh root@192.168.101.2
root@192.168.101.2's password: 
Welcome to Ubuntu Natty (development branch) (GNU/Linux 2.6.38.7 armv7l)

 * Documentation:  http://www.linaro.org
Last login: Wed Apr 24 22:48:55 2013 from 192.168.101.1
]0;root@linaro: ~root@linaro:~# 
]0;root@linaro: ~root@linaro:~# scp ~/memTest root@192.168.20.4:/root/memTest
memTest                                         0%    0     0.0KB/s   --:-- ETAmemTest                                       100% 5697     5.6KB/s   00:00    
]0;root@linaro: ~root@linaro:~# [K
]0;root@linaro: ~root@linaro:~# ssh root@192.168.20.4 '/root/memTest'
ssh root@192.168.101.2
root@192.168.101.2's password: 
Welcome to Ubuntu Natty (development branch) (GNU/Linux 2.6.38.7 armv7l)

 * Documentation:  http://www.linaro.org
Last login: Wed Apr 24 22:50:00 2013 from 192.168.101.1
]0;root@linaro: ~root@linaro:~# chmod +x file_transfer.sh
]0;root@linaro: ~root@linaro:~# [K./file_transfer.sh 10 5 IOV 0010 3 
Loop	Elapsed time(seconds)	MD5 comparison result	Size comparison result
10+0 records in
10+0 records out
10485760 bytes (10 MB) copied, 2.53473 s, 4.1 MB/s
Copy random_file from Host to Guest VM1
