Started by user anonymous
[IOV-0100] $ /bin/sh -xe /tmp/hudson1438171278057847962.sh
+ expect /srv/start.exp IOV 0100 1 1
spawn ssh root@127.0.0.1
root@127.0.0.1's password: 
Welcome to Ubuntu 12.04.2 LTS (GNU/Linux 3.2.0-40-generic-pae i686)

 * Documentation:  https://help.ubuntu.com/

41 packages can be updated.
17 updates are security updates.

Last login: Thu Apr 25 09:12:42 2013 from chkao-system-product-name.local
root@chkao:~# spawn ssh root@127.0.0.1
root@127.0.0.1's password: 
Welcome to Ubuntu 12.04.2 LTS (GNU/Linux 3.2.0-40-generic-pae i686)

 * Documentation:  https://help.ubuntu.com/

41 packages can be updated.
17 updates are security updates.

Last login: Thu Apr 25 09:21:39 2013 from localhost
root@chkao:~# spawn ssh root@127.0.0.1
root@127.0.0.1's password: 
Welcome to Ubuntu 12.04.2 LTS (GNU/Linux 3.2.0-40-generic-pae i686)

 * Documentation:  https://help.ubuntu.com/

41 packages can be updated.
17 updates are security updates.

Last login: Thu Apr 25 09:21:39 2013 from localhost
root@chkao:~# spawn ssh root@127.0.0.1
root@127.0.0.1's password: 
Welcome to Ubuntu 12.04.2 LTS (GNU/Linux 3.2.0-40-generic-pae i686)

 * Documentation:  https://help.ubuntu.com/

41 packages can be updated.
17 updates are security updates.

Last login: Thu Apr 25 09:21:40 2013 from localhost
root@chkao:~# spawn ssh root@127.0.0.1
root@127.0.0.1's password: 
Welcome to Ubuntu 12.04.2 LTS (GNU/Linux 3.2.0-40-generic-pae i686)

 * Documentation:  https://help.ubuntu.com/

41 packages can be updated.
17 updates are security updates.

Last login: Thu Apr 25 09:21:41 2013 from localhost
root@chkao:~# spawn ssh root@127.0.0.1
root@127.0.0.1's password: 
Welcome to Ubuntu 12.04.2 LTS (GNU/Linux 3.2.0-40-generic-pae i686)

 * Documentation:  https://help.ubuntu.com/

41 packages can be updated.
17 updates are security updates.

Last login: Thu Apr 25 09:21:41 2013 from localhost
root@chkao:~# spawn ssh root@127.0.0.1
root@127.0.0.1's password: 
Welcome to Ubuntu 12.04.2 LTS (GNU/Linux 3.2.0-40-generic-pae i686)

 * Documentation:  https://help.ubuntu.com/

41 packages can be updated.
17 updates are security updates.

Last login: Thu Apr 25 09:21:42 2013 from localhost
root@chkao:~# spawn ssh root@127.0.0.1
root@127.0.0.1's password: 
Welcome to Ubuntu 12.04.2 LTS (GNU/Linux 3.2.0-40-generic-pae i686)

 * Documentation:  https://help.ubuntu.com/

41 packages can be updated.
17 updates are security updates.

Last login: Thu Apr 25 09:21:43 2013 from localhost
root@chkao:~# spawn ssh root@127.0.0.1
root@127.0.0.1's password: 
Welcome to Ubuntu 12.04.2 LTS (GNU/Linux 3.2.0-40-generic-pae i686)

 * Documentation:  https://help.ubuntu.com/

41 packages can be updated.
17 updates are security updates.

Last login: Thu Apr 25 09:21:44 2013 from localhost
root@chkao:~# spawn ssh root@127.0.0.1
root@127.0.0.1's password: 
Welcome to Ubuntu 12.04.2 LTS (GNU/Linux 3.2.0-40-generic-pae i686)

 * Documentation:  https://help.ubuntu.com/

41 packages can be updated.
17 updates are security updates.

Last login: Thu Apr 25 09:21:44 2013 from localhost
root@chkao:~# cd /home/chkao/hypervisor-01242013/linaro+libvirt
root@chkao:/home/chkao/hypervisor-01242013/linaro+libvirt# ./start.sh
pulseaudio: pa_context_connect() failed
pulseaudio: Reason: Connection refused
pulseaudio: Failed to initialize PA contextaudio: Could not init `pa' audio driver
ALSA lib pcm_dmix.c:1018:(snd_pcm_dmix_open) unable to open slave
alsa: Could not initialize DAC
alsa: Failed to open `default':
alsa: Reason: No such file or directory
ALSA lib pcm_dmix.c:1018:(snd_pcm_dmix_open) unable to open slave
alsa: Could not initialize DAC
alsa: Failed to open `default':
alsa: Reason: No such file or directory
audio: Failed to create voice `lm4549.out'
Uncompressing Linux... done, booting the kernel.
[    0.000000] Linux version 2.6.38.7 (alexey@66-A00327-01) (gcc version 4.4.1 (Sourcery G++ Lite 2010q1-202) ) #2 Mon Jan 14 17:42:29 CST 2013
[    0.000000] CPU: ARMv7 Processor [410fc090] revision 0 (ARMv7), cr=10c53c7f
[    0.000000] CPU: VIPT nonaliasing data cache, VIPT aliasing instruction cache
[    0.000000] Machine: ARM-Versatile Express
[    0.000000] Memory policy: ECC disabled, Data cache writeback
[    0.000000] sched_clock: 32 bits at 24MHz, resolution 41ns, wraps every 178956ms
[    0.000000] Built 1 zonelists in Zone order, mobility grouping on.  Total pages: 260096
[    0.000000] Kernel command line: root=/dev/mmcblk0p2 rw mem=1024M raid=noautodetect console=ttyAMA0,38400n8 rootwait vmalloc=256MB devtmpfs.mount=0
[    0.000000] PID hash table entries: 4096 (order: 2, 16384 bytes)
[    0.000000] Dentry cache hash table entries: 131072 (order: 7, 524288 bytes)
[    0.000000] Inode-cache hash table entries: 65536 (order: 6, 262144 bytes)
[    0.000000] Memory: 1024MB = 1024MB total
[    0.000000] Memory: 902884k/902884k available, 145692k reserved, 393216K highmem
[    0.000000] Virtual kernel memory layout:
[    0.000000]     vector  : 0xffff0000 - 0xffff1000   (   4 kB)
[    0.000000]     fixmap  : 0xfff00000 - 0xfffe0000   ( 896 kB)
[    0.000000]     DMA     : 0xffc00000 - 0xffe00000   (   2 MB)
[    0.000000]     vmalloc : 0xe8800000 - 0xf8000000   ( 248 MB)
[    0.000000]     lowmem  : 0xc0000000 - 0xe8000000   ( 640 MB)
[    0.000000]     pkmap   : 0xbfe00000 - 0xc0000000   (   2 MB)
[    0.000000]     modules : 0xbf000000 - 0xbfe00000   (  14 MB)
[    0.000000]       .init : 0xc0008000 - 0xc002e000   ( 152 kB)
[    0.000000]       .text : 0xc002e000 - 0xc0526ddc   (5092 kB)
[    0.000000]       .data : 0xc0528000 - 0xc054d180   ( 149 kB)
[    0.000000] SLUB: Genslabs=13, HWalign=32, Order=0-3, MinObjects=0, CPUs=1, Nodes=1
[    0.000000] NR_IRQS:128
[    0.000000] Console: colour dummy device 80x30
[    0.128408] Calibrating delay loop... 632.42 BogoMIPS (lpj=3162112)
[    0.377124] pid_max: default: 32768 minimum: 301
[    0.377630] Security Framework initialized
[    0.378885] AppArmor: AppArmor initialized
[    0.379148] Mount-cache hash table entries: 512
[    0.384157] CPU: Testing write buffer coherency: ok
[    0.388904] hw perfevents: enabled with ARMv7 Cortex-A9 PMU driver, 1 counters available
[    0.392740] devtmpfs: initialized
[    0.402886] NET: Registered protocol family 16
[    0.417089] hw-breakpoint: debug architecture 0x0 unsupported.
[    0.417226] Serial: AMBA PL011 UART driver
[    0.418724] mb:uart0: ttyAMA0 at MMIO 0x10009000 (irq = 37) is a PL011 rev1
[    0.429383] console [ttyAMA0] enabled
[    0.432487] mb:uart1: ttyAMA1 at MMIO 0x1000a000 (irq = 38) is a PL011 rev1
[    0.433628] mb:uart2: ttyAMA2 at MMIO 0x1000b000 (irq = 39) is a PL011 rev1
[    0.434758] mb:uart3: ttyAMA3 at MMIO 0x1000c000 (irq = 40) is a PL011 rev1
[    0.473148] bio: create slab <bio-0> at 0
[    0.477806] SCSI subsystem initialized
[    0.480186] usbcore: registered new interface driver usbfs
[    0.481503] usbcore: registered new interface driver hub
[    0.482564] usbcore: registered new device driver usb
[    0.486623] Advanced Linux Sound Architecture Driver Version 1.0.23.
[    0.491575] NetLabel: Initializing
[    0.491913] NetLabel:  domain hash size = 128
[    0.492143] NetLabel:  protocols = UNLABELED CIPSOv4
[    0.493097] NetLabel:  unlabeled traffic allowed by default
[    0.495227] DMA-API: preallocated 4096 debug entries
[    0.495574] DMA-API: debugging enabled by kernel config
[    0.495999] Switching to clocksource timer3
[    0.497260] AppArmor: AppArmor Filesystem Enabled
[    0.544784] NET: Registered protocol family 2
[    0.545921] IP route cache hash table entries: 32768 (order: 5, 131072 bytes)
[    0.548551] TCP established hash table entries: 131072 (order: 8, 1048576 bytes)
[    0.552498] TCP bind hash table entries: 65536 (order: 6, 262144 bytes)
[    0.556801] TCP: Hash tables configured (established 131072 bind 65536)
[    0.557423] TCP reno registered
[    0.557654] UDP hash table entries: 512 (order: 1, 8192 bytes)
[    0.558150] UDP-Lite hash table entries: 512 (order: 1, 8192 bytes)
[    0.559282] NET: Registered protocol family 1
[    0.560866] RPC: Registered udp transport module.
[    0.561240] RPC: Registered tcp transport module.
[    0.561492] RPC: Registered tcp NFSv4.1 backchannel transport module.
[    0.564320] Trying to unpack rootfs image as initramfs...
[    0.893866] Freeing initrd memory: 2624K
[    0.895324] PMU: registered new PMU device of type 0
[    0.896145] [KVM] kvm_eventfd: irqfd_module_init
[    0.898865] audit: initializing netlink socket (disabled)
[    0.899809] type=2000 audit(0.760:1): initialized
[    0.903485] highmem bounce pool size: 64 pages
[    0.939693] Installing knfsd (copyright (C) 1996 okir@monad.swb.de).
[    0.941026] JFFS2 version 2.2. (NAND) Â© 2001-2006 Red Hat, Inc.
[    0.944218] JFS: nTxBlock = 7074, nTxLock = 56594
[    0.953271] Btrfs loaded
[    0.953750] msgmni has been set to 1000
[    0.957337] Block layer SCSI generic (bsg) driver version 0.4 loaded (major 253)
[    0.957980] io scheduler noop registered
[    0.958194] io scheduler deadline registered (default)
[    0.959729] clcd-pl11x ct:clcd: PL111 rev2 at 0x10020000
[    0.963008] clcd-pl11x ct:clcd: CT-CA9X4 hardware, XVGA display
[    0.966380] v2m_cfg_write: writing 03c8eee0 to 00110001
[    0.987186] v2m_cfg_write: writing 00000000 to 00710000
[    0.987210] v2m_cfg_write: writing 00000002 to 00b10000
[    1.001554] Console: switching to colour frame buffer device 128x48
[    1.054602] brd: module loaded
[    1.062766] armflash-0: Found 1 x32 devices at 0x0 in 32-bit bank. Manufacturer ID 0x000000 Chip ID 0x000000
[    1.063868] Intel/Sharp Extended Query Table at 0x0031
[    1.064872] Using buffer write method
[    1.068059] armflash-1: Found 1 x32 devices at 0x0 in 32-bit bank. Manufacturer ID 0x000000 Chip ID 0x000000
[    1.068708] Intel/Sharp Extended Query Table at 0x0031
[    1.069446] Using buffer write method
[    1.069751] Concatenating MTD devices:
[    1.069941] (0): "armflash-0"
[    1.070082] (1): "armflash-1"
[    1.070227] into device "armflash"
 modprobe: FATAL: Could not load /lib/modules/2.6.38.7/modules.dep: No such file or directory

[    1.123421] RedBoot partition parsing not available
 modprobe: FATAL: Could not load /lib/modules/2.6.38.7/modules.dep: No such file or directory

[    1.153983] afs partition parsing not available
[    1.154988] PPP generic driver version 2.4.2
[    1.156505] tun: Universal TUN/TAP device driver, 1.6
[    1.157084] tun: (C) 1999-2004 Max Krasnyansky <maxk@qualcomm.com>
[    1.158931] smsc911x: Driver version 2008-10-21.
[    1.187682] smsc911x-mdio: probed
[    1.188375] eth0: attached PHY driver [Generic PHY] (mii_bus:phy_addr=ffffffff:01, irq=-1)
[    1.189648] net eth0: MAC Address: 52:54:00:12:34:56
[    1.190319] usbmon: debugfs is not available
[    1.191319] isp1760 isp1760: NXP ISP1760 USB Host Controller
[    1.191820] isp1760 isp1760: new USB bus registered, assigned bus number 1
[    1.192586] isp1760 isp1760: Scratch test failed.
[    1.192835] isp1760 isp1760: can't setup
[    1.193176] isp1760 isp1760: USB bus 1 deregistered
[    1.193545] isp1760: Failed to register the HCD device
[    1.198266] mousedev: PS/2 mouse device common for all mice
[    1.202360] rtc-pl031 mb:rtc: rtc core: registered pl031 as rtc0
[    1.204500] device-mapper: uevent: version 1.0.3
[    1.206500] device-mapper: ioctl: 4.19.1-ioctl (2011-01-07) initialised: dm-devel@redhat.com
[    1.207769] device-mapper: multipath: version 1.2.0 loaded
[    1.208221] device-mapper: multipath round-robin: version 1.0.0 loaded
[    1.210479] mmci-pl18x mb:mmci: mmc0: PL181 manf 41 rev0 at 0x10005000 irq 41,42 (pio)
ALSA lib pcm_dmix.c:1018:(snd_pcm_dmix_open) unable to open slave
alsa: Could not initialize DAC
alsa: Failed to open `default':
alsa: Reason: No such file or directory
ALSA lib pcm_dmix.c:1018:(snd_pcm_dmix_open) unable to open slave
alsa: Could not initialize DAC
alsa: Failed to open `default':
alsa: Reason: No such file or directory
audio: Failed to create voice `lm4549.out'
ALSA lib pcm_dmix.c:1018:(snd_pcm_dmix_open) unable to open slave
alsa: Could not initialize DAC
alsa: Failed to open `default':
alsa: Reason: No such file or directory
ALSA lib pcm_dmix.c:1018:(snd_pcm_dmix_open) unable to open slave
alsa: Could not initialize DAC
alsa: Failed to open `default':
alsa: Reason: No such file or directory
audio: Failed to create voice `lm4549.out'
ALSA lib pcm_dmix.c:1018:(snd_pcm_dmix_open) unable to open slave
alsa: Could not initialize DAC
alsa: Failed to open `default':
alsa: Reason: No such file or directory
ALSA lib pcm_dmix.c:1018:(snd_pcm_dmix_open) unable to open slave
alsa: Could not initialize DAC
alsa: Failed to open `default':
alsa: Reason: No such file or directory
audio: Failed to create voice `lm4549.out'
ALSA lib pcm_dmix.c:1018:(snd_pcm_dmix_open) unable to open slave
alsa: Could not initialize DAC
alsa: Failed to open `default':
alsa: Reason: No such file or directory
ALSA lib pcm_dmix.c:1018:(snd_pcm_dmix_open) unable to open slave
alsa: Could not initialize DAC
alsa: Failed to open `default':
alsa: Reason: No such file or directory
audio: Failed to create voice `lm4549.out'
ALSA lib pcm_dmix.c:1018:(snd_pcm_dmix_open) unable to open slave
alsa: Could not initialize DAC
alsa: Failed to open `default':
alsa: Reason: No such file or directory
ALSA lib pcm_dmix.c:1018:(snd_pcm_dmix_open) unable to open slave
alsa: Could not initialize DAC
alsa: Failed to open `default':
alsa: Reason: No such file or directory
audio: Failed to create voice `lm4549.out'
ALSA lib pcm_dmix.c:1018:(snd_pcm_dmix_open) unable to open slave
alsa: Could not initialize DAC
alsa: Failed to open `default':
alsa: Reason: No such file or directory
ALSA lib pcm_dmix.c:1018:(snd_pcm_dmix_open) unable to open slave
alsa: Could not initialize DAC
alsa: Failed to open `default':
alsa: Reason: No such file or directory
audio: Failed to create voice `lm4549.out'
ALSA lib pcm_dmix.c:1018:(snd_pcm_dmix_open) unable to open slave
alsa: Could not initialize DAC
alsa: Failed to open `default':
alsa: Reason: No such file or directory
ALSA lib pcm_dmix.c:1018:(snd_pcm_dmix_open) unable to open slave
alsa: Could not initialize DAC
alsa: Failed to open `default':
alsa: Reason: No such file or directory
audio: Failed to create voice `lm4549.out'
ALSA lib pcm_dmix.c:1018:(snd_pcm_dmix_open) unable to open slave
alsa: Could not initialize DAC
alsa: Failed to open `default':
alsa: Reason: No such file or directory
ALSA lib pcm_dmix.c:1018:(snd_pcm_dmix_open) unable to open slave
alsa: Could not initialize DAC
alsa: Failed to open `default':
alsa: Reason: No such file or directory
audio: Failed to create voice `lm4549.out'
ALSA lib pcm_dmix.c:1018:(snd_pcm_dmix_open) unable to open slave
alsa: Could not initialize DAC
alsa: Failed to open `default':
alsa: Reason: No such file or directory
ALSA lib pcm_dmix.c:1018:(snd_pcm_dmix_open) unable to open slave
alsa: Could not initialize DAC
alsa: Failed to open `default':
alsa: Reason: No such file or directory
audio: Failed to create voice `lm4549.out'
[    1.255640] mmc0: host does not support reading read-only switch. assuming write-enable.
[    1.256289] mmc0: new SDHC card at address 4567
[    1.260061] aaci-pl041 mb:aaci: ARM AC'97 Interface PL041 rev0 at 0x10004000, irq 43
[    1.260604] aaci-pl041 mb:aaci: FIFO 512 entries
[    1.262090] ALSA device list:
[    1.262338]   #0: ARM AC'97 Interface PL041 rev0 at 0x10004000, irq 43
[    1.263552] mmcblk0: mmc0:4567 QEMU! 3.00 GiB 
[    1.264791] nf_conntrack version 0.5.0 (14148 buckets, 56592 max)
[    1.273377]  mmcblk0: p1 p2
[    1.278212] ip_tables: (C) 2000-2006 Netfilter Core Team
[    1.279937] arp_tables: (C) 2002 David S. Miller
[    1.280448] TCP cubic registered
[    1.280720] NET: Registered protocol family 17
[    1.281415] Bridge firewalling registered
[    1.281820] Ebtables v2.0 registered
[    1.282506] VFP support v0.3: implementor 41 architecture 3 part 30 variant 9 rev 0
[    1.303168] input: AT Raw Set 2 keyboard as /devices/mb:kmi0/serio0/input/input0
[    1.317322] rtc-pl031 mb:rtc: setting system clock to 2013-04-25 01:21:48 UTC (1366852908)
 [    1.321287] Freeing init memory: 152K
[    1.509846] input: ImExPS/2 Generic Explorer Mouse as /devices/mb:kmi1/serio1/input/input1
Loading, please wait...
[    1.926669] udev[521]: starting version 167
Begin: Loading essential drivers ... done.
Begin: Running /scripts/init-premount ... done.
Begin: Mounting root file system ... Begin: Running /scripts/local-top ... done.
Begin: Running /scripts/local-premount ... done.
FATAL: Could not load /lib/modules/2.6.38.7/modules.dep: No such file or directory
[    5.102473] EXT4-fs (mmcblk0p2): warning: maximal mount count reached, running e2fsck is recommended
[    5.110183] EXT4-fs (mmcblk0p2): recovery complete
[    5.113762] EXT4-fs (mmcblk0p2): mounted filesystem with ordered data mode. Opts: (null)
Begin: Running /scripts/local-bottom ... done.
done.
Begin: Running /scripts/init-bottom ... done.
 [   13.258339] udev[664]: starting version 167
[   16.359506] net eth0: SMSC911x/921x identified at 0xe8cc0000, IRQ: 47
modprobe: FATAL: Could not load /lib/modules/2.6.38.7/modules.dep: No such file or directory

init: ureadahead main process (597) terminated with status 5
[   19.438614] device: 'vcs5': device_add
[   19.440951] PM: Adding info for No Bus:vcs5
[   19.442197] device: 'vcsa5': device_add
[   19.442401] PM: Adding info for No Bus:vcsa5
[   19.461667] device: 'vcs4': device_add
[   19.462034] PM: Adding info for No Bus:vcs4
[   19.462176] device: 'vcsa4': device_add
[   19.462381] PM: Adding info for No Bus:vcsa4
[   19.627294] device: 'vcs2': device_add
[   19.627559] PM: Adding info for No Bus:vcs2
[   19.627664] device: 'vcsa2': device_add
[   19.627858] PM: Adding info for No Bus:vcsa2

[   19.706285] device: 'vcs3': device_add
[   19.706625] PM: Adding info for No Bus:vcs3
[   19.706737] device: 'vcsa3': device_add
[   19.707037] PM: Adding info for No Bus:vcsa3
[   19.761616] device: 'vcs6': device_add
[   19.761904] PM: Adding info for No Bus:vcs6
[   19.762022] device: 'vcsa6': device_add
[   19.762221] PM: Adding info for No Bus:vcsa6
[   19.784139] device: 'virbr0': device_add
[   19.784999] PM: Adding info for No Bus:virbr0
FATAL: Could not load /lib/modules/2.6.38.7/modules.dep: No such file or directory
 * Exporting directories for NFS kernel daemon...       [80G Last login: Thu Apr 25 00:11:36 CST 2013 from 192.168.101.1 on pts/4
[74G[ OK ]
Welcome to Ubuntu Natty (development branch) (GNU/Linux 2.6.38.7 armv7l)

 * Documentation:  http://www.linaro.org
 * Starting NFS kernel daemon       [80G [74G[ OK ]
root@linaro:~# linaro start up!
ssh root@192.168.101.2
root@192.168.101.2's password: 
Welcome to Ubuntu Natty (development branch) (GNU/Linux 2.6.38.7 armv7l)

 * Documentation:  http://www.linaro.org
Last login: Thu Apr 25 09:22:13 2013
root@linaro:~# scp root@192.168.101.1:~/file_transfer.sh . 
root@192.168.101.1's password: 
file_transfer.sh                                0%    0     0.0KB/s   --:-- ETAfile_transfer.sh                              100% 3560     3.5KB/s   00:00    
root@linaro:~# scp root@192.168.101.1:~/memTest . 
root@192.168.101.1's password: 
memTest                                         0%    0     0.0KB/s   --:-- ETAmemTest                                       100% 5697     5.6KB/s   00:00    
root@linaro:~# scp -r root@192.168.101.1:~/Config/0100/* /root/kvm/ 
root@192.168.101.1's password: 
0100                                          100%    0     0.0KB/s   00:00    
start1.sh                                       0%    0     0.0KB/s   --:-- ETAstart1.sh                                     100%  663     0.7KB/s   00:00    
start3.sh                                       0%    0     0.0KB/s   --:-- ETAstart3.sh                                     100%  664     0.7KB/s   00:00    
start4.sh                                       0%    0     0.0KB/s   --:-- ETAstart4.sh                                     100%  664     0.7KB/s   00:00    
root@linaro:~# cd /root/kvm
root@linaro:~/kvm# insmod /root/kvm/kvm.ko
root@linaro:~/kvm# chmod +x start1.sh
root@linaro:~/kvm# ./start1.sh
  *** TAP MAC 22:54:00:12:34:01
   ***  idstr ram
   ***  idstr cpu
   ***  idstr sharedpage
   ***  idstr vectors
map addr 0x4d3d3c
   ***  idstr virtio-net
   ***  idstr virtio-console
Warning: more nics requested than this machine supports; some have been ignored
Linux version 2.6.35 (alexey@66-A00327-01) (gcc version 4.4.1 (Sourcery G++ Lite 2010q1-202) ) #3 Thu Jan 10 10:29:34 CST 2013
CPU: ARMv6-compatible processor [0007b000] revision 0 (ARMv6TEJ), cr=00000000
CPU: VIPT nonaliasing data cache, VIPT nonaliasing instruction cache
Machine: KVM-ARM guest OS (realview EB target)
Memory policy: ECC disabled, Data cache writeback
Built 1 zonelists in Zone order, mobility grouping on.  Total pages: 16256
Kernel command line: root=/dev/nfs rw  nfsroot=192.168.20.1:/root/rootfs/debian,hard ip=192.168.20.2::192.168.20.1:255.255.255.0:vm1:eth0:off clocksource=pit console=hvc0
PID hash table entries: 256 (order: -2, 1024 bytes)
Dentry cache hash table entries: 8192 (order: 3, 32768 bytes)
Inode-cache hash table entries: 4096 (order: 2, 16384 bytes)
Memory: 64MB = 64MB total
Memory: 60164k/60164k available, 5372k reserved, 0K highmem
Virtual kernel memory layout:
    vector  : 0xffff0000 - 0xffff1000   (   4 kB)
    fixmap  : 0xfff00000 - 0xfffe0000   ( 896 kB)
    DMA     : 0xffc00000 - 0xffe00000   (   2 MB)
    vmalloc : 0xc4800000 - 0xf8000000   ( 824 MB)
    lowmem  : 0xc0000000 - 0xc4000000   (  64 MB)
    modules : 0xbf000000 - 0xc0000000   (  16 MB)
      .init : 0xc0008000 - 0xc001f000   (  92 kB)
      .text : 0xc001f000 - 0xc026a000   (2348 kB)
      .data : 0xc027e000 - 0xc0296fe0   ( 100 kB)
Hierarchical RCU implementation.
	RCU-based detection of stalled CPUs is disabled.
	Verbose stalled-CPUs detection is disabled.
NR_IRQS:228
Console: colour dummy device 80x30
console [hvc0] enabled
Calibrating delay loop... 622.59 BogoMIPS (lpj=3112960)
pid_max: default: 32768 minimum: 301
Mount-cache hash table entries: 512
CPU: Testing write buffer coherency: ok
NET: Registered protocol family 16
bio: create slab <bio-0> at 0
NET: Registered protocol family 2
IP route cache hash table entries: 1024 (order: 0, 4096 bytes)
TCP established hash table entries: 2048 (order: 2, 16384 bytes)
TCP bind hash table entries: 2048 (order: 1, 8192 bytes)
TCP: Hash tables configured (established 2048 bind 2048)
TCP reno registered
UDP hash table entries: 256 (order: 0, 4096 bytes)
UDP-Lite hash table entries: 256 (order: 0, 4096 bytes)
NET: Registered protocol family 1
RPC: Registered udp transport module.
RPC: Registered tcp transport module.
RPC: Registered tcp NFSv4.1 backchannel transport module.
msgmni has been set to 117
io scheduler noop registered
io scheduler deadline registered (default)
virtio-mmio virtio-mmio.2: Wrong magic value 0x00000000!
TCP cubic registered
NET: Registered protocol family 17
IP-Config: Complete:
     device=eth0, addr=192.168.20.2, mask=255.255.255.0, gw=192.168.20.1,
     host=vm1, domain=, nis-domain=(none),
     bootserver=255.255.255.255, rootserver=192.168.20.1, rootpath=
Looking up port of RPC 100003/2 on 192.168.20.1
Looking up port of RPC 100005/1 on 192.168.20.1
VFS: Mounted root (nfs filesystem) on device 0:10.
Freeing init memory: 92K
modprobe: FATAL: Could not load /lib/modules/2.6.35/modules.dep: No such file or directory

INIT: version 2.88 booting
root@vm1:/# echo $HOSTNAME
vm1
root@vm1:/# /etc/init.d/ssh start
Starting OpenBSD Secure Shell server: sshdmodprobe: FATAL: Could not load /lib/modules/2.6.35/modules.dep: No such file or directory

modprobe: FATAL: Could not load /lib/modules/2.6.35/modules.dep: No such file or directory

.
root@vm1:/# mount /dev/pssh root@192.168.101.2
root@192.168.101.2's password: 
Welcome to Ubuntu Natty (development branch) (GNU/Linux 2.6.38.7 armv7l)

 * Documentation:  http://www.linaro.org
Last login: Thu Apr 25 09:22:24 2013 from 192.168.101.1
root@linaro:~# cd kvm
root@linaro:~/kvm# chmod +x start3.sh
root@linaro:~/kvm# ./start3.sh
  *** TAP MAC 22:54:00:12:34:01
   ***  idstr ram
   ***  idstr cpu
   ***  idstr sharedpage
   ***  idstr vectors
map addr 0x4d3d3c
   ***  idstr virtio-net
   ***  idstr virtio-console
Warning: more nics requested than this machine supports; some have been ignored
Linux version 2.6.35 (alexey@66-A00327-01) (gcc version 4.4.1 (Sourcery G++ Lite 2010q1-202) ) #3 Thu Jan 10 10:29:34 CST 2013
CPU: ARMv6-compatible processor [0007b000] revision 0 (ARMv6TEJ), cr=00000000
CPU: VIPT nonaliasing data cache, VIPT nonaliasing instruction cache
Machine: KVM-ARM guest OS (realview EB target)
Memory policy: ECC disabled, Data cache writeback
Built 1 zonelists in Zone order, mobility grouping on.  Total pages: 16256
Kernel command line: root=/dev/nfs rw  nfsroot=192.168.20.1:/root/rootfs/debian,hard ip=192.168.20.4::192.168.20.1:255.255.255.0:vm3:eth0:off clocksource=pit console=hvc0
PID hash table entries: 256 (order: -2, 1024 bytes)
Dentry cache hash table entries: 8192 (order: 3, 32768 bytes)
Inode-cache hash table entries: 4096 (order: 2, 16384 bytes)
Memory: 64MB = 64MB total
Memory: 60164k/60164k available, 5372k reserved, 0K highmem
Virtual kernel memory layout:
    vector  : 0xffff0000 - 0xffff1000   (   4 kB)
    fixmap  : 0xfff00000 - 0xfffe0000   ( 896 kB)
    DMA     : 0xffc00000 - 0xffe00000   (   2 MB)
    vmalloc : 0xc4800000 - 0xf8000000   ( 824 MB)
    lowmem  : 0xc0000000 - 0xc4000000   (  64 MB)
    modules : 0xbf000000 - 0xc0000000   (  16 MB)
      .init : 0xc0008000 - 0xc001f000   (  92 kB)
      .text : 0xc001f000 - 0xc026a000   (2348 kB)
      .data : 0xc027e000 - 0xc0296fe0   ( 100 kB)
Hierarchical RCU implementation.
	RCU-based detection of stalled CPUs is disabled.
	Verbose stalled-CPUs detection is disabled.
NR_IRQS:228
Console: colour dummy device 80x30
console [hvc0] enabled
Calibrating delay loop... 1841.56 BogoMIPS (lpj=9207808)
pid_max: default: 32768 minimum: 301
Mount-cache hash table entries: 512
CPU: Testing write buffer coherency: ok
NET: Registered protocol family 16
bio: create slab <bio-0> at 0
NET: Registered protocol family 2
IP route cache hash table entries: 1024 (order: 0, 4096 bytes)
TCP established hash table entries: 2048 (order: 2, 16384 bytes)
TCP bind hash table entries: 2048 (order: 1, 8192 bytes)
TCP: Hash tables configured (established 2048 bind 2048)
TCP reno registered
UDP hash table entries: 256 (order: 0, 4096 bytes)
UDP-Lite hash table entries: 256 (order: 0, 4096 bytes)
NET: Registered protocol family 1
RPC: Registered udp transport module.
RPC: Registered tcp transport module.
RPC: Registered tcp NFSv4.1 backchannel transport module.
msgmni has been set to 117
io scheduler noop registered
io scheduler deadline registered (default)
virtio-mmio virtio-mmio.2: Wrong magic value 0x00000000!
TCP cubic registered
NET: Registered protocol family 17
IP-Config: Complete:
     device=eth0, addr=192.168.20.4, mask=255.255.255.0, gw=192.168.20.1,
     host=vm3, domain=, nis-domain=(none),
     bootserver=255.255.255.255, rootserver=192.168.20.1, rootpath=
Looking up port of RPC 100003/2 on 192.168.20.1
Looking up port of RPC 100005/1 on 192.168.20.1
VFS: Mounted root (nfs filesystem) on device 0:10.
Freeing init memory: 92K
modprobe: FATAL: Could not load /lib/modules/2.6.35/modules.dep: No such file or directory

INIT: version 2.88 booting
root@vm3:/# /etc/init.d/ssh start
/dev/pts
Starting OpenBSD Secure Shell server: sshdmodprobe: FATAL: Could not load /lib/modules/2.6.35/modules.dep: No such file or directory

modprobe: FATAL: Could not load /lib/modules/2.6.35/modules.dep: No such file or directory

.
root@vm3:/# mount /dev/pts
echo $HOSTNAME
root@vm3:/# echo $HOssh root@192.168.101.2
root@192.168.101.2's password: 
Welcome to Ubuntu Natty (development branch) (GNU/Linux 2.6.38.7 armv7l)

 * Documentation:  http://www.linaro.org
Last login: Thu Apr 25 09:23:16 2013 from 192.168.101.1
root@linaro:~# chmod +x file_transfer.sh
root@linaro:~# ./file_transfer.sh 10 5 IOV 0100 1 
Loop	Elapsed time(seconds)	MD5 comparison result	Size comparison result
10+0 records in
10+0 records out
10485760 bytes (10 MB) copied, 3.15288 s, 3.3 MB/s
Copy random_file from Host to Guest VM1
random_file                                     0%    0     0.0KB/s   --:-- ETArandom_file                                    28% 2960KB   2.9MB/s   00:02 ETArandom_file                                    42% 4336KB   2.7MB/s   00:02 ETArandom_file                                    55% 5648KB   2.6MB/s   00:01 ETArandom_file                                    68% 7056KB   2.5MB/s   00:01 ETArandom_file                                    82% 8416KB   2.4MB/s   00:00 ETArandom_file                                    89% 9184KB   2.2MB/s   00:00 ETArandom_file                                    97% 9936KB   2.1MB/s   00:00 ETArandom_file                                   100%   10MB   1.3MB/s   00:08    
	15	Check md5 from Host and Guest VM1:
MD5 match	Check size from Host and Guest VM1:
Size match

1	Copy random_file from Guest VM1 to Guest VM2
23	Check md5 from Guest VM1 and Guest VM2:
MD5 match	Check size from Guest VM1 and Guest VM2:
Size match

Copy random_file from Guest VM2 to Guest VM1
	21	Check md5 from Guest VM1 and Guest VM2:
MD5 match	Check size from Guest VM1 and Guest VM2:
Size match

2	Copy random_file from Guest VM1 to Guest VM2
21	Check md5 from Guest VM1 and Guest VM2:
MD5 match	Check size from Guest VM1 and Guest VM2:
Size match

Copy random_file from Guest VM2 to Guest VM1
	20	Check md5 from Guest VM1 and Guest VM2:
MD5 match	Check size from Guest VM1 and Guest VM2:
Size match

3	Copy random_file from Guest VM1 to Guest VM2
20	Check md5 from Guest VM1 and Guest VM2:
MD5 match	Check size from Guest VM1 and Guest VM2:
Size match

Copy random_file from Guest VM2 to Guest VM1
	24	Check md5 from Guest VM1 and Guest VM2:
MD5 match	Check size from Guest VM1 and Guest VM2:
Size match

4	Copy random_file from Guest VM1 to Guest VM2
20	Check md5 from Guest VM1 and Guest VM2:
MD5 match	Check size from Guest VM1 and Guest VM2:
Size match

Copy random_file from Guest VM2 to Guest VM1
	20	Check md5 from Guest VM1 and Guest VM2:
MD5 match	Check size from Guest VM1 and Guest VM2:
Size match

5	Copy random_file from Guest VM1 to Guest VM2
20	Check md5 from Guest VM1 and Guest VM2:
MD5 match	Check size from Guest VM1 and Guest VM2:
Size match

Copy random_file from Guest VM2 to Guest VM1
	32	Check md5 from Guest VM1 and Guest VM2:
MD5 match	Check size from Guest VM1 and Guest VM2:
Size match

Start time:
20130425092339
End time:
20130425093031
ssh root@192.168.101.2
root@192.168.101.2's password: 
Welcome to Ubuntu Natty (development branch) (GNU/Linux 2.6.38.7 armv7l)

 * Documentation:  http://www.linaro.org
Last login: Thu Apr 25 09:23:38 2013 from 192.168.101.1
root@linaro:~# scp *.csv chkao@192.168.101.1:~/Report/
chkao@192.168.101.1's password: 
IOV-0000-1-20130424144807-20130424145436.csv    0%    0     0.0KB/s   --:-- ETAIOV-0000-1-20130424144807-20130424145436.csv  100%  352     0.3KB/s   00:00    
IOV-0000-2-20130424145812-20130424152854.csv    0%    0     0.0KB/s   --:-- ETAIOV-0000-2-20130424145812-20130424152854.csv  100%  353     0.3KB/s   00:00    
IOV-0000-3-20130424153337-20130424165111.csv    0%    0     0.0KB/s   --:-- ETAIOV-0000-3-20130424153337-20130424165111.csv  100%  362     0.4KB/s   00:00    
IOV-0000-4-20130424170356-20130424170610.csv    0%    0     0.0KB/s   --:-- ETAIOV-0000-4-20130424170356-20130424170610.csv  100%  502     0.5KB/s   00:00    
IOV-0000-5-20130424171006-20130424182639.csv    0%    0     0.0KB/s   --:-- ETAIOV-0000-5-20130424171006-20130424182639.csv  100%  363     0.4KB/s   00:00    
IOV-0000-6-20130424183318-20130424213904.csv    0%    0     0.0KB/s   --:-- ETAIOV-0000-6-20130424183318-20130424213904.csv  100%  363     0.4KB/s   00:00    
IOV-0100-1-20130425092339-20130425093031.csv    0%    0     0.0KB/s   --:-- ETAIOV-0100-1-20130425092339-20130425093031.csv  100%  566     0.6KB/s   00:00    
IOV-1000-1-20130424221010-20130424221522.csv    0%    0     0.0KB/s   --:-- ETAIOV-1000-1-20130424221010-20130424221522.csv  100%  352     0.3KB/s   00:00    
IOV-1000-2-20130424221855-20130424225006.csv    0%    0     0.0KB/s   --:-- ETAIOV-1000-2-20130424221855-20130424225006.csv  100%  353     0.3KB/s   00:00    
IOV-1000-3-20130424225447-20130424235851.csv    0%    0     0.0KB/s   --:-- ETAIOV-1000-3-20130424225447-20130424235851.csv  100%  362     0.4KB/s   00:00    
IOV-1000-4-20130425000141-20130425000743.csv    0%    0     0.0KB/s   --:-- ETAIOV-1000-4-20130425000141-20130425000743.csv  100%  352     0.3KB/s   00:00    
root@linaro:~# ssh root@192.168.101.2 'rm *.csv'
root@192.168.101.2's password: 
root@chkao:~# PROGRAM END
[IOV-0100] $ /bin/sh -xe /tmp/hudson6167170763700778813.sh
+ expect /srv/start.exp IOV 0100 2 1
spawn ssh root@127.0.0.1
root@127.0.0.1's password: 
Welcome to Ubuntu 12.04.2 LTS (GNU/Linux 3.2.0-40-generic-pae i686)

 * Documentation:  https://help.ubuntu.com/

41 packages can be updated.
17 updates are security updates.

Last login: Thu Apr 25 09:21:45 2013 from localhost
root@chkao:~# spawn ssh root@127.0.0.1
root@127.0.0.1's password: 
Welcome to Ubuntu 12.04.2 LTS (GNU/Linux 3.2.0-40-generic-pae i686)

 * Documentation:  https://help.ubuntu.com/

41 packages can be updated.
17 updates are security updates.

Last login: Thu Apr 25 09:31:00 2013 from localhost
root@chkao:~# spawn ssh root@127.0.0.1
root@127.0.0.1's password: 
Welcome to Ubuntu 12.04.2 LTS (GNU/Linux 3.2.0-40-generic-pae i686)

 * Documentation:  https://help.ubuntu.com/

41 packages can be updated.
17 updates are security updates.

Last login: Thu Apr 25 09:31:01 2013 from localhost
root@chkao:~# spawn ssh root@127.0.0.1
root@127.0.0.1's password: 
Welcome to Ubuntu 12.04.2 LTS (GNU/Linux 3.2.0-40-generic-pae i686)

 * Documentation:  https://help.ubuntu.com/

41 packages can be updated.
17 updates are security updates.

Last login: Thu Apr 25 09:31:01 2013 from localhost
root@chkao:~# spawn ssh root@127.0.0.1
root@127.0.0.1's password: 
Welcome to Ubuntu 12.04.2 LTS (GNU/Linux 3.2.0-40-generic-pae i686)

 * Documentation:  https://help.ubuntu.com/

41 packages can be updated.
17 updates are security updates.

Last login: Thu Apr 25 09:31:02 2013 from localhost
root@chkao:~# spawn ssh root@127.0.0.1
root@127.0.0.1's password: 
Welcome to Ubuntu 12.04.2 LTS (GNU/Linux 3.2.0-40-generic-pae i686)

 * Documentation:  https://help.ubuntu.com/

41 packages can be updated.
17 updates are security updates.

Last login: Thu Apr 25 09:31:03 2013 from localhost
root@chkao:~# spawn ssh root@127.0.0.1
root@127.0.0.1's password: 
Welcome to Ubuntu 12.04.2 LTS (GNU/Linux 3.2.0-40-generic-pae i686)

 * Documentation:  https://help.ubuntu.com/

41 packages can be updated.
17 updates are security updates.

Last login: Thu Apr 25 09:31:04 2013 from localhost
root@chkao:~# spawn ssh root@127.0.0.1
root@127.0.0.1's password: 
Welcome to Ubuntu 12.04.2 LTS (GNU/Linux 3.2.0-40-generic-pae i686)

 * Documentation:  https://help.ubuntu.com/

41 packages can be updated.
17 updates are security updates.

Last login: Thu Apr 25 09:31:04 2013 from localhost
root@chkao:~# spawn ssh root@127.0.0.1
root@127.0.0.1's password: 
Welcome to Ubuntu 12.04.2 LTS (GNU/Linux 3.2.0-40-generic-pae i686)

 * Documentation:  https://help.ubuntu.com/

41 packages can be updated.
17 updates are security updates.

Last login: Thu Apr 25 09:31:05 2013 from localhost
root@chkao:~# spawn ssh root@127.0.0.1
root@127.0.0.1's password: 
Welcome to Ubuntu 12.04.2 LTS (GNU/Linux 3.2.0-40-generic-pae i686)

 * Documentation:  https://help.ubuntu.com/

41 packages can be updated.
17 updates are security updates.

Last login: Thu Apr 25 09:31:06 2013 from localhost
root@chkao:~# cd /home/chkao/hypervisor-01242013/linaro+libvirt
root@chkao:/home/chkao/hypervisor-01242013/linaro+libvirt# ./start.sh
pulseaudio: pa_context_connect() failed
pulseaudio: Reason: Connection refused
pulseaudio: Failed to initialize PA contextaudio: Could not init `pa' audio driver
ALSA lib pcm_dmix.c:1018:(snd_pcm_dmix_open) unable to open slave
alsa: Could not initialize DAC
alsa: Failed to open `default':
alsa: Reason: No such file or directory
ALSA lib pcm_dmix.c:1018:(snd_pcm_dmix_open) unable to open slave
alsa: Could not initialize DAC
alsa: Failed to open `default':
alsa: Reason: No such file or directory
audio: Failed to create voice `lm4549.out'
Uncompressing Linux... done, booting the kernel.
[    0.000000] Linux version 2.6.38.7 (alexey@66-A00327-01) (gcc version 4.4.1 (Sourcery G++ Lite 2010q1-202) ) #2 Mon Jan 14 17:42:29 CST 2013
[    0.000000] CPU: ARMv7 Processor [410fc090] revision 0 (ARMv7), cr=10c53c7f
[    0.000000] CPU: VIPT nonaliasing data cache, VIPT aliasing instruction cache
[    0.000000] Machine: ARM-Versatile Express
[    0.000000] Memory policy: ECC disabled, Data cache writeback
[    0.000000] sched_clock: 32 bits at 24MHz, resolution 41ns, wraps every 178956ms
[    0.000000] Built 1 zonelists in Zone order, mobility grouping on.  Total pages: 260096
[    0.000000] Kernel command line: root=/dev/mmcblk0p2 rw mem=1024M raid=noautodetect console=ttyAMA0,38400n8 rootwait vmalloc=256MB devtmpfs.mount=0
[    0.000000] PID hash table entries: 4096 (order: 2, 16384 bytes)
[    0.000000] Dentry cache hash table entries: 131072 (order: 7, 524288 bytes)
[    0.000000] Inode-cache hash table entries: 65536 (order: 6, 262144 bytes)
[    0.000000] Memory: 1024MB = 1024MB total
[    0.000000] Memory: 902884k/902884k available, 145692k reserved, 393216K highmem
[    0.000000] Virtual kernel memory layout:
[    0.000000]     vector  : 0xffff0000 - 0xffff1000   (   4 kB)
[    0.000000]     fixmap  : 0xfff00000 - 0xfffe0000   ( 896 kB)
[    0.000000]     DMA     : 0xffc00000 - 0xffe00000   (   2 MB)
[    0.000000]     vmalloc : 0xe8800000 - 0xf8000000   ( 248 MB)
[    0.000000]     lowmem  : 0xc0000000 - 0xe8000000   ( 640 MB)
[    0.000000]     pkmap   : 0xbfe00000 - 0xc0000000   (   2 MB)
[    0.000000]     modules : 0xbf000000 - 0xbfe00000   (  14 MB)
[    0.000000]       .init : 0xc0008000 - 0xc002e000   ( 152 kB)
[    0.000000]       .text : 0xc002e000 - 0xc0526ddc   (5092 kB)
[    0.000000]       .data : 0xc0528000 - 0xc054d180   ( 149 kB)
[    0.000000] SLUB: Genslabs=13, HWalign=32, Order=0-3, MinObjects=0, CPUs=1, Nodes=1
[    0.000000] NR_IRQS:128
[    0.000000] Console: colour dummy device 80x30
[    0.128040] Calibrating delay loop... 666.82 BogoMIPS (lpj=3334144)
[    0.356528] pid_max: default: 32768 minimum: 301
[    0.357054] Security Framework initialized
[    0.358293] AppArmor: AppArmor initialized
[    0.358553] Mount-cache hash table entries: 512
[    0.363962] CPU: Testing write buffer coherency: ok
[    0.368484] hw perfevents: enabled with ARMv7 Cortex-A9 PMU driver, 1 counters available
[    0.372325] devtmpfs: initialized
[    0.382503] NET: Registered protocol family 16
[    0.396297] hw-breakpoint: debug architecture 0x0 unsupported.
[    0.396434] Serial: AMBA PL011 UART driver
[    0.398014] mb:uart0: ttyAMA0 at MMIO 0x10009000 (irq = 37) is a PL011 rev1
[    0.409112] console [ttyAMA0] enabled
[    0.412232] mb:uart1: ttyAMA1 at MMIO 0x1000a000 (irq = 38) is a PL011 rev1
[    0.413467] mb:uart2: ttyAMA2 at MMIO 0x1000b000 (irq = 39) is a PL011 rev1
[    0.414605] mb:uart3: ttyAMA3 at MMIO 0x1000c000 (irq = 40) is a PL011 rev1
[    0.453672] bio: create slab <bio-0> at 0
[    0.458461] SCSI subsystem initialized
[    0.460855] usbcore: registered new interface driver usbfs
[    0.462041] usbcore: registered new interface driver hub
[    0.463074] usbcore: registered new device driver usb
[    0.467504] Advanced Linux Sound Architecture Driver Version 1.0.23.
[    0.471969] NetLabel: Initializing
[    0.472362] NetLabel:  domain hash size = 128
[    0.472619] NetLabel:  protocols = UNLABELED CIPSOv4
[    0.473561] NetLabel:  unlabeled traffic allowed by default
[    0.475615] DMA-API: preallocated 4096 debug entries
[    0.476081] DMA-API: debugging enabled by kernel config
[    0.476618] Switching to clocksource timer3
[    0.477809] AppArmor: AppArmor Filesystem Enabled
[    0.525176] NET: Registered protocol family 2
[    0.526424] IP route cache hash table entries: 32768 (order: 5, 131072 bytes)
[    0.529132] TCP established hash table entries: 131072 (order: 8, 1048576 bytes)
[    0.533319] TCP bind hash table entries: 65536 (order: 6, 262144 bytes)
[    0.537658] TCP: Hash tables configured (established 131072 bind 65536)
[    0.538214] TCP reno registered
[    0.538464] UDP hash table entries: 512 (order: 1, 8192 bytes)
[    0.538927] UDP-Lite hash table entries: 512 (order: 1, 8192 bytes)
[    0.540174] NET: Registered protocol family 1
[    0.541675] RPC: Registered udp transport module.
[    0.541971] RPC: Registered tcp transport module.
[    0.542263] RPC: Registered tcp NFSv4.1 backchannel transport module.
[    0.544883] Trying to unpack rootfs image as initramfs...
[    0.862835] Freeing initrd memory: 2624K
[    0.864225] PMU: registered new PMU device of type 0
[    0.865118] [KVM] kvm_eventfd: irqfd_module_init
[    0.867977] audit: initializing netlink socket (disabled)
[    0.868930] type=2000 audit(0.730:1): initialized
[    0.872626] highmem bounce pool size: 64 pages
[    0.908632] Installing knfsd (copyright (C) 1996 okir@monad.swb.de).
[    0.909874] JFFS2 version 2.2. (NAND) Â© 2001-2006 Red Hat, Inc.
[    0.913123] JFS: nTxBlock = 7074, nTxLock = 56594
[    0.922299] Btrfs loaded
[    0.922773] msgmni has been set to 1000
[    0.926020] Block layer SCSI generic (bsg) driver version 0.4 loaded (major 253)
[    0.926709] io scheduler noop registered
[    0.926930] io scheduler deadline registered (default)
[    0.928673] clcd-pl11x ct:clcd: PL111 rev2 at 0x10020000
[    0.932000] clcd-pl11x ct:clcd: CT-CA9X4 hardware, XVGA display
[    0.935294] v2m_cfg_write: writing 03c8eee0 to 00110001
[    0.956874] v2m_cfg_write: writing 00000000 to 00710000
[    0.956898] v2m_cfg_write: writing 00000002 to 00b10000
[    0.973817] Console: switching to colour frame buffer device 128x48
[    1.026375] brd: module loaded
[    1.034581] armflash-0: Found 1 x32 devices at 0x0 in 32-bit bank. Manufacturer ID 0x000000 Chip ID 0x000000
[    1.035599] Intel/Sharp Extended Query Table at 0x0031
[    1.036875] Using buffer write method
[    1.039907] armflash-1: Found 1 x32 devices at 0x0 in 32-bit bank. Manufacturer ID 0x000000 Chip ID 0x000000
[    1.040457] Intel/Sharp Extended Query Table at 0x0031
[    1.041209] Using buffer write method
[    1.041515] Concatenating MTD devices:
[    1.041748] (0): "armflash-0"
[    1.041919] (1): "armflash-1"
[    1.042069] into device "armflash"
 modprobe: FATAL: Could not load /lib/modules/2.6.38.7/modules.dep: No such file or directory

[    1.095416] RedBoot partition parsing not available
 modprobe: FATAL: Could not load /lib/modules/2.6.38.7/modules.dep: No such file or directory

[    1.125577] afs partition parsing not available
[    1.126740] PPP generic driver version 2.4.2
[    1.128358] tun: Universal TUN/TAP device driver, 1.6
[    1.128752] tun: (C) 1999-2004 Max Krasnyansky <maxk@qualcomm.com>
[    1.130454] smsc911x: Driver version 2008-10-21.
[    1.158924] smsc911x-mdio: probed
[    1.159699] eth0: attached PHY driver [Generic PHY] (mii_bus:phy_addr=ffffffff:01, irq=-1)
[    1.160882] net eth0: MAC Address: 52:54:00:12:34:56
[    1.161664] usbmon: debugfs is not available
[    1.162587] isp1760 isp1760: NXP ISP1760 USB Host Controller
[    1.163047] isp1760 isp1760: new USB bus registered, assigned bus number 1
[    1.163704] isp1760 isp1760: Scratch test failed.
[    1.164035] isp1760 isp1760: can't setup
[    1.164391] isp1760 isp1760: USB bus 1 deregistered
[    1.164784] isp1760: Failed to register the HCD device
[    1.169483] mousedev: PS/2 mouse device common for all mice
[    1.173607] rtc-pl031 mb:rtc: rtc core: registered pl031 as rtc0
[    1.175793] device-mapper: uevent: version 1.0.3
[    1.177919] device-mapper: ioctl: 4.19.1-ioctl (2011-01-07) initialised: dm-devel@redhat.com
[    1.178846] device-mapper: multipath: version 1.2.0 loaded
[    1.179355] device-mapper: multipath round-robin: version 1.0.0 loaded
[    1.181613] mmci-pl18x mb:mmci: mmc0: PL181 manf 41 rev0 at 0x10005000 irq 41,42 (pio)
ALSA lib pcm_dmix.c:1018:(snd_pcm_dmix_open) unable to open slave
alsa: Could not initialize DAC
alsa: Failed to open `default':
alsa: Reason: No such file or directory
ALSA lib pcm_dmix.c:1018:(snd_pcm_dmix_open) unable to open slave
alsa: Could not initialize DAC
alsa: Failed to open `default':
alsa: Reason: No such file or directory
audio: Failed to create voice `lm4549.out'
ALSA lib pcm_dmix.c:1018:(snd_pcm_dmix_open) unable to open slave
alsa: Could not initialize DAC
alsa: Failed to open `default':
alsa: Reason: No such file or directory
ALSA lib pcm_dmix.c:1018:(snd_pcm_dmix_open) unable to open slave
alsa: Could not initialize DAC
alsa: Failed to open `default':
alsa: Reason: No such file or directory
audio: Failed to create voice `lm4549.out'
ALSA lib pcm_dmix.c:1018:(snd_pcm_dmix_open) unable to open slave
alsa: Could not initialize DAC
alsa: Failed to open `default':
alsa: Reason: No such file or directory
ALSA lib pcm_dmix.c:1018:(snd_pcm_dmix_open) unable to open slave
alsa: Could not initialize DAC
alsa: Failed to open `default':
alsa: Reason: No such file or directory
audio: Failed to create voice `lm4549.out'
ALSA lib pcm_dmix.c:1018:(snd_pcm_dmix_open) unable to open slave
alsa: Could not initialize DAC
alsa: Failed to open `default':
alsa: Reason: No such file or directory
ALSA lib pcm_dmix.c:1018:(snd_pcm_dmix_open) unable to open slave
alsa: Could not initialize DAC
alsa: Failed to open `default':
alsa: Reason: No such file or directory
audio: Failed to create voice `lm4549.out'
ALSA lib pcm_dmix.c:1018:(snd_pcm_dmix_open) unable to open slave
alsa: Could not initialize DAC
alsa: Failed to open `default':
alsa: Reason: No such file or directory
ALSA lib pcm_dmix.c:1018:(snd_pcm_dmix_open) unable to open slave
alsa: Could not initialize DAC
alsa: Failed to open `default':
alsa: Reason: No such file or directory
audio: Failed to create voice `lm4549.out'
ALSA lib pcm_dmix.c:1018:(snd_pcm_dmix_open) unable to open slave
alsa: Could not initialize DAC
alsa: Failed to open `default':
alsa: Reason: No such file or directory
ALSA lib pcm_dmix.c:1018:(snd_pcm_dmix_open) unable to open slave
alsa: Could not initialize DAC
alsa: Failed to open `default':
alsa: Reason: No such file or directory
audio: Failed to create voice `lm4549.out'
ALSA lib pcm_dmix.c:1018:(snd_pcm_dmix_open) unable to open slave
alsa: Could not initialize DAC
alsa: Failed to open `default':
alsa: Reason: No such file or directory
ALSA lib pcm_dmix.c:1018:(snd_pcm_dmix_open) unable to open slave
alsa: Could not initialize DAC
alsa: Failed to open `default':
alsa: Reason: No such file or directory
audio: Failed to create voice `lm4549.out'
ALSA lib pcm_dmix.c:1018:(snd_pcm_dmix_open) unable to open slave
alsa: Could not initialize DAC
alsa: Failed to open `default':
alsa: Reason: No such file or directory
ALSA lib pcm_dmix.c:1018:(snd_pcm_dmix_open) unable to open slave
alsa: Could not initialize DAC
alsa: Failed to open `default':
alsa: Reason: No such file or directory
audio: Failed to create voice `lm4549.out'
ALSA lib pcm_dmix.c:1018:(snd_pcm_dmix_open) unable to open slave
alsa: Could not initialize DAC
alsa: Failed to open `default':
alsa: Reason: No such file or directory
ALSA lib pcm_dmix.c:1018:(snd_pcm_dmix_open) unable to open slave
alsa: Could not initialize DAC
alsa: Failed to open `default':
alsa: Reason: No such file or directory
audio: Failed to create voice `lm4549.out'
[    1.225670] mmc0: host does not support reading read-only switch. assuming write-enable.
[    1.226389] mmc0: new SDHC card at address 4567
[    1.230640] mmcblk0: mmc0:4567 QEMU! 3.00 GiB 
[    1.234009] aaci-pl041 mb:aaci: ARM AC'97 Interface PL041 rev0 at 0x10004000, irq 43
[    1.234478] aaci-pl041 mb:aaci: FIFO 512 entries
[    1.242139]  mmcblk0: p1 p2
[    1.245067] ALSA device list:
[    1.245336]   #0: ARM AC'97 Interface PL041 rev0 at 0x10004000, irq 43
[    1.247169] nf_conntrack version 0.5.0 (14148 buckets, 56592 max)
[    1.250733] ip_tables: (C) 2000-2006 Netfilter Core Team
[    1.252497] arp_tables: (C) 2002 David S. Miller
[    1.253005] TCP cubic registered
[    1.253208] NET: Registered protocol family 17
[    1.253869] Bridge firewalling registered
[    1.254198] Ebtables v2.0 registered
[    1.254855] VFP support v0.3: implementor 41 architecture 3 part 30 variant 9 rev 0
[    1.276757] input: AT Raw Set 2 keyboard as /devices/mb:kmi0/serio0/input/input0
[    1.289822] rtc-pl031 mb:rtc: setting system clock to 2013-04-25 01:31:09 UTC (1366853469)
 [    1.293830] Freeing init memory: 152K
[    1.482781] input: ImExPS/2 Generic Explorer Mouse as /devices/mb:kmi1/serio1/input/input1
Loading, please wait...
[    1.903707] udev[521]: starting version 167
Begin: Loading essential drivers ... done.
Begin: Running /scripts/init-premount ... done.
Begin: Mounting root file system ... Begin: Running /scripts/local-top ... done.
Begin: Running /scripts/local-premount ... done.
FATAL: Could not load /lib/modules/2.6.38.7/modules.dep: No such file or directory
[    4.660174] EXT4-fs (mmcblk0p2): warning: maximal mount count reached, running e2fsck is recommended
[    4.666019] EXT4-fs (mmcblk0p2): recovery complete
[    4.671347] EXT4-fs (mmcblk0p2): mounted filesystem with ordered data mode. Opts: (null)
Begin: Running /scripts/local-bottom ... done.
done.
Begin: Running /scripts/init-bottom ... done.
 modprobe: FATAL: Could not load /lib/modules/2.6.38.7/modules.dep: No such file or directory

init: ureadahead main process (597) terminated with status 5
[   12.640620] udev[664]: starting version 167
[   15.902681] net eth0: SMSC911x/921x identified at 0xe8cc0000, IRQ: 47
[   19.134714] device: 'vcs4': device_add
[   19.135102] PM: Adding info for No Bus:vcs4
[   19.135282] device: 'vcsa4': device_add
[   19.135474] PM: Adding info for No Bus:vcsa4
[   19.168516] device: 'vcs5': device_add
[   19.170602] PM: Adding info for No Bus:vcs5
[   19.172137] device: 'vcsa5': device_add
[   19.172371] PM: Adding info for No Bus:vcsa5
[   19.303036] device: 'vcs2': device_add
[   19.303332] PM: Adding info for No Bus:vcs2
[   19.303450] device: 'vcsa2': device_add
[   19.303670] PM: Adding info for No Bus:vcsa2

[   19.378341] device: 'vcs3': device_add
[   19.378711] PM: Adding info for No Bus:vcs3
[   19.378828] device: 'vcsa3': device_add
[   19.379030] PM: Adding info for No Bus:vcsa3
[   19.475780] device: 'vcs6': device_add
[   19.476081] PM: Adding info for No Bus:vcs6
[   19.476204] device: 'vcsa6': device_add
[   19.476410] PM: Adding info for No Bus:vcsa6
[   19.497360] device: 'virbr0': device_add
[   19.498201] PM: Adding info for No Bus:virbr0
FATAL: Could not load /lib/modules/2.6.38.7/modules.dep: No such file or directory
 * Exporting directories for NFS kernel daemon...       [80G Last login: Thu Apr 25 09:23:38 CST 2013 from 192.168.101.1 on pts/2
[74G[ OK ]
Welcome to Ubuntu Natty (development branch) (GNU/Linux 2.6.38.7 armv7l)

 * Documentation:  http://www.linaro.org
 * Starting NFS kernel daemon       [80G [74G[ OK ]
root@linaro:~# linaro start up!
ssh root@192.168.101.2
root@192.168.101.2's password: 
Welcome to Ubuntu Natty (development branch) (GNU/Linux 2.6.38.7 armv7l)

 * Documentation:  http://www.linaro.org
Last login: Thu Apr 25 09:31:33 2013
root@linaro:~# scp root@192.168.101.1:~/file_transfer.sh . 
root@192.168.101.1's password: 
file_transfer.sh                                0%    0     0.0KB/s   --:-- ETAfile_transfer.sh                              100% 3560     3.5KB/s   00:00    
root@linaro:~# scp root@192.168.101.1:~/memTest . 
root@192.168.101.1's password: 
memTest                                         0%    0     0.0KB/s   --:-- ETAmemTest                                       100% 5697     5.6KB/s   00:00    
root@linaro:~# scp -r root@192.168.101.1:~/Config/0100/* /root/kvm/ 
root@192.168.101.1's password: 
0100                                          100%    0     0.0KB/s   00:00    
start1.sh                                       0%    0     0.0KB/s   --:-- ETAstart1.sh                                     100%  663     0.7KB/s   00:00    
start3.sh                                       0%    0     0.0KB/s   --:-- ETAstart3.sh                                     100%  664     0.7KB/s   00:00    
start4.sh                                       0%    0     0.0KB/s   --:-- ETAstart4.sh                                     100%  664     0.7KB/s   00:00    
root@linaro:~# cd /root/kvm
root@linaro:~/kvm# insmod /root/kvm/kvm.ko
root@linaro:~/kvm# chmod +x start1.sh
root@linaro:~/kvm# ./start1.sh
  *** TAP MAC 22:54:00:12:34:01
   ***  idstr ram
   ***  idstr cpu
   ***  idstr sharedpage
   ***  idstr vectors
map addr 0x4d3d3c
   ***  idstr virtio-net
   ***  idstr virtio-console
Warning: more nics requested than this machine supports; some have been ignored
Linux version 2.6.35 (alexey@66-A00327-01) (gcc version 4.4.1 (Sourcery G++ Lite 2010q1-202) ) #3 Thu Jan 10 10:29:34 CST 2013
CPU: ARMv6-compatible processor [0007b000] revision 0 (ARMv6TEJ), cr=00000000
CPU: VIPT nonaliasing data cache, VIPT nonaliasing instruction cache
Machine: KVM-ARM guest OS (realview EB target)
Memory policy: ECC disabled, Data cache writeback
Built 1 zonelists in Zone order, mobility grouping on.  Total pages: 16256
Kernel command line: root=/dev/nfs rw  nfsroot=192.168.20.1:/root/rootfs/debian,hard ip=192.168.20.2::192.168.20.1:255.255.255.0:vm1:eth0:off clocksource=pit console=hvc0
PID hash table entries: 256 (order: -2, 1024 bytes)
Dentry cache hash table entries: 8192 (order: 3, 32768 bytes)
Inode-cache hash table entries: 4096 (order: 2, 16384 bytes)
Memory: 64MB = 64MB total
Memory: 60164k/60164k available, 5372k reserved, 0K highmem
Virtual kernel memory layout:
    vector  : 0xffff0000 - 0xffff1000   (   4 kB)
    fixmap  : 0xfff00000 - 0xfffe0000   ( 896 kB)
    DMA     : 0xffc00000 - 0xffe00000   (   2 MB)
    vmalloc : 0xc4800000 - 0xf8000000   ( 824 MB)
    lowmem  : 0xc0000000 - 0xc4000000   (  64 MB)
    modules : 0xbf000000 - 0xc0000000   (  16 MB)
      .init : 0xc0008000 - 0xc001f000   (  92 kB)
      .text : 0xc001f000 - 0xc026a000   (2348 kB)
      .data : 0xc027e000 - 0xc0296fe0   ( 100 kB)
Hierarchical RCU implementation.
	RCU-based detection of stalled CPUs is disabled.
	Verbose stalled-CPUs detection is disabled.
NR_IRQS:228
Console: colour dummy device 80x30
console [hvc0] enabled
Calibrating delay loop... 637.33 BogoMIPS (lpj=3186688)
pid_max: default: 32768 minimum: 301
Mount-cache hash table entries: 512
CPU: Testing write buffer coherency: ok
NET: Registered protocol family 16
bio: create slab <bio-0> at 0
NET: Registered protocol family 2
IP route cache hash table entries: 1024 (order: 0, 4096 bytes)
TCP established hash table entries: 2048 (order: 2, 16384 bytes)
TCP bind hash table entries: 2048 (order: 1, 8192 bytes)
TCP: Hash tables configured (established 2048 bind 2048)
TCP reno registered
UDP hash table entries: 256 (order: 0, 4096 bytes)
UDP-Lite hash table entries: 256 (order: 0, 4096 bytes)
NET: Registered protocol family 1
RPC: Registered udp transport module.
RPC: Registered tcp transport module.
RPC: Registered tcp NFSv4.1 backchannel transport module.
msgmni has been set to 117
io scheduler noop registered
io scheduler deadline registered (default)
virtio-mmio virtio-mmio.2: Wrong magic value 0x00000000!
TCP cubic registered
NET: Registered protocol family 17
IP-Config: Complete:
     device=eth0, addr=192.168.20.2, mask=255.255.255.0, gw=192.168.20.1,
     host=vm1, domain=, nis-domain=(none),
     bootserver=255.255.255.255, rootserver=192.168.20.1, rootpath=
Looking up port of RPC 100003/2 on 192.168.20.1
Looking up port of RPC 100005/1 on 192.168.20.1
VFS: Mounted root (nfs filesystem) on device 0:10.
Freeing init memory: 92K
modprobe: FATAL: Could not load /lib/modules/2.6.35/modules.dep: No such file or directory

INIT: version 2.88 booting
root@vm1:/# echo $HOSTNAME
vm1
root@vm1:/# /etc/init.d/ssh start
unt /dev/pts
Starting OpenBSD Secure Shell server: sshdmodprobe: FATAL: Could not load /lib/modules/2.6.35/modules.dep: No such file or directory

modprobe: FATAL: Could not load /lib/modules/2.6.35/modules.dep: No such file or directory

.
root@vm1:/# mount /dev/pssh root@192.168.101.2
root@192.168.101.2's password: 
Welcome to Ubuntu Natty (development branch) (GNU/Linux 2.6.38.7 armv7l)

 * Documentation:  http://www.linaro.org
Last login: Thu Apr 25 09:31:45 2013 from 192.168.101.1
root@linaro:~# cd kvm
root@linaro:~/kvm# chmod +x start3.sh
root@linaro:~/kvm# ./start3.sh
  *** TAP MAC 22:54:00:12:34:01
   ***  idstr ram
   ***  idstr cpu
   ***  idstr sharedpage
   ***  idstr vectors
map addr 0x4d3d3c
   ***  idstr virtio-net
   ***  idstr virtio-console
Warning: more nics requested than this machine supports; some have been ignored
Linux version 2.6.35 (alexey@66-A00327-01) (gcc version 4.4.1 (Sourcery G++ Lite 2010q1-202) ) #3 Thu Jan 10 10:29:34 CST 2013
CPU: ARMv6-compatible processor [0007b000] revision 0 (ARMv6TEJ), cr=00000000
CPU: VIPT nonaliasing data cache, VIPT nonaliasing instruction cache
Machine: KVM-ARM guest OS (realview EB target)
Memory policy: ECC disabled, Data cache writeback
Built 1 zonelists in Zone order, mobility grouping on.  Total pages: 16256
Kernel command line: root=/dev/nfs rw  nfsroot=192.168.20.1:/root/rootfs/debian,hard ip=192.168.20.4::192.168.20.1:255.255.255.0:vm3:eth0:off clocksource=pit console=hvc0
PID hash table entries: 256 (order: -2, 1024 bytes)
Dentry cache hash table entries: 8192 (order: 3, 32768 bytes)
Inode-cache hash table entries: 4096 (order: 2, 16384 bytes)
Memory: 64MB = 64MB total
Memory: 60164k/60164k available, 5372k reserved, 0K highmem
Virtual kernel memory layout:
    vector  : 0xffff0000 - 0xffff1000   (   4 kB)
    fixmap  : 0xfff00000 - 0xfffe0000   ( 896 kB)
    DMA     : 0xffc00000 - 0xffe00000   (   2 MB)
    vmalloc : 0xc4800000 - 0xf8000000   ( 824 MB)
    lowmem  : 0xc0000000 - 0xc4000000   (  64 MB)
    modules : 0xbf000000 - 0xc0000000   (  16 MB)
      .init : 0xc0008000 - 0xc001f000   (  92 kB)
      .text : 0xc001f000 - 0xc026a000   (2348 kB)
      .data : 0xc027e000 - 0xc0296fe0   ( 100 kB)
Hierarchical RCU implementation.
	RCU-based detection of stalled CPUs is disabled.
	Verbose stalled-CPUs detection is disabled.
NR_IRQS:228
Console: colour dummy device 80x30
console [hvc0] enabled
Calibrating delay loop... 838.86 BogoMIPS (lpj=4194304)
pid_max: default: 32768 minimum: 301
Mount-cache hash table entries: 512
CPU: Testing write buffer coherency: ok
NET: Registered protocol family 16
bio: create slab <bio-0> at 0
NET: Registered protocol family 2
IP route cache hash table entries: 1024 (order: 0, 4096 bytes)
TCP established hash table entries: 2048 (order: 2, 16384 bytes)
TCP bind hash table entries: 2048 (order: 1, 8192 bytes)
TCP: Hash tables configured (established 2048 bind 2048)
TCP reno registered
UDP hash table entries: 256 (order: 0, 4096 bytes)
UDP-Lite hash table entries: 256 (order: 0, 4096 bytes)
NET: Registered protocol family 1
RPC: Registered udp transport module.
RPC: Registered tcp transport module.
RPC: Registered tcp NFSv4.1 backchannel transport module.
msgmni has been set to 117
io scheduler noop registered
io scheduler deadline registered (default)
virtio-mmio virtio-mmio.2: Wrong magic value 0x00000000!
TCP cubic registered
NET: Registered protocol family 17
IP-Config: Complete:
     device=eth0, addr=192.168.20.4, mask=255.255.255.0, gw=192.168.20.1,
     host=vm3, domain=, nis-domain=(none),
     bootserver=255.255.255.255, rootserver=192.168.20.1, rootpath=
Looking up port of RPC 100003/2 on 192.168.20.1
Looking up port of RPC 100005/1 on 192.168.20.1
VFS: Mounted root (nfs filesystem) on device 0:10.
Freeing init memory: 92K
modprobe: FATAL: Could not load /lib/modules/2.6.35/modules.dep: No such file or directory

INIT: version 2.88 booting
root@vm3:/# /etc/init.d/ssh start
unt /dev/pts
Starting OpenBSD Secure Shell server: sshdmodprobe: FATAL: Could not load /lib/modules/2.6.35/modules.dep: No such file or directory

modprobe: FATAL: Could not load /lib/modules/2.6.35/modules.dep: No such file or directory

.
root@vm3:/# mount /dev/pts
echo $HOSTNAME
root@vm3:/# echo $ssh root@192.168.101.2
root@192.168.101.2's password: 
Welcome to Ubuntu Natty (development branch) (GNU/Linux 2.6.38.7 armv7l)

 * Documentation:  http://www.linaro.org
Last login: Thu Apr 25 09:32:37 2013 from 192.168.101.1
root@linaro:~# 
root@linaro:~# scp ~/memTest root@192.168.20.2:/root/memTest
memTest                                         0%    0     0.0KB/s   --:-- ETAmemTest                                       100% 5697     5.6KB/s   00:00    
root@linaro:~# 
root@linaro:~# ssh root@192.168.20.2 '/root/memTest'
ssh root@192.168.101.2
root@192.168.101.2's password: 
Welcome to Ubuntu Natty (development branch) (GNU/Linux 2.6.38.7 armv7l)

 * Documentation:  http://www.linaro.org
Last login: Thu Apr 25 09:32:58 2013 from 192.168.101.1
root@linaro:~# chmod +x file_transfer.sh
root@linaro:~# ./file_transfer.sh 10 5 IOV 0100 2 
Loop	Elapsed time(seconds)	MD5 comparison result	Size comparison result
10+0 records in
10+0 records out
10485760 bytes (10 MB) copied, 2.73668 s, 3.8 MB/s
Copy random_file from Host to Guest VM1
random_file                                     0%    0     0.0KB/s   --:-- ETArandom_file                                    24% 2464KB   2.4MB/s   00:03 ETArandom_file                                    32% 3344KB   2.3MB/s   00:02 ETArandom_file                                    39% 4080KB   2.1MB/s   00:02 ETArandom_file                                    47% 4816KB   2.0MB/s   00:02 ETArandom_file                                    54% 5616KB   1.8MB/s   00:02 ETArandom_file                                    62% 6416KB   1.7MB/s   00:02 ETArandom_file                                    71% 7280KB   1.7MB/s   00:01 ETArandom_file                                    79% 8176KB   1.6MB/s   00:01 ETArandom_file                                    83% 8560KB   1.5MB/s   00:01 ETArandom_file                                    90% 9296KB   1.4MB/s   00:00 ETArandom_file                                    94% 9680KB   1.3MB/s   00:00 ETArandom_file                                   100%   10MB 853.3KB/s   00:12    
	29	Check md5 from Host and Guest VM1:
MD5 match	Check size from Host and Guest VM1:
Size match

1	Copy random_file from Guest VM1 to Guest VM2
38	Check md5 from Guest VM1 and Guest VM2:
MD5 match	Check size from Guest VM1 and Guest VM2:
Size match

Copy random_file from Guest VM2 to Guest VM1
	52	Check md5 from Guest VM1 and Guest VM2:
MD5 match	Check size from Guest VM1 and Guest VM2:
Size match

2	Copy random_file from Guest VM1 to Guest VM2
41	Check md5 from Guest VM1 and Guest VM2:
MD5 match	Check size from Guest VM1 and Guest VM2:
Size match

Copy random_file from Guest VM2 to Guest VM1
	43	Check md5 from Guest VM1 and Guest VM2:
MD5 match	Check size from Guest VM1 and Guest VM2:
Size match

3	Copy random_file from Guest VM1 to Guest VM2
39	Check md5 from Guest VM1 and Guest VM2:
MD5 match	Check size from Guest VM1 and Guest VM2:
Size match

Copy random_file from Guest VM2 to Guest VM1
	42	Check md5 from Guest VM1 and Guest VM2:
MD5 match	Check size from Guest VM1 and Guest VM2:
Size match

4	Copy random_file from Guest VM1 to Guest VM2
40	Check md5 from Guest VM1 and Guest VM2:
MD5 match	Check size from Guest VM1 and Guest VM2:
Size match

Copy random_file from Guest VM2 to Guest VM1
	42	Check md5 from Guest VM1 and Guest VM2:
MD5 match	Check size from Guest VM1 and Guest VM2:
Size match

5	Copy random_file from Guest VM1 to Guest VM2
37	Check md5 from Guest VM1 and Guest VM2:
MD5 match	Check size from Guest VM1 and Guest VM2:
Size match

Copy random_file from Guest VM2 to Guest VM1
	42	Check md5 from Guest VM1 and Guest VM2:
MD5 match	Check size from Guest VM1 and Guest VM2:
Size match

Start time:
20130425093405
End time:
20130425095135
ssh root@192.168.101.2
root@192.168.101.2's password: 
Welcome to Ubuntu Natty (development branch) (GNU/Linux 2.6.38.7 armv7l)

 * Documentation:  http://www.linaro.org
Last login: Thu Apr 25 09:34:04 2013 from 192.168.101.1
root@linaro:~# scp *.csv chkao@192.168.101.1:~/Report/
chkao@192.168.101.1's password: 
IOV-0000-1-20130424144807-20130424145436.csv    0%    0     0.0KB/s   --:-- ETAIOV-0000-1-20130424144807-20130424145436.csv  100%  352     0.3KB/s   00:00    
IOV-0000-2-20130424145812-20130424152854.csv    0%    0     0.0KB/s   --:-- ETAIOV-0000-2-20130424145812-20130424152854.csv  100%  353     0.3KB/s   00:00    
IOV-0000-3-20130424153337-20130424165111.csv    0%    0     0.0KB/s   --:-- ETAIOV-0000-3-20130424153337-20130424165111.csv  100%  362     0.4KB/s   00:00    
IOV-0000-4-20130424170356-20130424170610.csv    0%    0     0.0KB/s   --:-- ETAIOV-0000-4-20130424170356-20130424170610.csv  100%  502     0.5KB/s   00:00    
IOV-0000-5-20130424171006-20130424182639.csv    0%    0     0.0KB/s   --:-- ETAIOV-0000-5-20130424171006-20130424182639.csv  100%  363     0.4KB/s   00:00    
IOV-0000-6-20130424183318-20130424213904.csv    0%    0     0.0KB/s   --:-- ETAIOV-0000-6-20130424183318-20130424213904.csv  100%  363     0.4KB/s   00:00    
IOV-0100-1-20130425092339-20130425093031.csv    0%    0     0.0KB/s   --:-- ETAIOV-0100-1-20130425092339-20130425093031.csv  100%  566     0.6KB/s   00:00    
IOV-0100-2-20130425093405-20130425095135.csv    0%    0     0.0KB/s   --:-- ETAIOV-0100-2-20130425093405-20130425095135.csv  100%  352     0.3KB/s   00:00    
IOV-1000-1-20130424221010-20130424221522.csv    0%    0     0.0KB/s   --:-- ETAIOV-1000-1-20130424221010-20130424221522.csv  100%  352     0.3KB/s   00:00    
IOV-1000-2-20130424221855-20130424225006.csv    0%    0     0.0KB/s   --:-- ETAIOV-1000-2-20130424221855-20130424225006.csv  100%  353     0.3KB/s   00:00    
IOV-1000-3-20130424225447-20130424235851.csv    0%    0     0.0KB/s   --:-- ETAIOV-1000-3-20130424225447-20130424235851.csv  100%  362     0.4KB/s   00:00    
IOV-1000-4-20130425000141-20130425000743.csv    0%    0     0.0KB/s   --:-- ETAIOV-1000-4-20130425000141-20130425000743.csv  100%  352     0.3KB/s   00:00    
root@linaro:~# ssh root@192.168.101.2 'rm *.csv'
root@192.168.101.2's password: 
root@chkao:~# PROGRAM END
[IOV-0100] $ /bin/sh -xe /tmp/hudson6966224065332246358.sh
+ expect /srv/start.exp IOV 0100 3 1
spawn ssh root@127.0.0.1
root@127.0.0.1's password: 
Welcome to Ubuntu 12.04.2 LTS (GNU/Linux 3.2.0-40-generic-pae i686)

 * Documentation:  https://help.ubuntu.com/

41 packages can be updated.
17 updates are security updates.

Last login: Thu Apr 25 09:31:07 2013 from localhost
root@chkao:~# spawn ssh root@127.0.0.1
root@127.0.0.1's password: 
Welcome to Ubuntu 12.04.2 LTS (GNU/Linux 3.2.0-40-generic-pae i686)

 * Documentation:  https://help.ubuntu.com/

41 packages can be updated.
17 updates are security updates.

Last login: Thu Apr 25 09:52:06 2013 from localhost
root@chkao:~# spawn ssh root@127.0.0.1
root@127.0.0.1's password: 
Welcome to Ubuntu 12.04.2 LTS (GNU/Linux 3.2.0-40-generic-pae i686)

 * Documentation:  https://help.ubuntu.com/

41 packages can be updated.
17 updates are security updates.

Last login: Thu Apr 25 09:52:07 2013 from localhost
root@chkao:~# spawn ssh root@127.0.0.1
root@127.0.0.1's password: 
Welcome to Ubuntu 12.04.2 LTS (GNU/Linux 3.2.0-40-generic-pae i686)

 * Documentation:  https://help.ubuntu.com/

41 packages can be updated.
17 updates are security updates.

Last login: Thu Apr 25 09:52:08 2013 from localhost
root@chkao:~# spawn ssh root@127.0.0.1
root@127.0.0.1's password: 
Welcome to Ubuntu 12.04.2 LTS (GNU/Linux 3.2.0-40-generic-pae i686)

 * Documentation:  https://help.ubuntu.com/

41 packages can be updated.
17 updates are security updates.

Last login: Thu Apr 25 09:52:08 2013 from localhost
root@chkao:~# spawn ssh root@127.0.0.1
root@127.0.0.1's password: 
Welcome to Ubuntu 12.04.2 LTS (GNU/Linux 3.2.0-40-generic-pae i686)

 * Documentation:  https://help.ubuntu.com/

41 packages can be updated.
17 updates are security updates.

Last login: Thu Apr 25 09:52:09 2013 from localhost
root@chkao:~# spawn ssh root@127.0.0.1
root@127.0.0.1's password: 
Welcome to Ubuntu 12.04.2 LTS (GNU/Linux 3.2.0-40-generic-pae i686)

 * Documentation:  https://help.ubuntu.com/

41 packages can be updated.
17 updates are security updates.

Last login: Thu Apr 25 09:52:10 2013 from localhost
root@chkao:~# spawn ssh root@127.0.0.1
root@127.0.0.1's password: 
Welcome to Ubuntu 12.04.2 LTS (GNU/Linux 3.2.0-40-generic-pae i686)

 * Documentation:  https://help.ubuntu.com/

41 packages can be updated.
17 updates are security updates.

Last login: Thu Apr 25 09:52:11 2013 from localhost
root@chkao:~# spawn ssh root@127.0.0.1
root@127.0.0.1's password: 
Welcome to Ubuntu 12.04.2 LTS (GNU/Linux 3.2.0-40-generic-pae i686)

 * Documentation:  https://help.ubuntu.com/

41 packages can be updated.
17 updates are security updates.

Last login: Thu Apr 25 09:52:11 2013 from localhost
root@chkao:~# spawn ssh root@127.0.0.1
root@127.0.0.1's password: 
Welcome to Ubuntu 12.04.2 LTS (GNU/Linux 3.2.0-40-generic-pae i686)

 * Documentation:  https://help.ubuntu.com/

41 packages can be updated.
17 updates are security updates.

Last login: Thu Apr 25 09:52:12 2013 from localhost
root@chkao:~# cd /home/chkao/hypervisor-01242013/linaro+libvirt
root@chkao:/home/chkao/hypervisor-01242013/linaro+libvirt# ./start.sh
pulseaudio: pa_context_connect() failed
pulseaudio: Reason: Connection refused
pulseaudio: Failed to initialize PA contextaudio: Could not init `pa' audio driver
ALSA lib pcm_dmix.c:1018:(snd_pcm_dmix_open) unable to open slave
alsa: Could not initialize DAC
alsa: Failed to open `default':
alsa: Reason: No such file or directory
ALSA lib pcm_dmix.c:1018:(snd_pcm_dmix_open) unable to open slave
alsa: Could not initialize DAC
alsa: Failed to open `default':
alsa: Reason: No such file or directory
audio: Failed to create voice `lm4549.out'
Uncompressing Linux... done, booting the kernel.
[    0.000000] Linux version 2.6.38.7 (alexey@66-A00327-01) (gcc version 4.4.1 (Sourcery G++ Lite 2010q1-202) ) #2 Mon Jan 14 17:42:29 CST 2013
[    0.000000] CPU: ARMv7 Processor [410fc090] revision 0 (ARMv7), cr=10c53c7f
[    0.000000] CPU: VIPT nonaliasing data cache, VIPT aliasing instruction cache
[    0.000000] Machine: ARM-Versatile Express
[    0.000000] Memory policy: ECC disabled, Data cache writeback
[    0.000000] sched_clock: 32 bits at 24MHz, resolution 41ns, wraps every 178956ms
[    0.000000] Built 1 zonelists in Zone order, mobility grouping on.  Total pages: 260096
[    0.000000] Kernel command line: root=/dev/mmcblk0p2 rw mem=1024M raid=noautodetect console=ttyAMA0,38400n8 rootwait vmalloc=256MB devtmpfs.mount=0
[    0.000000] PID hash table entries: 4096 (order: 2, 16384 bytes)
[    0.000000] Dentry cache hash table entries: 131072 (order: 7, 524288 bytes)
[    0.000000] Inode-cache hash table entries: 65536 (order: 6, 262144 bytes)
[    0.000000] Memory: 1024MB = 1024MB total
[    0.000000] Memory: 902884k/902884k available, 145692k reserved, 393216K highmem
[    0.000000] Virtual kernel memory layout:
[    0.000000]     vector  : 0xffff0000 - 0xffff1000   (   4 kB)
[    0.000000]     fixmap  : 0xfff00000 - 0xfffe0000   ( 896 kB)
[    0.000000]     DMA     : 0xffc00000 - 0xffe00000   (   2 MB)
[    0.000000]     vmalloc : 0xe8800000 - 0xf8000000   ( 248 MB)
[    0.000000]     lowmem  : 0xc0000000 - 0xe8000000   ( 640 MB)
[    0.000000]     pkmap   : 0xbfe00000 - 0xc0000000   (   2 MB)
[    0.000000]     modules : 0xbf000000 - 0xbfe00000   (  14 MB)
[    0.000000]       .init : 0xc0008000 - 0xc002e000   ( 152 kB)
[    0.000000]       .text : 0xc002e000 - 0xc0526ddc   (5092 kB)
[    0.000000]       .data : 0xc0528000 - 0xc054d180   ( 149 kB)
[    0.000000] SLUB: Genslabs=13, HWalign=32, Order=0-3, MinObjects=0, CPUs=1, Nodes=1
[    0.000000] NR_IRQS:128
[    0.000000] Console: colour dummy device 80x30
[    0.129711] Calibrating delay loop... 665.19 BogoMIPS (lpj=3325952)
[    0.358310] pid_max: default: 32768 minimum: 301
[    0.358803] Security Framework initialized
[    0.360032] AppArmor: AppArmor initialized
[    0.360292] Mount-cache hash table entries: 512
[    0.365445] CPU: Testing write buffer coherency: ok
[    0.370083] hw perfevents: enabled with ARMv7 Cortex-A9 PMU driver, 1 counters available
[    0.373922] devtmpfs: initialized
[    0.383659] NET: Registered protocol family 16
[    0.396971] hw-breakpoint: debug architecture 0x0 unsupported.
[    0.397102] Serial: AMBA PL011 UART driver
[    0.398663] mb:uart0: ttyAMA0 at MMIO 0x10009000 (irq = 37) is a PL011 rev1
[    0.409653] console [ttyAMA0] enabled
[    0.412737] mb:uart1: ttyAMA1 at MMIO 0x1000a000 (irq = 38) is a PL011 rev1
[    0.413894] mb:uart2: ttyAMA2 at MMIO 0x1000b000 (irq = 39) is a PL011 rev1
[    0.414957] mb:uart3: ttyAMA3 at MMIO 0x1000c000 (irq = 40) is a PL011 rev1
[    0.453968] bio: create slab <bio-0> at 0
[    0.458280] SCSI subsystem initialized
[    0.460876] usbcore: registered new interface driver usbfs
[    0.462097] usbcore: registered new interface driver hub
[    0.463130] usbcore: registered new device driver usb
[    0.467225] Advanced Linux Sound Architecture Driver Version 1.0.23.
[    0.471976] NetLabel: Initializing
[    0.472258] NetLabel:  domain hash size = 128
[    0.472509] NetLabel:  protocols = UNLABELED CIPSOv4
[    0.473502] NetLabel:  unlabeled traffic allowed by default
[    0.475651] DMA-API: preallocated 4096 debug entries
[    0.475975] DMA-API: debugging enabled by kernel config
[    0.476382] Switching to clocksource timer3
[    0.477555] AppArmor: AppArmor Filesystem Enabled
[    0.524992] NET: Registered protocol family 2
[    0.526211] IP route cache hash table entries: 32768 (order: 5, 131072 bytes)
[    0.528859] TCP established hash table entries: 131072 (order: 8, 1048576 bytes)
[    0.533359] TCP bind hash table entries: 65536 (order: 6, 262144 bytes)
[    0.537572] TCP: Hash tables configured (established 131072 bind 65536)
[    0.537995] TCP reno registered
[    0.538331] UDP hash table entries: 512 (order: 1, 8192 bytes)
[    0.538777] UDP-Lite hash table entries: 512 (order: 1, 8192 bytes)
[    0.539976] NET: Registered protocol family 1
[    0.541440] RPC: Registered udp transport module.
[    0.541744] RPC: Registered tcp transport module.
[    0.541986] RPC: Registered tcp NFSv4.1 backchannel transport module.
[    0.544598] Trying to unpack rootfs image as initramfs...
[    0.870674] Freeing initrd memory: 2624K
[    0.872093] PMU: registered new PMU device of type 0
[    0.872868] [KVM] kvm_eventfd: irqfd_module_init
[    0.875462] audit: initializing netlink socket (disabled)
[    0.876336] type=2000 audit(0.730:1): initialized
[    0.880155] highmem bounce pool size: 64 pages
[    0.915683] Installing knfsd (copyright (C) 1996 okir@monad.swb.de).
[    0.917172] JFFS2 version 2.2. (NAND) Â© 2001-2006 Red Hat, Inc.
[    0.920990] JFS: nTxBlock = 7074, nTxLock = 56594
[    0.929942] Btrfs loaded
[    0.930419] msgmni has been set to 1000
[    0.933756] Block layer SCSI generic (bsg) driver version 0.4 loaded (major 253)
[    0.934267] io scheduler noop registered
[    0.934562] io scheduler deadline registered (default)
[    0.936251] clcd-pl11x ct:clcd: PL111 rev2 at 0x10020000
[    0.939670] clcd-pl11x ct:clcd: CT-CA9X4 hardware, XVGA display
[    0.943087] v2m_cfg_write: writing 03c8eee0 to 00110001
[    0.968624] v2m_cfg_write: writing 00000000 to 00710000
[    0.968691] v2m_cfg_write: writing 00000002 to 00b10000
[    0.986668] Console: switching to colour frame buffer device 128x48
[    1.040652] brd: module loaded
[    1.048774] armflash-0: Found 1 x32 devices at 0x0 in 32-bit bank. Manufacturer ID 0x000000 Chip ID 0x000000
[    1.049938] Intel/Sharp Extended Query Table at 0x0031
[    1.050923] Using buffer write method
[    1.053856] armflash-1: Found 1 x32 devices at 0x0 in 32-bit bank. Manufacturer ID 0x000000 Chip ID 0x000000
[    1.054650] Intel/Sharp Extended Query Table at 0x0031
[    1.055406] Using buffer write method
[    1.055716] Concatenating MTD devices:
[    1.055953] (0): "armflash-0"
[    1.056136] (1): "armflash-1"
[    1.056284] into device "armflash"
 modprobe: FATAL: Could not load /lib/modules/2.6.38.7/modules.dep: No such file or directory

[    1.114205] RedBoot partition parsing not available
 modprobe: FATAL: Could not load /lib/modules/2.6.38.7/modules.dep: No such file or directory

[    1.145103] afs partition parsing not available
[    1.146116] PPP generic driver version 2.4.2
[    1.147508] tun: Universal TUN/TAP device driver, 1.6
[    1.147828] tun: (C) 1999-2004 Max Krasnyansky <maxk@qualcomm.com>
[    1.149760] smsc911x: Driver version 2008-10-21.
[    1.178441] smsc911x-mdio: probed
[    1.179199] eth0: attached PHY driver [Generic PHY] (mii_bus:phy_addr=ffffffff:01, irq=-1)
[    1.180565] net eth0: MAC Address: 52:54:00:12:34:56
[    1.181293] usbmon: debugfs is not available
[    1.182241] isp1760 isp1760: NXP ISP1760 USB Host Controller
[    1.182766] isp1760 isp1760: new USB bus registered, assigned bus number 1
[    1.183553] isp1760 isp1760: Scratch test failed.
[    1.183832] isp1760 isp1760: can't setup
[    1.184165] isp1760 isp1760: USB bus 1 deregistered
[    1.184594] isp1760: Failed to register the HCD device
[    1.189192] mousedev: PS/2 mouse device common for all mice
[    1.193372] rtc-pl031 mb:rtc: rtc core: registered pl031 as rtc0
[    1.195471] device-mapper: uevent: version 1.0.3
[    1.197253] device-mapper: ioctl: 4.19.1-ioctl (2011-01-07) initialised: dm-devel@redhat.com
[    1.198486] device-mapper: multipath: version 1.2.0 loaded
[    1.198963] device-mapper: multipath round-robin: version 1.0.0 loaded
[    1.201284] mmci-pl18x mb:mmci: mmc0: PL181 manf 41 rev0 at 0x10005000 irq 41,42 (pio)
ALSA lib pcm_dmix.c:1018:(snd_pcm_dmix_open) unable to open slave
alsa: Could not initialize DAC
alsa: Failed to open `default':
alsa: Reason: No such file or directory
ALSA lib pcm_dmix.c:1018:(snd_pcm_dmix_open) unable to open slave
alsa: Could not initialize DAC
alsa: Failed to open `default':
alsa: Reason: No such file or directory
audio: Failed to create voice `lm4549.out'
ALSA lib pcm_dmix.c:1018:(snd_pcm_dmix_open) unable to open slave
alsa: Could not initialize DAC
alsa: Failed to open `default':
alsa: Reason: No such file or directory
ALSA lib pcm_dmix.c:1018:(snd_pcm_dmix_open) unable to open slave
alsa: Could not initialize DAC
alsa: Failed to open `default':
alsa: Reason: No such file or directory
audio: Failed to create voice `lm4549.out'
ALSA lib pcm_dmix.c:1018:(snd_pcm_dmix_open) unable to open slave
alsa: Could not initialize DAC
alsa: Failed to open `default':
alsa: Reason: No such file or directory
ALSA lib pcm_dmix.c:1018:(snd_pcm_dmix_open) unable to open slave
alsa: Could not initialize DAC
alsa: Failed to open `default':
alsa: Reason: No such file or directory
audio: Failed to create voice `lm4549.out'
ALSA lib pcm_dmix.c:1018:(snd_pcm_dmix_open) unable to open slave
alsa: Could not initialize DAC
alsa: Failed to open `default':
alsa: Reason: No such file or directory
ALSA lib pcm_dmix.c:1018:(snd_pcm_dmix_open) unable to open slave
alsa: Could not initialize DAC
alsa: Failed to open `default':
alsa: Reason: No such file or directory
audio: Failed to create voice `lm4549.out'
ALSA lib pcm_dmix.c:1018:(snd_pcm_dmix_open) unable to open slave
alsa: Could not initialize DAC
alsa: Failed to open `default':
alsa: Reason: No such file or directory
ALSA lib pcm_dmix.c:1018:(snd_pcm_dmix_open) unable to open slave
alsa: Could not initialize DAC
alsa: Failed to open `default':
alsa: Reason: No such file or directory
audio: Failed to create voice `lm4549.out'
ALSA lib pcm_dmix.c:1018:(snd_pcm_dmix_open) unable to open slave
alsa: Could not initialize DAC
alsa: Failed to open `default':
alsa: Reason: No such file or directory
ALSA lib pcm_dmix.c:1018:(snd_pcm_dmix_open) unable to open slave
alsa: Could not initialize DAC
alsa: Failed to open `default':
alsa: Reason: No such file or directory
audio: Failed to create voice `lm4549.out'
ALSA lib pcm_dmix.c:1018:(snd_pcm_dmix_open) unable to open slave
alsa: Could not initialize DAC
alsa: Failed to open `default':
alsa: Reason: No such file or directory
ALSA lib pcm_dmix.c:1018:(snd_pcm_dmix_open) unable to open slave
alsa: Could not initialize DAC
alsa: Failed to open `default':
alsa: Reason: No such file or directory
audio: Failed to create voice `lm4549.out'
ALSA lib pcm_dmix.c:1018:(snd_pcm_dmix_open) unable to open slave
alsa: Could not initialize DAC
alsa: Failed to open `default':
alsa: Reason: No such file or directory
ALSA lib pcm_dmix.c:1018:(snd_pcm_dmix_open) unable to open slave
alsa: Could not initialize DAC
alsa: Failed to open `default':
alsa: Reason: No such file or directory
audio: Failed to create voice `lm4549.out'
ALSA lib pcm_dmix.c:1018:(snd_pcm_dmix_open) unable to open slave
alsa: Could not initialize DAC
alsa: Failed to open `default':
alsa: Reason: No such file or directory
ALSA lib pcm_dmix.c:1018:(snd_pcm_dmix_open) unable to open slave
alsa: Could not initialize DAC
alsa: Failed to open `default':
alsa: Reason: No such file or directory
audio: Failed to create voice `lm4549.out'
[    1.240046] aaci-pl041 mb:aaci: ARM AC'97 Interface PL041 rev0 at 0x10004000, irq 43
[    1.240494] aaci-pl041 mb:aaci: FIFO 512 entries
[    1.249590] mmc0: host does not support reading read-only switch. assuming write-enable.
[    1.250456] mmc0: new SDHC card at address 4567
[    1.251587] ALSA device list:
[    1.251817]   #0: ARM AC'97 Interface PL041 rev0 at 0x10004000, irq 43
[    1.253997] nf_conntrack version 0.5.0 (14148 buckets, 56592 max)
[    1.255540] mmcblk0: mmc0:4567 QEMU! 3.00 GiB 
[    1.258765] ip_tables: (C) 2000-2006 Netfilter Core Team
[    1.260465] arp_tables: (C) 2002 David S. Miller
[    1.260954] TCP cubic registered
[    1.261157] NET: Registered protocol family 17
[    1.261701] Bridge firewalling registered
[    1.262077] Ebtables v2.0 registered
[    1.262781] VFP support v0.3: implementor 41 architecture 3 part 30 variant 9 rev 0
[    1.294487] input: AT Raw Set 2 keyboard as /devices/mb:kmi0/serio0/input/input0
[    1.296625]  mmcblk0: p1 p2
[    1.311175] rtc-pl031 mb:rtc: setting system clock to 2013-04-25 01:52:15 UTC (1366854735)
 [    1.315009] Freeing init memory: 152K
[    1.504100] input: ImExPS/2 Generic Explorer Mouse as /devices/mb:kmi1/serio1/input/input1
Loading, please wait...
[    1.935490] udev[521]: starting version 167
Begin: Loading essential drivers ... done.
Begin: Running /scripts/init-premount ... done.
Begin: Mounting root file system ... Begin: Running /scripts/local-top ... done.
Begin: Running /scripts/local-premount ... done.
FATAL: Could not load /lib/modules/2.6.38.7/modules.dep: No such file or directory
[    4.649759] EXT4-fs (mmcblk0p2): warning: maximal mount count reached, running e2fsck is recommended
[    4.655062] EXT4-fs (mmcblk0p2): recovery complete
[    4.660002] EXT4-fs (mmcblk0p2): mounted filesystem with ordered data mode. Opts: (null)
Begin: Running /scripts/local-bottom ... done.
done.
Begin: Running /scripts/init-bottom ... done.
 [   11.482243] udev[663]: starting version 167
modprobe: FATAL: Could not load /lib/modules/2.6.38.7/modules.dep: No such file or directory

init: ureadahead main process (597) terminated with status 5
[   14.889383] net eth0: SMSC911x/921x identified at 0xe8cc0000, IRQ: 47
[   17.587532] device: 'vcs5': device_add
[   17.589757] PM: Adding info for No Bus:vcs5
[   17.591141] device: 'vcsa5': device_add
[   17.591358] PM: Adding info for No Bus:vcsa5
[   17.611693] device: 'vcs4': device_add
[   17.612078] PM: Adding info for No Bus:vcs4
[   17.612247] device: 'vcsa4': device_add
[   17.612462] PM: Adding info for No Bus:vcsa4
[   17.752706] device: 'vcs2': device_add
[   17.753010] PM: Adding info for No Bus:vcs2
[   17.753131] device: 'vcsa2': device_add
[   17.753356] PM: Adding info for No Bus:vcsa2

[   17.814386] device: 'vcs3': device_add
[   17.814736] PM: Adding info for No Bus:vcs3
[   17.814840] device: 'vcsa3': device_add
[   17.815052] PM: Adding info for No Bus:vcsa3
[   17.897252] device: 'vcs6': device_add
[   17.897564] PM: Adding info for No Bus:vcs6
[   17.897687] device: 'vcsa6': device_add
[   17.897905] PM: Adding info for No Bus:vcsa6
[   17.939736] device: 'virbr0': device_add
[   17.940587] PM: Adding info for No Bus:virbr0
FATAL: Could not load /lib/modules/2.6.38.7/modules.dep: No such file or directory
 * Exporting directories for NFS kernel daemon...       [80G Last login: Thu Apr 25 09:34:04 CST 2013 from 192.168.101.1 on pts/3
[74G[ OK ]
Welcome to Ubuntu Natty (development branch) (GNU/Linux 2.6.38.7 armv7l)

 * Documentation:  http://www.linaro.org
 * Starting NFS kernel daemon       [80G [74G[ OK ]
root@linaro:~# linaro start up!
ssh root@192.168.101.2
root@192.168.101.2's password: 
Welcome to Ubuntu Natty (development branch) (GNU/Linux 2.6.38.7 armv7l)

 * Documentation:  http://www.linaro.org
Last login: Thu Apr 25 09:52:38 2013
root@linaro:~# scp root@192.168.101.1:~/file_transfer.sh . 
root@192.168.101.1's password: 
file_transfer.sh                                0%    0     0.0KB/s   --:-- ETAfile_transfer.sh                              100% 3560     3.5KB/s   00:00    
root@linaro:~# scp root@192.168.101.1:~/memTest . 
root@192.168.101.1's password: 
memTest                                         0%    0     0.0KB/s   --:-- ETAmemTest                                       100% 5697     5.6KB/s   00:00    
root@linaro:~# scp -r root@192.168.101.1:~/Config/0100/* /root/kvm/ 
root@192.168.101.1's password: 
0100                                          100%    0     0.0KB/s   00:00    
start1.sh                                       0%    0     0.0KB/s   --:-- ETAstart1.sh                                     100%  663     0.7KB/s   00:00    
start3.sh                                       0%    0     0.0KB/s   --:-- ETAstart3.sh                                     100%  664     0.7KB/s   00:00    
start4.sh                                       0%    0     0.0KB/s   --:-- ETAstart4.sh                                     100%  664     0.7KB/s   00:00    
root@linaro:~# cd /root/kvm
root@linaro:~/kvm# insmod /root/kvm/kvm.ko
root@linaro:~/kvm# chmod +x start1.sh
root@linaro:~/kvm# ./start1.sh
  *** TAP MAC 22:54:00:12:34:01
   ***  idstr ram
   ***  idstr cpu
   ***  idstr sharedpage
   ***  idstr vectors
map addr 0x4d3d3c
   ***  idstr virtio-net
   ***  idstr virtio-console
Warning: more nics requested than this machine supports; some have been ignored
Linux version 2.6.35 (alexey@66-A00327-01) (gcc version 4.4.1 (Sourcery G++ Lite 2010q1-202) ) #3 Thu Jan 10 10:29:34 CST 2013
CPU: ARMv6-compatible processor [0007b000] revision 0 (ARMv6TEJ), cr=00000000
CPU: VIPT nonaliasing data cache, VIPT nonaliasing instruction cache
Machine: KVM-ARM guest OS (realview EB target)
Memory policy: ECC disabled, Data cache writeback
Built 1 zonelists in Zone order, mobility grouping on.  Total pages: 16256
Kernel command line: root=/dev/nfs rw  nfsroot=192.168.20.1:/root/rootfs/debian,hard ip=192.168.20.2::192.168.20.1:255.255.255.0:vm1:eth0:off clocksource=pit console=hvc0
PID hash table entries: 256 (order: -2, 1024 bytes)
Dentry cache hash table entries: 8192 (order: 3, 32768 bytes)
Inode-cache hash table entries: 4096 (order: 2, 16384 bytes)
Memory: 64MB = 64MB total
Memory: 60164k/60164k available, 5372k reserved, 0K highmem
Virtual kernel memory layout:
    vector  : 0xffff0000 - 0xffff1000   (   4 kB)
    fixmap  : 0xfff00000 - 0xfffe0000   ( 896 kB)
    DMA     : 0xffc00000 - 0xffe00000   (   2 MB)
    vmalloc : 0xc4800000 - 0xf8000000   ( 824 MB)
    lowmem  : 0xc0000000 - 0xc4000000   (  64 MB)
    modules : 0xbf000000 - 0xc0000000   (  16 MB)
      .init : 0xc0008000 - 0xc001f000   (  92 kB)
      .text : 0xc001f000 - 0xc026a000   (2348 kB)
      .data : 0xc027e000 - 0xc0296fe0   ( 100 kB)
Hierarchical RCU implementation.
	RCU-based detection of stalled CPUs is disabled.
	Verbose stalled-CPUs detection is disabled.
NR_IRQS:228
Console: colour dummy device 80x30
console [hvc0] enabled
Calibrating delay loop... 638.97 BogoMIPS (lpj=3194880)
pid_max: default: 32768 minimum: 301
Mount-cache hash table entries: 512
CPU: Testing write buffer coherency: ok
NET: Registered protocol family 16
bio: create slab <bio-0> at 0
NET: Registered protocol family 2
IP route cache hash table entries: 1024 (order: 0, 4096 bytes)
TCP established hash table entries: 2048 (order: 2, 16384 bytes)
TCP bind hash table entries: 2048 (order: 1, 8192 bytes)
TCP: Hash tables configured (established 2048 bind 2048)
TCP reno registered
UDP hash table entries: 256 (order: 0, 4096 bytes)
UDP-Lite hash table entries: 256 (order: 0, 4096 bytes)
NET: Registered protocol family 1
RPC: Registered udp transport module.
RPC: Registered tcp transport module.
RPC: Registered tcp NFSv4.1 backchannel transport module.
msgmni has been set to 117
io scheduler noop registered
io scheduler deadline registered (default)
virtio-mmio virtio-mmio.2: Wrong magic value 0x00000000!
TCP cubic registered
NET: Registered protocol family 17
IP-Config: Complete:
     device=eth0, addr=192.168.20.2, mask=255.255.255.0, gw=192.168.20.1,
     host=vm1, domain=, nis-domain=(none),
     bootserver=255.255.255.255, rootserver=192.168.20.1, rootpath=
Looking up port of RPC 100003/2 on 192.168.20.1
Looking up port of RPC 100005/1 on 192.168.20.1
VFS: Mounted root (nfs filesystem) on device 0:10.
Freeing init memory: 92K
modprobe: FATAL: Could not load /lib/modules/2.6.35/modules.dep: No such file or directory

INIT: version 2.88 booting
root@vm1:/# echo $HOSTNAME
vm1
root@vm1:/# /etc/init.d/ssh start
Starting OpenBSD Secure Shell server: sshdmodprobe: FATAL: Could not load /lib/modules/2.6.35/modules.dep: No such file or directory

modprobe: FATAL: Could not load /lib/modules/2.6.35/modules.dep: No such file or directory

.
root@vm1:/# mount /dev/pssh root@192.168.101.2
root@192.168.101.2's password: 
Welcome to Ubuntu Natty (development branch) (GNU/Linux 2.6.38.7 armv7l)

 * Documentation:  http://www.linaro.org
Last login: Thu Apr 25 09:52:49 2013 from 192.168.101.1
root@linaro:~# cd kvm
root@linaro:~/kvm# chmod +x start3.sh
root@linaro:~/kvm# ./start3.sh
  *** TAP MAC 22:54:00:12:34:01
   ***  idstr ram
   ***  idstr cpu
   ***  idstr sharedpage
   ***  idstr vectors
map addr 0x4d3d3c
   ***  idstr virtio-net
   ***  idstr virtio-console
Warning: more nics requested than this machine supports; some have been ignored
Linux version 2.6.35 (alexey@66-A00327-01) (gcc version 4.4.1 (Sourcery G++ Lite 2010q1-202) ) #3 Thu Jan 10 10:29:34 CST 2013
CPU: ARMv6-compatible processor [0007b000] revision 0 (ARMv6TEJ), cr=00000000
CPU: VIPT nonaliasing data cache, VIPT nonaliasing instruction cache
Machine: KVM-ARM guest OS (realview EB target)
Memory policy: ECC disabled, Data cache writeback
Built 1 zonelists in Zone order, mobility grouping on.  Total pages: 16256
Kernel command line: root=/dev/nfs rw  nfsroot=192.168.20.1:/root/rootfs/debian,hard ip=192.168.20.4::192.168.20.1:255.255.255.0:vm3:eth0:off clocksource=pit console=hvc0
PID hash table entries: 256 (order: -2, 1024 bytes)
Dentry cache hash table entries: 8192 (order: 3, 32768 bytes)
Inode-cache hash table entries: 4096 (order: 2, 16384 bytes)
Memory: 64MB = 64MB total
Memory: 60164k/60164k available, 5372k reserved, 0K highmem
Virtual kernel memory layout:
    vector  : 0xffff0000 - 0xffff1000   (   4 kB)
    fixmap  : 0xfff00000 - 0xfffe0000   ( 896 kB)
    DMA     : 0xffc00000 - 0xffe00000   (   2 MB)
    vmalloc : 0xc4800000 - 0xf8000000   ( 824 MB)
    lowmem  : 0xc0000000 - 0xc4000000   (  64 MB)
    modules : 0xbf000000 - 0xc0000000   (  16 MB)
      .init : 0xc0008000 - 0xc001f000   (  92 kB)
      .text : 0xc001f000 - 0xc026a000   (2348 kB)
      .data : 0xc027e000 - 0xc0296fe0   ( 100 kB)
Hierarchical RCU implementation.
	RCU-based detection of stalled CPUs is disabled.
	Verbose stalled-CPUs detection is disabled.
NR_IRQS:228
Console: colour dummy device 80x30
console [hvc0] enabled
Calibrating delay loop... 1019.08 BogoMIPS (lpj=5095424)
pid_max: default: 32768 minimum: 301
Mount-cache hash table entries: 512
CPU: Testing write buffer coherency: ok
NET: Registered protocol family 16
bio: create slab <bio-0> at 0
NET: Registered protocol family 2
IP route cache hash table entries: 1024 (order: 0, 4096 bytes)
TCP established hash table entries: 2048 (order: 2, 16384 bytes)
TCP bind hash table entries: 2048 (order: 1, 8192 bytes)
TCP: Hash tables configured (established 2048 bind 2048)
TCP reno registered
UDP hash table entries: 256 (order: 0, 4096 bytes)
UDP-Lite hash table entries: 256 (order: 0, 4096 bytes)
NET: Registered protocol family 1
RPC: Registered udp transport module.
RPC: Registered tcp transport module.
RPC: Registered tcp NFSv4.1 backchannel transport module.
msgmni has been set to 117
io scheduler noop registered
io scheduler deadline registered (default)
virtio-mmio virtio-mmio.2: Wrong magic value 0x00000000!
TCP cubic registered
NET: Registered protocol family 17
IP-Config: Complete:
     device=eth0, addr=192.168.20.4, mask=255.255.255.0, gw=192.168.20.1,
     host=vm3, domain=, nis-domain=(none),
     bootserver=255.255.255.255, rootserver=192.168.20.1, rootpath=
Looking up port of RPC 100003/2 on 192.168.20.1
Looking up port of RPC 100005/1 on 192.168.20.1
VFS: Mounted root (nfs filesystem) on device 0:10.
Freeing init memory: 92K
modprobe: FATAL: Could not load /lib/modules/2.6.35/modules.dep: No such file or directory

INIT: version 2.88 booting
root@vm3:/# /etc/init.d/ssh start
unt /dev/pts
Starting OpenBSD Secure Shell server: sshdmodprobe: FATAL: Could not load /lib/modules/2.6.35/modules.dep: No such file or directory

modprobe: FATAL: Could not load /lib/modules/2.6.35/modules.dep: No such file or directory

.
root@vm3:/# mount /dev/pts
echo $HOSTNAME
root@vm3:/# echo $HOSTssh root@192.168.101.2
root@192.168.101.2's password: 
Welcome to Ubuntu Natty (development branch) (GNU/Linux 2.6.38.7 armv7l)

 * Documentation:  http://www.linaro.org
Last login: Thu Apr 25 09:53:41 2013 from 192.168.101.1
root@linaro:~# 
root@linaro:~# scp ~/memTest root@192.168.20.2:/root/memTest
memTest                                         0%    0     0.0KB/s   --:-- ETAmemTest                                       100% 5697     5.6KB/s   00:00    
root@linaro:~# 
root@linaro:~# ssh root@192.168.20.2 '/root/memTest'
ssh root@192.168.101.2
root@192.168.101.2's password: 
Welcome to Ubuntu Natty (development branch) (GNU/Linux 2.6.38.7 armv7l)

 * Documentation:  http://www.linaro.org
Last login: Thu Apr 25 09:54:03 2013 from 192.168.101.1
root@linaro:~# 
root@linaro:~# scp ~/memTest root@192.168.20.4:/root/memTest
memTest                                         0%    0     0.0KB/s   --:-- ETAmemTest                                       100% 5697     5.6KB/s   00:00    
root@linaro:~# 
root@linaro:~# ssh root@192.168.20.4 '/root/memTest'
ssh root@192.168.101.2
root@192.168.101.2's password: 
Welcome to Ubuntu Natty (development branch) (GNU/Linux 2.6.38.7 armv7l)

 * Documentation:  http://www.linaro.org
Last login: Thu Apr 25 09:55:08 2013 from 192.168.101.1
root@linaro:~# chmod +x file_transfer.sh
root@linaro:~# ./file_transfer.sh 10 5 IOV 0100 3 
Loop	Elapsed time(seconds)	MD5 comparison result	Size comparison result
10+0 records in
10+0 records out
10485760 bytes (10 MB) copied, 2.67001 s, 3.9 MB/s
Copy random_file from Host to Guest VM1
